
> singh-academy@60.14.1 verify:release
> node scripts/release-check.mjs

Runtime policy PASS: Node 22.16.0; project 60.14.1; accepted 22.x || 24.x.
This only validates the runtime policy and manifest consistency, not application compatibility.

=== Install locked dependencies ===

> singh-academy@60.14.1 install:all
> node scripts/install.mjs

backend: resolving approved Sharp 0.35.5 security update with npm. Other package versions must remain unchanged.
npm error code EAI_AGAIN
npm error syscall getaddrinfo
npm error errno EAI_AGAIN
npm error request to https://registry.npmjs.org/bcryptjs failed, reason: getaddrinfo EAI_AGAIN registry.npmjs.org
npm error A complete log of this run can be found in: /home/oai/.npm/_logs/2026-10-06T15_58_34_440Z-debug-0.log
file:///mnt/data/v60141_work/SINGH-ACADEMY-V60.14.1-COMPLETE/scripts/commands.mjs:5
 if(result.error)throw result.error;if(result.status!==0)throw new Error(`npm ${args.join(' ')} failed (${result.status??'not started'}). Stop and resolve this error before deployment.`);
                                                               ^

Error: npm install --package-lock-only --ignore-scripts --no-audit --no-fund --include=dev --include=optional failed (1). Stop and resolve this error before deployment.
    at runNpm (file:///mnt/data/v60141_work/SINGH-ACADEMY-V60.14.1-COMPLETE/scripts/commands.mjs:5:64)
    at refreshSecurityLocks (file:///mnt/data/v60141_work/SINGH-ACADEMY-V60.14.1-COMPLETE/scripts/refresh-security-locks.mjs:44:7)
    at file:///mnt/data/v60141_work/SINGH-ACADEMY-V60.14.1-COMPLETE/scripts/install.mjs:11:1
    at ModuleJob.run (node:internal/modules/esm/module_job:274:25)
    at async onImport.tracePromise.__proto__ (node:internal/modules/esm/loader:644:26)
    at async asyncRunEntryPointWithESMLoader (node:internal/modules/run_main:117:5)

Node.js v22.16.0
npm run install:all failed (1). Stop and resolve this error before deployment.
Check report: qa/release-checks.json
