
> singh-academy@60.11.1 test:reliability
> node --test frontend/test/*.test.mjs

TAP version 13
# Subtest: API defaults to same-origin /api instead of a visitor localhost
ok 1 - API defaults to same-origin /api instead of a visitor localhost
  ---
  duration_ms: 260.677266
  type: 'test'
  ...
# Subtest: transient GET failure retries once without expiring session
ok 2 - transient GET failure retries once without expiring session
  ---
  duration_ms: 603.833525
  type: 'test'
  ...
# Subtest: long Retry-After is respected without hammering the backend
ok 3 - long Retry-After is respected without hammering the backend
  ---
  duration_ms: 65.270888
  type: 'test'
  ...
# Subtest: only recognized SESSION_REQUIRED requests a session recheck
ok 4 - only recognized SESSION_REQUIRED requests a session recheck
  ---
  duration_ms: 45.307289
  type: 'test'
  ...
# Subtest: provider/password 401 does not clear the student session
ok 5 - provider/password 401 does not clear the student session
  ---
  duration_ms: 35.792553
  type: 'test'
  ...
# Subtest: mutating checkout is never automatically retried
ok 6 - mutating checkout is never automatically retried
  ---
  duration_ms: 39.517919
  type: 'test'
  ...
# Subtest: shared public request survives one subscriber abort
ok 7 - shared public request survives one subscriber abort
  ---
  duration_ms: 36.544457
  type: 'test'
  ...
# Subtest: only public data is reused; private progress is read per request
ok 8 - only public data is reused; private progress is read per request
  ---
  duration_ms: 34.393663
  type: 'test'
  ...
# Subtest: caller cancellation remains AbortError, not a fabricated timeout
ok 9 - caller cancellation remains AbortError, not a fabricated timeout
  ---
  duration_ms: 35.885942
  type: 'test'
  ...
# Subtest: stale 401 from before a new login cannot invalidate that account
ok 10 - stale 401 from before a new login cannot invalidate that account
  ---
  duration_ms: 33.458184
  type: 'test'
  ...
# Subtest: login-only catalog and private requests both include HttpOnly cookies
ok 11 - login-only catalog and private requests both include HttpOnly cookies
  ---
  duration_ms: 33.633455
  type: 'test'
  ...
# Subtest: invalid upstream HTML is not converted into empty JSON success
ok 12 - invalid upstream HTML is not converted into empty JSON success
  ---
  duration_ms: 461.838803
  type: 'test'
  ...
# Subtest: successful logout fences cached session replies across reloads until credentials login
ok 13 - successful logout fences cached session replies across reloads until credentials login
  ---
  duration_ms: 28.829401
  type: 'test'
  ...
# Subtest: late successful private response from before logout cannot expose old billing
ok 14 - late successful private response from before logout cannot expose old billing
  ---
  duration_ms: 64.862999
  type: 'test'
  ...
# Subtest: logout waits for an older credentials Set-Cookie before revoking it and never delivers the stale user
ok 15 - logout waits for an older credentials Set-Cookie before revoking it and never delivers the stale user
  ---
  duration_ms: 27.948537
  type: 'test'
  ...
# Subtest: logout fence does not hide public reviews or public payment methods
ok 16 - logout fence does not hide public reviews or public payment methods
  ---
  duration_ms: 28.811078
  type: 'test'
  ...
# Subtest: failed explicit logout does not restore browser identity and can be retried
ok 17 - failed explicit logout does not restore browser identity and can be retried
  ---
  duration_ms: 68.124249
  type: 'test'
  ...
# Subtest: explicit new login waits for pending logout cookie expiration before it sends credentials
ok 18 - explicit new login waits for pending logout cookie expiration before it sends credentials
  ---
  duration_ms: 26.770238
  type: 'test'
  ...
# Subtest: simultaneous logout clicks share a single revocation request
ok 19 - simultaneous logout clicks share a single revocation request
  ---
  duration_ms: 37.024825
  type: 'test'
  ...
# Subtest: catalog memoization is portal-specific even with an explicit portal header
ok 20 - catalog memoization is portal-specific even with an explicit portal header
  ---
  duration_ms: 24.333802
  type: 'test'
  ...
# Subtest: logout drops the catalog snapshot instead of exposing cached content after sign-out
ok 21 - logout drops the catalog snapshot instead of exposing cached content after sign-out
  ---
  duration_ms: 24.280027
  type: 'test'
  ...
# Subtest: late catalog response from before logout cannot repopulate a new session cache
ok 22 - late catalog response from before logout cannot repopulate a new session cache
  ---
  duration_ms: 40.358725
  type: 'test'
  ...
# Subtest: invalid login response cannot clear explicit logout fence: {"success":true}
ok 23 - invalid login response cannot clear explicit logout fence: {"success":true}
  ---
  duration_ms: 26.237864
  type: 'test'
  ...
# Subtest: invalid login response cannot clear explicit logout fence: {"success":true,"user":{"id":"student-a"}}
ok 24 - invalid login response cannot clear explicit logout fence: {"success":true,"user":{"id":"student-a"}}
  ---
  duration_ms: 30.087895
  type: 'test'
  ...
# Subtest: invalid login response cannot clear explicit logout fence: {"success":true,"user":{"id":"admin-a","role":"client_admin"}}
ok 25 - invalid login response cannot clear explicit logout fence: {"success":true,"user":{"id":"admin-a","role":"client_admin"}}
  ---
  duration_ms: 22.486703
  type: 'test'
  ...
# Subtest: invalid login response cannot clear explicit logout fence: {"success":true,"user":{"role":"student"}}
ok 26 - invalid login response cannot clear explicit logout fence: {"success":true,"user":{"role":"student"}}
  ---
  duration_ms: 25.981226
  type: 'test'
  ...
# Subtest: invalid login response cannot clear explicit logout fence: {"user":{"id":"student-a","role":"student"}}
ok 27 - invalid login response cannot clear explicit logout fence: {"user":{"id":"student-a","role":"student"}}
  ---
  duration_ms: 23.6133
  type: 'test'
  ...
# Subtest: verified student remains signed in after transient session 503
ok 28 - verified student remains signed in after transient session 503
  ---
  duration_ms: 213.255723
  type: 'test'
  ...
# Subtest: initial session failure stays unresolved rather than redirecting as an anonymous user
ok 29 - initial session failure stays unresolved rather than redirecting as an anonymous user
  ---
  duration_ms: 87.706516
  type: 'test'
  ...
# Subtest: identical session refresh preserves user object identity and therefore learning draft dependencies
ok 30 - identical session refresh preserves user object identity and therefore learning draft dependencies
  ---
  duration_ms: 72.755415
  type: 'test'
  ...
# Subtest: confirmed anonymous session actually clears expired authentication
ok 31 - confirmed anonymous session actually clears expired authentication
  ---
  duration_ms: 74.135924
  type: 'test'
  ...
# Subtest: old anonymous response cannot overwrite a later successful login
ok 32 - old anonymous response cannot overwrite a later successful login
  ---
  duration_ms: 55.507401
  type: 'test'
  ...
# Subtest: failed explicit logout hides local identity and reports that server revocation needs retry
ok 33 - failed explicit logout hides local identity and reports that server revocation needs retry
  ---
  duration_ms: 29.891705
  type: 'test'
  ...
# Subtest: switching portals never reuses a student identity for client admin
ok 34 - switching portals never reuses a student identity for client admin
  ---
  duration_ms: 38.133714
  type: 'test'
  ...
# Subtest: changing accounts updates identity without remounting the whole root hydration tree
ok 35 - changing accounts updates identity without remounting the whole root hydration tree
  ---
  duration_ms: 28.23944
  type: 'test'
  ...
# Subtest: duplicate unauthorized notifications share one session revalidation
ok 36 - duplicate unauthorized notifications share one session revalidation
  ---
  duration_ms: 31.322885
  type: 'test'
  ...
# Subtest: successful logout survives pageshow, focus and manual session refresh
ok 37 - successful logout survives pageshow, focus and manual session refresh
  ---
  duration_ms: 28.838865
  type: 'test'
  ...
# Subtest: old session GET finishing after logout cannot bring the student back
ok 38 - old session GET finishing after logout cannot bring the student back
  ---
  duration_ms: 29.398155
  type: 'test'
  ...
# Subtest: storage logout from another tab clears current account immediately
ok 39 - storage logout from another tab clears current account immediately
  ---
  duration_ms: 36.686563
  type: 'test'
  ...
# Subtest: actual explicit sign-in after logout restores the newly authenticated account
ok 40 - actual explicit sign-in after logout restores the newly authenticated account
  ---
  duration_ms: 30.006663
  type: 'test'
  ...
# Subtest: student logout boundary does not sign out a separately authenticated admin
ok 41 - student logout boundary does not sign out a separately authenticated admin
  ---
  duration_ms: 27.244058
  type: 'test'
  ...
# Subtest: late student logout response cannot replace a separately opened admin session
ok 42 - late student logout response cannot replace a separately opened admin session
  ---
  duration_ms: 19.851174
  type: 'test'
  ...
# Subtest: logout success cannot clear a newer explicitly authenticated identity
ok 43 - logout success cannot clear a newer explicitly authenticated identity
  ---
  duration_ms: 40.016196
  type: 'test'
  ...
# Subtest: server-verified page session bootstraps login without a duplicate initial request
ok 44 - server-verified page session bootstraps login without a duplicate initial request
  ---
  duration_ms: 22.142852
  type: 'test'
  ...
# Subtest: verified bootstrap cannot resurrect identity after explicit logout
ok 45 - verified bootstrap cannot resurrect identity after explicit logout
  ---
  duration_ms: 27.903664
  type: 'test'
  ...
# Subtest: logout coordinates exactly one document replacement to the public landing
ok 46 - logout coordinates exactly one document replacement to the public landing
  ---
  duration_ms: 37.129187
  type: 'test'
  ...
# Subtest: unconfirmed logout response preserves a retry marker and never restores stale identity
ok 47 - unconfirmed logout response preserves a retry marker and never restores stale identity
  ---
  duration_ms: 27.945572
  type: 'test'
  ...
# Subtest: catalog hydration is deterministic then reuses known cached empty data before network completes
ok 48 - catalog hydration is deterministic then reuses known cached empty data before network completes
  ---
  duration_ms: 73.347122
  type: 'test'
  ...
# Subtest: transient catalog refresh failure keeps real previous courses visible
ok 49 - transient catalog refresh failure keeps real previous courses visible
  ---
  duration_ms: 11.977436
  type: 'test'
  ...
# Subtest: catalog background refresh pauses while hidden and offline
ok 50 - catalog background refresh pauses while hidden and offline
  ---
  duration_ms: 14.816414
  type: 'test'
  ...
# Subtest: malformed team/catalog response is an error, not a successful empty library
ok 51 - malformed team/catalog response is an error, not a successful empty library
  ---
  duration_ms: 8.303455
  type: 'test'
  ...
# Subtest: manual retry invalidates only catalog reuse then re-reads
ok 52 - manual retry invalidates only catalog reuse then re-reads
  ---
  duration_ms: 8.612665
  type: 'test'
  ...
# Subtest: pending certificate becomes downloadable status without reloading course/progress
ok 53 - pending certificate becomes downloadable status without reloading course/progress
  ---
  duration_ms: 1.640345
  type: 'test'
  ...
# Subtest: all views of the same certificate share one request and notify both subscribers
ok 54 - all views of the same certificate share one request and notify both subscribers
  ---
  duration_ms: 0.265929
  type: 'test'
  ...
# Subtest: pending interval is bounded at 3 seconds, no immediate recursive polling
ok 55 - pending interval is bounded at 3 seconds, no immediate recursive polling
  ---
  duration_ms: 0.149722
  type: 'test'
  ...
# Subtest: identical status does not trigger redundant component rendering
ok 56 - identical status does not trigger redundant component rendering
  ---
  duration_ms: 0.222096
  type: 'test'
  ...
# Subtest: hidden/offline document does not poll and visibility wake resumes
ok 57 - hidden/offline document does not poll and visibility wake resumes
  ---
  duration_ms: 0.251305
  type: 'test'
  ...
# Subtest: in-flight requests never overlap during focus storms
ok 58 - in-flight requests never overlap during focus storms
  ---
  duration_ms: 0.222461
  type: 'test'
  ...
# Subtest: last unmount cancels work and late status cannot update another account
ok 59 - last unmount cancels work and late status cannot update another account
  ---
  duration_ms: 0.20435
  type: 'test'
  ...
# Subtest: unrequested certificate IDs from a malformed response are never merged
ok 60 - unrequested certificate IDs from a malformed response are never merged
  ---
  duration_ms: 0.337651
  type: 'test'
  ...
# Subtest: temporary failure preserves pending record and backs off
ok 61 - temporary failure preserves pending record and backs off
  ---
  duration_ms: 0.790459
  type: 'test'
  ...
# Subtest: status feeds batch at most 100 IDs per backend read
ok 62 - status feeds batch at most 100 IDs per backend read
  ---
  duration_ms: 0.682443
  type: 'test'
  ...
# Subtest: new student watcher does not reuse previous students certificate status
ok 63 - new student watcher does not reuse previous students certificate status
  ---
  duration_ms: 0.261653
  type: 'test'
  ...
# Subtest: local smoke permits HTTP only with explicit flag and two loopback targets
ok 64 - local smoke permits HTTP only with explicit flag and two loopback targets
  ---
  duration_ms: 1.368304
  type: 'test'
  ...
# Subtest: local smoke option cannot downgrade public or LAN targets to HTTP
ok 65 - local smoke option cannot downgrade public or LAN targets to HTTP
  ---
  duration_ms: 0.23532
  type: 'test'
  ...
# Subtest: deployed smoke targets require origin-only URLs without embedded credentials
ok 66 - deployed smoke targets require origin-only URLs without embedded credentials
  ---
  duration_ms: 0.975403
  type: 'test'
  ...
# Subtest: deployment CLI accepts expected anonymous catalog 401 and checks both app releases
ok 67 - deployment CLI accepts expected anonymous catalog 401 and checks both app releases
  ---
  duration_ms: 199.503566
  type: 'test'
  ...
# Subtest: a new API behind an old frontend is detected, not falsely declared ready
ok 68 - a new API behind an old frontend is detected, not falsely declared ready
  ---
  duration_ms: 194.159005
  type: 'test'
  ...
# Subtest: two health version mismatches fail even when HTTP 200
ok 69 - two health version mismatches fail even when HTTP 200
  ---
  duration_ms: 201.919584
  type: 'test'
  ...
# Subtest: unprotected anonymous catalog is a deployment security failure
ok 70 - unprotected anonymous catalog is a deployment security failure
  ---
  duration_ms: 164.184858
  type: 'test'
  ...
# Subtest: public landing summaries are verified, not just static landing HTML
ok 71 - public landing summaries are verified, not just static landing HTML
  ---
  duration_ms: 140.521012
  type: 'test'
  ...
# Subtest: free courses show Start instead of Open/Purchase, even for active members
ok 72 - free courses show Start instead of Open/Purchase, even for active members
  ---
  duration_ms: 0.848567
  type: 'test'
  ...
# Subtest: paid course and membership states keep their existing labels
ok 73 - paid course and membership states keep their existing labels
  ---
  duration_ms: 0.113779
  type: 'test'
  ...
# Subtest: free-course click takes the enrollment path before paid-access or checkout requests
ok 74 - free-course click takes the enrollment path before paid-access or checkout requests
  ---
  duration_ms: 0.279789
  type: 'test'
  ...
# Subtest: YouTube recorded lesson always opens paused at zero https://www.youtube.com/watch?v=abcdefghijk&t=30s
ok 75 - YouTube recorded lesson always opens paused at zero https://www.youtube.com/watch?v=abcdefghijk&t=30s
  ---
  duration_ms: 1.452423
  type: 'test'
  ...
# Subtest: YouTube recorded lesson always opens paused at zero https://youtu.be/abcdefghijk?t=20
ok 76 - YouTube recorded lesson always opens paused at zero https://youtu.be/abcdefghijk?t=20
  ---
  duration_ms: 0.371333
  type: 'test'
  ...
# Subtest: YouTube recorded lesson always opens paused at zero https://www.youtube.com/embed/abcdefghijk?start=35&autoplay=1
ok 77 - YouTube recorded lesson always opens paused at zero https://www.youtube.com/embed/abcdefghijk?start=35&autoplay=1
  ---
  duration_ms: 0.183999
  type: 'test'
  ...
# Subtest: YouTube recorded lesson always opens paused at zero https://youtube.com/shorts/abcdefghijk?feature=share&t=00m30s
ok 78 - YouTube recorded lesson always opens paused at zero https://youtube.com/shorts/abcdefghijk?feature=share&t=00m30s
  ---
  duration_ms: 0.166661
  type: 'test'
  ...
# Subtest: Vimeo keeps unlisted hash but starts at zero https://vimeo.com/123456789/abcdef1234\#t=30s
ok 79 - Vimeo keeps unlisted hash but starts at zero https://vimeo.com/123456789/abcdef1234\#t=30s
  ---
  duration_ms: 0.202349
  type: 'test'
  ...
# Subtest: Vimeo keeps unlisted hash but starts at zero https://player.vimeo.com/video/123456789?h=abcdef1234&autoplay=1\#t=20s
ok 80 - Vimeo keeps unlisted hash but starts at zero https://player.vimeo.com/video/123456789?h=abcdef1234&autoplay=1\#t=20s
  ---
  duration_ms: 0.11955
  type: 'test'
  ...
# Subtest: native video fragment seek is removed while signed query is preserved
ok 81 - native video fragment seek is removed while signed query is preserved
  ---
  duration_ms: 0.166802
  type: 'test'
  ...
# Subtest: unsafe video URL rejected javascript:alert(1)
ok 82 - unsafe video URL rejected javascript:alert(1)
  ---
  duration_ms: 0.081215
  type: 'test'
  ...
# Subtest: unsafe video URL rejected data:video/mp4;base64,ABC
ok 83 - unsafe video URL rejected data:video/mp4;base64,ABC
  ---
  duration_ms: 0.226674
  type: 'test'
  ...
# Subtest: unsafe video URL rejected https://user:pass@videos.example.test/lesson.mp4
ok 84 - unsafe video URL rejected https://user:pass@videos.example.test/lesson.mp4
  ---
  duration_ms: 0.34676
  type: 'test'
  ...
# Subtest: look-alike YouTube host is never trusted as a YouTube iframe
ok 85 - look-alike YouTube host is never trusted as a YouTube iframe
  ---
  duration_ms: 0.155035
  type: 'test'
  ...
# Subtest: Twitch recorded video has one autoplay flag and zero timestamp
ok 86 - Twitch recorded video has one autoplay flag and zero timestamp
  ---
  duration_ms: 0.627337
  type: 'test'
  ...
# Subtest: native player prepares metadata and resets to 0 without autoplay before user input
ok 87 - native player prepares metadata and resets to 0 without autoplay before user input
  ---
  duration_ms: 58.269144
  type: 'test'
  ...
# Subtest: poster prewarms known iframe paused, and Play sends a targeted command without reloading source
ok 88 - poster prewarms known iframe paused, and Play sends a targeted command without reloading source
  ---
  duration_ms: 49.913642
  type: 'test'
  ...
# Subtest: lesson identity is part of main and block player keys
ok 89 - lesson identity is part of main and block player keys
  ---
  duration_ms: 0.269378
  type: 'test'
  ...
# Subtest: only internal GridFS IDs get bounded responsive image URLs
ok 90 - only internal GridFS IDs get bounded responsive image URLs
  ---
  duration_ms: 0.296229
  type: 'test'
  ...
# Subtest: external signed images are not modified during retries
ok 91 - external signed images are not modified during retries
  ---
  duration_ms: 0.071785
  type: 'test'
  ...
# Subtest: broken optimized variant falls back to original image before placeholder
ok 92 - broken optimized variant falls back to original image before placeholder
  ---
  duration_ms: 23.288975
  type: 'test'
  ...
# Subtest: transient original failure retries once, then uses safe placeholder without looping
ok 93 - transient original failure retries once, then uses safe placeholder without looping
  ---
  duration_ms: 18.960565
  type: 'test'
  ...
# Subtest: changing image resets error state and cancels stale retry
ok 94 - changing image resets error state and cancels stale retry
  ---
  duration_ms: 37.337196
  type: 'test'
  ...
# Subtest: direct guest page redirects without exposing content: /home
ok 95 - direct guest page redirects without exposing content: /home
  ---
  duration_ms: 6.138223
  type: 'test'
  ...
# Subtest: direct guest page redirects without exposing content: /about
ok 96 - direct guest page redirects without exposing content: /about
  ---
  duration_ms: 0.542306
  type: 'test'
  ...
# Subtest: direct guest page redirects without exposing content: /courses
ok 97 - direct guest page redirects without exposing content: /courses
  ---
  duration_ms: 0.292769
  type: 'test'
  ...
# Subtest: direct guest page redirects without exposing content: /courses/test
ok 98 - direct guest page redirects without exposing content: /courses/test
  ---
  duration_ms: 0.370144
  type: 'test'
  ...
# Subtest: direct guest page redirects without exposing content: /team
ok 99 - direct guest page redirects without exposing content: /team
  ---
  duration_ms: 0.562814
  type: 'test'
  ...
# Subtest: direct guest page redirects without exposing content: /events
ok 100 - direct guest page redirects without exposing content: /events
  ---
  duration_ms: 0.387232
  type: 'test'
  ...
# Subtest: direct guest page redirects without exposing content: /contact
ok 101 - direct guest page redirects without exposing content: /contact
  ---
  duration_ms: 0.472534
  type: 'test'
  ...
# Subtest: direct guest page redirects without exposing content: /academy
ok 102 - direct guest page redirects without exposing content: /academy
  ---
  duration_ms: 0.326322
  type: 'test'
  ...
# Subtest: direct guest page redirects without exposing content: /reviews
ok 103 - direct guest page redirects without exposing content: /reviews
  ---
  duration_ms: 0.970923
  type: 'test'
  ...
# Subtest: direct guest page redirects without exposing content: /learn/test
ok 104 - direct guest page redirects without exposing content: /learn/test
  ---
  duration_ms: 0.738882
  type: 'test'
  ...
# Subtest: direct guest page redirects without exposing content: /my-course
ok 105 - direct guest page redirects without exposing content: /my-course
  ---
  duration_ms: 0.642748
  type: 'test'
  ...
# Subtest: direct guest page redirects without exposing content: /billing
ok 106 - direct guest page redirects without exposing content: /billing
  ---
  duration_ms: 0.285414
  type: 'test'
  ...
# Subtest: direct guest page redirects without exposing content: /certificates
ok 107 - direct guest page redirects without exposing content: /certificates
  ---
  duration_ms: 0.176186
  type: 'test'
  ...
# Subtest: direct guest page redirects without exposing content: /checkout/return?order=abc
ok 108 - direct guest page redirects without exposing content: /checkout/return?order=abc
  ---
  duration_ms: 0.277893
  type: 'test'
  ...
# Subtest: necessary open route does not require a session: /
ok 109 - necessary open route does not require a session: /
  ---
  duration_ms: 0.28836
  type: 'test'
  ...
# Subtest: necessary open route does not require a session: /connection?next=%2Fabout
ok 110 - necessary open route does not require a session: /connection?next=%2Fabout
  ---
  duration_ms: 0.145324
  type: 'test'
  ...
# Subtest: necessary open route does not require a session: /login
ok 111 - necessary open route does not require a session: /login
  ---
  duration_ms: 0.139891
  type: 'test'
  ...
# Subtest: necessary open route does not require a session: /register
ok 112 - necessary open route does not require a session: /register
  ---
  duration_ms: 0.129715
  type: 'test'
  ...
# Subtest: necessary open route does not require a session: /forgot-password
ok 113 - necessary open route does not require a session: /forgot-password
  ---
  duration_ms: 0.122455
  type: 'test'
  ...
# Subtest: necessary open route does not require a session: /reset-password?token=private
ok 114 - necessary open route does not require a session: /reset-password?token=private
  ---
  duration_ms: 0.118815
  type: 'test'
  ...
# Subtest: necessary open route does not require a session: /terms
ok 115 - necessary open route does not require a session: /terms
  ---
  duration_ms: 0.161677
  type: 'test'
  ...
# Subtest: necessary open route does not require a session: /privacy
ok 116 - necessary open route does not require a session: /privacy
  ---
  duration_ms: 0.126202
  type: 'test'
  ...
# Subtest: necessary open route does not require a session: /admin/login
ok 117 - necessary open route does not require a session: /admin/login
  ---
  duration_ms: 0.129543
  type: 'test'
  ...
# Subtest: necessary open route does not require a session: /super-admin/login
ok 118 - necessary open route does not require a session: /super-admin/login
  ---
  duration_ms: 0.125742
  type: 'test'
  ...
# Subtest: necessary open route does not require a session: /certificates/verify/aaaaaaaaaaaaaaaaaaaaaaaaaaaaaaaaaaaaaaaaaaaaaaaa
ok 119 - necessary open route does not require a session: /certificates/verify/aaaaaaaaaaaaaaaaaaaaaaaaaaaaaaaaaaaaaaaaaaaaaaaa
  ---
  duration_ms: 0.114309
  type: 'test'
  ...
# Subtest: validated same-role session bootstraps student
ok 120 - validated same-role session bootstraps student
  ---
  duration_ms: 3.655789
  type: 'test'
  ...
# Subtest: validated same-role session bootstraps client_admin
ok 121 - validated same-role session bootstraps client_admin
  ---
  duration_ms: 3.970642
  type: 'test'
  ...
# Subtest: validated same-role session bootstraps super_admin
ok 122 - validated same-role session bootstraps super_admin
  ---
  duration_ms: 0.538813
  type: 'test'
  ...
# Subtest: a student cookie never authenticates the admin portal
ok 123 - a student cookie never authenticates the admin portal
  ---
  duration_ms: 1.594879
  type: 'test'
  ...
# Subtest: forged cookie without a valid DB session cannot open About
ok 124 - forged cookie without a valid DB session cannot open About
  ---
  duration_ms: 1.17839
  type: 'test'
  ...
# Subtest: client logout fence blocks document navigation even when an old cookie remains
ok 125 - client logout fence blocks document navigation even when an old cookie remains
  ---
  duration_ms: 0.333975
  type: 'test'
  ...
# Subtest: wrong-role or expired backend session redirects safely: {"success":true,"user":{"id":"super_admin-id","role":"super_admin","name":"Learner","email":"learner@example.invalid"}}
ok 126 - wrong-role or expired backend session redirects safely: {"success":true,"user":{"id":"super_admin-id","role":"super_admin","name":"Learner","email":"learner@example.invalid"}}
  ---
  duration_ms: 0.952783
  type: 'test'
  ...
# Subtest: wrong-role or expired backend session redirects safely: {"success":true,"user":null}
ok 127 - wrong-role or expired backend session redirects safely: {"success":true,"user":null}
  ---
  duration_ms: 5.306626
  type: 'test'
  ...
# Subtest: page auth 500 is unavailable, not a fabricated logout
ok 128 - page auth 500 is unavailable, not a fabricated logout
  ---
  duration_ms: 0.594791
  type: 'test'
  ...
# Subtest: page auth 502 is unavailable, not a fabricated logout
ok 129 - page auth 502 is unavailable, not a fabricated logout
  ---
  duration_ms: 0.308213
  type: 'test'
  ...
# Subtest: page auth 503 is unavailable, not a fabricated logout
ok 130 - page auth 503 is unavailable, not a fabricated logout
  ---
  duration_ms: 0.730505
  type: 'test'
  ...
# Subtest: page auth 504 is unavailable, not a fabricated logout
ok 131 - page auth 504 is unavailable, not a fabricated logout
  ---
  duration_ms: 0.442246
  type: 'test'
  ...
# Subtest: network failure fails closed without rendering protected page
ok 132 - network failure fails closed without rendering protected page
  ---
  duration_ms: 0.419526
  type: 'test'
  ...
# Subtest: incomplete JSON is not an authenticated bootstrap
ok 133 - incomplete JSON is not an authenticated bootstrap
  ---
  duration_ms: 0.590675
  type: 'test'
  ...
# Subtest: middleware strips a browser-supplied verified-session header even on public login
ok 134 - middleware strips a browser-supplied verified-session header even on public login
  ---
  duration_ms: 19.704549
  type: 'test'
  ...
# Subtest: middleware forwards only newly verified safe account snapshot
ok 135 - middleware forwards only newly verified safe account snapshot
  ---
  duration_ms: 15.123198
  type: 'test'
  ...
# Subtest: unavailable page middleware redirects to reconnect without logout or raw RSC HTML
ok 136 - unavailable page middleware redirects to reconnect without logout or raw RSC HTML
  ---
  duration_ms: 11.346809
  type: 'test'
  ...
# Subtest: proxy refuses missing, self-referencing and non-origin upstream settings
ok 137 - proxy refuses missing, self-referencing and non-origin upstream settings
  ---
  duration_ms: 1.573971
  type: 'test'
  ...
# Subtest: proxy resolves target at runtime and forbids upstream redirects
ok 138 - proxy resolves target at runtime and forbids upstream redirects
  ---
  duration_ms: 6.358095
  type: 'test'
  ...
# Subtest: proxy forwards cookies and portal, discards client host/IP spoof headers
ok 139 - proxy forwards cookies and portal, discards client host/IP spoof headers
  ---
  duration_ms: 2.571378
  type: 'test'
  ...
# Subtest: proxy preserves separate Set-Cookie headers, makes Academy cookies host-only, never CDN caches
ok 140 - proxy preserves separate Set-Cookie headers, makes Academy cookies host-only, never CDN caches
  ---
  duration_ms: 2.200146
  type: 'test'
  ...
# Subtest: upstream failure remains error, never successful anonymous session
ok 141 - upstream failure remains error, never successful anonymous session
  ---
  duration_ms: 1.373522
  type: 'test'
  ...
# Subtest: JSON error status passes through with request identity
ok 142 - JSON error status passes through with request identity
  ---
  duration_ms: 1.492706
  type: 'test'
  ...
# Subtest: raw webhook payload streams byte-for-byte through real HTTP upstream
ok 143 - raw webhook payload streams byte-for-byte through real HTTP upstream
  ---
  duration_ms: 42.257041
  type: 'test'
  ...
# Subtest: encoded traversal cannot escape the fixed /api namespace
ok 144 - encoded traversal cannot escape the fixed /api namespace
  ---
  duration_ms: 0.625588
  type: 'test'
  ...
# Subtest: range and binary response metadata survive without buffering/corrupting media
ok 145 - range and binary response metadata survive without buffering/corrupting media
  ---
  duration_ms: 2.404531
  type: 'test'
  ...
# Subtest: loopback HTTP exception is confined to explicit local test requests, not hosted review
ok 146 - loopback HTTP exception is confined to explicit local test requests, not hosted review
  ---
  duration_ms: 0.76923
  type: 'test'
  ...
# Subtest: only backend-proved public catalog image may use private browser cache
ok 147 - only backend-proved public catalog image may use private browser cache
  ---
  duration_ms: 1.043294
  type: 'test'
  ...
# Subtest: private receipt image remains no-store without catalog authorization marker
ok 148 - private receipt image remains no-store without catalog authorization marker
  ---
  duration_ms: 0.495747
  type: 'test'
  ...
# Subtest: public image marker cannot make JSON billing response cacheable
ok 149 - public image marker cannot make JSON billing response cacheable
  ---
  duration_ms: 0.600259
  type: 'test'
  ...
# Subtest: only landing and deliberate exceptions are public
ok 150 - only landing and deliberate exceptions are public
  ---
  duration_ms: 4.277147
  type: 'test'
  ...
# Subtest: destination including query and hash survives login URL encoding
ok 151 - destination including query and hash survives login URL encoding
  ---
  duration_ms: 0.839964
  type: 'test'
  ...
# Subtest: development loopback can reach local API without copied Hostinger env
ok 152 - development loopback can reach local API without copied Hostinger env
  ---
  duration_ms: 0.264241
  type: 'test'
  ...
# Subtest: hosted API origin is never guessed production
ok 153 - hosted API origin is never guessed production
  ---
  duration_ms: 0.511991
  type: 'test'
  ...
# Subtest: hosted API origin is never guessed development
ok 154 - hosted API origin is never guessed development
  ---
  duration_ms: 0.210791
  type: 'test'
  ...
# Subtest: browser and API day count agree: active 2026-10-03T23:59Z
ok 155 - browser and API day count agree: active 2026-10-03T23:59Z
  ---
  duration_ms: 0.814674
  type: 'test'
  ...
# Subtest: browser and API day count agree: active 2026-10-04T00:01Z
ok 156 - browser and API day count agree: active 2026-10-04T00:01Z
  ---
  duration_ms: 0.364755
  type: 'test'
  ...
# Subtest: browser and API day count agree: active 2027-10-03T10:00Z
ok 157 - browser and API day count agree: active 2027-10-03T10:00Z
  ---
  duration_ms: 0.135403
  type: 'test'
  ...
# Subtest: browser and API day count agree: active 2027-10-03T20:31Z
ok 158 - browser and API day count agree: active 2027-10-03T20:31Z
  ---
  duration_ms: 0.359635
  type: 'test'
  ...
# Subtest: browser and API day count agree: cancelled 2026-10-03T23:59Z
ok 159 - browser and API day count agree: cancelled 2026-10-03T23:59Z
  ---
  duration_ms: 0.474174
  type: 'test'
  ...
# Subtest: browser and API day count agree: cancelled 2026-10-04T00:01Z
ok 160 - browser and API day count agree: cancelled 2026-10-04T00:01Z
  ---
  duration_ms: 0.184242
  type: 'test'
  ...
# Subtest: browser and API day count agree: cancelled 2027-10-03T10:00Z
ok 161 - browser and API day count agree: cancelled 2027-10-03T10:00Z
  ---
  duration_ms: 0.091562
  type: 'test'
  ...
# Subtest: browser and API day count agree: cancelled 2027-10-03T20:31Z
ok 162 - browser and API day count agree: cancelled 2027-10-03T20:31Z
  ---
  duration_ms: 0.078537
  type: 'test'
  ...
# Subtest: browser and API day count agree: expired 2026-10-03T23:59Z
ok 163 - browser and API day count agree: expired 2026-10-03T23:59Z
  ---
  duration_ms: 0.10281
  type: 'test'
  ...
# Subtest: browser and API day count agree: expired 2026-10-04T00:01Z
ok 164 - browser and API day count agree: expired 2026-10-04T00:01Z
  ---
  duration_ms: 0.129943
  type: 'test'
  ...
# Subtest: browser and API day count agree: expired 2027-10-03T10:00Z
ok 165 - browser and API day count agree: expired 2027-10-03T10:00Z
  ---
  duration_ms: 0.069672
  type: 'test'
  ...
# Subtest: browser and API day count agree: expired 2027-10-03T20:31Z
ok 166 - browser and API day count agree: expired 2027-10-03T20:31Z
  ---
  duration_ms: 0.151658
  type: 'test'
  ...
# Subtest: browser and API day count agree: past_due 2026-10-03T23:59Z
ok 167 - browser and API day count agree: past_due 2026-10-03T23:59Z
  ---
  duration_ms: 0.065318
  type: 'test'
  ...
# Subtest: browser and API day count agree: past_due 2026-10-04T00:01Z
ok 168 - browser and API day count agree: past_due 2026-10-04T00:01Z
  ---
  duration_ms: 0.056897
  type: 'test'
  ...
# Subtest: browser and API day count agree: past_due 2027-10-03T10:00Z
ok 169 - browser and API day count agree: past_due 2027-10-03T10:00Z
  ---
  duration_ms: 0.053669
  type: 'test'
  ...
# Subtest: browser and API day count agree: past_due 2027-10-03T20:31Z
ok 170 - browser and API day count agree: past_due 2027-10-03T20:31Z
  ---
  duration_ms: 0.067903
  type: 'test'
  ...
# Subtest: browser and API day count agree: unknown 2026-10-03T23:59Z
ok 171 - browser and API day count agree: unknown 2026-10-03T23:59Z
  ---
  duration_ms: 0.072263
  type: 'test'
  ...
# Subtest: browser and API day count agree: unknown 2026-10-04T00:01Z
ok 172 - browser and API day count agree: unknown 2026-10-04T00:01Z
  ---
  duration_ms: 0.056451
  type: 'test'
  ...
# Subtest: browser and API day count agree: unknown 2027-10-03T10:00Z
ok 173 - browser and API day count agree: unknown 2027-10-03T10:00Z
  ---
  duration_ms: 0.054517
  type: 'test'
  ...
# Subtest: browser and API day count agree: unknown 2027-10-03T20:31Z
ok 174 - browser and API day count agree: unknown 2027-10-03T20:31Z
  ---
  duration_ms: 0.052513
  type: 'test'
  ...
# Subtest: checkout key uses cryptographic fallback when randomUUID is unavailable
ok 175 - checkout key uses cryptographic fallback when randomUUID is unavailable
  ---
  duration_ms: 0.258097
  type: 'test'
  ...
# Subtest: checkout refuses an insecure randomness fallback
ok 176 - checkout refuses an insecure randomness fallback
  ---
  duration_ms: 0.290992
  type: 'test'
  ...
# Subtest: approved hosted checkout URL stripe
ok 177 - approved hosted checkout URL stripe
  ---
  duration_ms: 0.139289
  type: 'test'
  ...
# Subtest: approved hosted checkout URL paypal
ok 178 - approved hosted checkout URL paypal
  ---
  duration_ms: 0.062524
  type: 'test'
  ...
# Subtest: unsafe checkout URL rejected https://checkout.stripe.com.evil.test
ok 179 - unsafe checkout URL rejected https://checkout.stripe.com.evil.test
  ---
  duration_ms: 0.156975
  type: 'test'
  ...
# Subtest: unsafe checkout URL rejected http://checkout.stripe.com/a
ok 180 - unsafe checkout URL rejected http://checkout.stripe.com/a
  ---
  duration_ms: 0.129761
  type: 'test'
  ...
# Subtest: unsafe checkout URL rejected https://u:p@checkout.stripe.com
ok 181 - unsafe checkout URL rejected https://u:p@checkout.stripe.com
  ---
  duration_ms: 0.078672
  type: 'test'
  ...
# Subtest: unsafe checkout URL rejected https://checkout.stripe.com:444/a
ok 182 - unsafe checkout URL rejected https://checkout.stripe.com:444/a
  ---
  duration_ms: 0.065161
  type: 'test'
  ...
# Subtest: unsafe checkout URL rejected undefined
ok 183 - unsafe checkout URL rejected undefined
  ---
  duration_ms: 0.055144
  type: 'test'
  ...
# Subtest: only stale code chunk errors are eligible for automatic reload
ok 184 - only stale code chunk errors are eligible for automatic reload
  ---
  duration_ms: 0.456337
  type: 'test'
  ...
# Subtest: stale chunk reload is bounded even when replacement fails
ok 185 - stale chunk reload is bounded even when replacement fails
  ---
  duration_ms: 0.23026
  type: 'test'
  ...
# Subtest: blocked browser storage cannot create a reload loop
ok 186 - blocked browser storage cannot create a reload loop
  ---
  duration_ms: 0.120028
  type: 'test'
  ...
# Subtest: rapid checkout clicks create one request and same key is retained after provider Back
ok 187 - rapid checkout clicks create one request and same key is retained after provider Back
  ---
  duration_ms: 159.247487
  type: 'test'
  ...
# Subtest: checkout timeout releases busy state but never automatically repeats a purchase
ok 188 - checkout timeout releases busy state but never automatically repeats a purchase
  ---
  duration_ms: 94.225826
  type: 'test'
  ...
# Subtest: malformed historical website content cannot break image rendering: null
ok 189 - malformed historical website content cannot break image rendering: null
  ---
  duration_ms: 0.252997
  type: 'test'
  ...
# Subtest: malformed historical website content cannot break image rendering: undefined
ok 190 - malformed historical website content cannot break image rendering: undefined
  ---
  duration_ms: 0.081791
  type: 'test'
  ...
# Subtest: malformed historical website content cannot break image rendering: []
ok 191 - malformed historical website content cannot break image rendering: []
  ---
  duration_ms: 0.064507
  type: 'test'
  ...
# Subtest: malformed historical website content cannot break image rendering: {"images":{}}
ok 192 - malformed historical website content cannot break image rendering: {"images":{}}
  ---
  duration_ms: 0.058087
  type: 'test'
  ...
# Subtest: malformed historical website content cannot break image rendering: {"images":"bad","text":[]}
ok 193 - malformed historical website content cannot break image rendering: {"images":"bad","text":[]}
  ---
  duration_ms: 0.054525
  type: 'test'
  ...
# Subtest: malformed historical website content cannot break image rendering: {"images":[null,"x",{},42],"text":{"key":12}}
ok 194 - malformed historical website content cannot break image rendering: {"images":[null,"x",{},42],"text":{"key":12}}
  ---
  duration_ms: 0.108438
  type: 'test'
  ...
# Subtest: payment return reconciles once and stops polling after server-confirmed payment
ok 195 - payment return reconciles once and stops polling after server-confirmed payment
  ---
  duration_ms: 39.952932
  type: 'test'
  ...
# Subtest: cancelled provider return only reads status and never requests capture
ok 196 - cancelled provider return only reads status and never requests capture
  ---
  duration_ms: 28.718743
  type: 'test'
  ...
# Subtest: pending payment confirmation is single-flight even if page events repeat
ok 197 - pending payment confirmation is single-flight even if page events repeat
  ---
  duration_ms: 45.910696
  type: 'test'
  ...
# Subtest: bad payment response displays retry, not a render exception or success
ok 198 - bad payment response displays retry, not a render exception or success
  ---
  duration_ms: 21.727229
  type: 'test'
  ...
# Subtest: guest landing CTA retains target before sign-in: /about
ok 199 - guest landing CTA retains target before sign-in: /about
  ---
  duration_ms: 9.540327
  type: 'test'
  ...
# Subtest: guest landing CTA retains target before sign-in: /courses?category=leadership
ok 200 - guest landing CTA retains target before sign-in: /courses?category=leadership
  ---
  duration_ms: 8.762327
  type: 'test'
  ...
# Subtest: guest landing CTA retains target before sign-in: \#pricing
ok 201 - guest landing CTA retains target before sign-in: \#pricing
  ---
  duration_ms: 36.182103
  type: 'test'
  ...
# Subtest: guest landing CTA retains target before sign-in: /\#courses
ok 202 - guest landing CTA retains target before sign-in: /\#courses
  ---
  duration_ms: 5.856598
  type: 'test'
  ...
# Subtest: essential/external landing link is not trapped in a login loop: /
ok 203 - essential/external landing link is not trapped in a login loop: /
  ---
  duration_ms: 5.382793
  type: 'test'
  ...
# Subtest: essential/external landing link is not trapped in a login loop: /login
ok 204 - essential/external landing link is not trapped in a login loop: /login
  ---
  duration_ms: 5.540236
  type: 'test'
  ...
# Subtest: essential/external landing link is not trapped in a login loop: /register
ok 205 - essential/external landing link is not trapped in a login loop: /register
  ---
  duration_ms: 6.07511
  type: 'test'
  ...
# Subtest: essential/external landing link is not trapped in a login loop: /terms
ok 206 - essential/external landing link is not trapped in a login loop: /terms
  ---
  duration_ms: 5.574967
  type: 'test'
  ...
# Subtest: essential/external landing link is not trapped in a login loop: mailto:info@singhacademy.com
ok 207 - essential/external landing link is not trapped in a login loop: mailto:info@singhacademy.com
  ---
  duration_ms: 5.988068
  type: 'test'
  ...
# Subtest: essential/external landing link is not trapped in a login loop: https://www.youtube.com/
ok 208 - essential/external landing link is not trapped in a login loop: https://www.youtube.com/
  ---
  duration_ms: 6.409616
  type: 'test'
  ...
# Subtest: verified signed-in landing opens Home and links do not redirect to login
ok 209 - verified signed-in landing opens Home and links do not redirect to login
  ---
  duration_ms: 6.335074
  type: 'test'
  ...
# Subtest: guest team modal CTA requires login but menu toggle remains usable
ok 210 - guest team modal CTA requires login but menu toggle remains usable
  ---
  duration_ms: 7.954041
  type: 'test'
  ...
# Subtest: landing courses/team/reviews consumers share one network request
ok 211 - landing courses/team/reviews consumers share one network request
  ---
  duration_ms: 64.570957
  type: 'test'
  ...
# Subtest: failed compact session is not immediately retried by API client
ok 212 - failed compact session is not immediately retried by API client
  ---
  duration_ms: 60.937776
  type: 'test'
  ...
# Subtest: explicit logout also fences compact session rechecks
ok 213 - explicit logout also fences compact session rechecks
  ---
  duration_ms: 40.210152
  type: 'test'
  ...
# Subtest: lost create reply recovers the SAME hosted checkout with read-only lookup and one POST
ok 214 - lost create reply recovers the SAME hosted checkout with read-only lookup and one POST
  ---
  duration_ms: 26.706999
  type: 'test'
  ...
# Subtest: lost create reply with completed payment opens receipt status rather than asking for payment again
ok 215 - lost create reply with completed payment opens receipt status rather than asking for payment again
  ---
  duration_ms: 21.934864
  type: 'test'
  ...
# Subtest: unconfirmed checkout offers status check, not a fresh key/new payment
ok 216 - unconfirmed checkout offers status check, not a fresh key/new payment
  ---
  duration_ms: 19.225217
  type: 'test'
  ...
# Subtest: provider-confirmed closed checkout can intentionally obtain a fresh request key
ok 217 - provider-confirmed closed checkout can intentionally obtain a fresh request key
  ---
  duration_ms: 19.301182
  type: 'test'
  ...
# Subtest: checkout feedback appears immediately and escalates slow provider status without repeating the POST
ok 218 - checkout feedback appears immediately and escalates slow provider status without repeating the POST
  ---
  duration_ms: 16.070697
  type: 'test'
  ...
# Subtest: SSR-authenticated header does not expose an enabled inert Logout button
ok 219 - SSR-authenticated header does not expose an enabled inert Logout button
  ---
  duration_ms: 37.982793
  type: 'test'
  ...
# Subtest: server and first hydration render have identical account-control trees
ok 220 - server and first hydration render have identical account-control trees
  ---
  duration_ms: 42.085347
  type: 'test'
  ...
# Subtest: hydration enables Logout and the immediate first click calls the provider once
ok 221 - hydration enables Logout and the immediate first click calls the provider once
  ---
  duration_ms: 23.206876
  type: 'test'
  ...
# Subtest: double logout click before a rerender is synchronously deduplicated
ok 222 - double logout click before a rerender is synchronously deduplicated
  ---
  duration_ms: 23.523076
  type: 'test'
  ...
# Subtest: provider-level signing out also disables stale header controls
ok 223 - provider-level signing out also disables stale header controls
  ---
  duration_ms: 19.173882
  type: 'test'
  ...
# Subtest: menu hydration gate does not change the hydrated menu layout/classes
ok 224 - menu hydration gate does not change the hydrated menu layout/classes
  ---
  duration_ms: 37.2565
  type: 'test'
  ...
# Subtest: guest header still links to login with a preserved destination and offers no logout
ok 225 - guest header still links to login with a preserved destination and offers no logout
  ---
  duration_ms: 47.992433
  type: 'test'
  ...
# Subtest: Next config preserves raw middleware URLs in development
ok 226 - Next config preserves raw middleware URLs in development
  ---
  duration_ms: 15.284923
  type: 'test'
  ...
# Subtest: Next config preserves raw middleware URLs in production
ok 227 - Next config preserves raw middleware URLs in production
  ---
  duration_ms: 25.695327
  type: 'test'
  ...
# Subtest: middleware auth redirect retains exact protocol, hostname and port: http://127.0.0.1:3108
ok 228 - middleware auth redirect retains exact protocol, hostname and port: http://127.0.0.1:3108
  ---
  duration_ms: 24.026588
  type: 'test'
  ...
# Subtest: middleware auth redirect retains exact protocol, hostname and port: http://localhost:3108
ok 229 - middleware auth redirect retains exact protocol, hostname and port: http://localhost:3108
  ---
  duration_ms: 6.212706
  type: 'test'
  ...
# Subtest: middleware auth redirect retains exact protocol, hostname and port: http://[::1]:3108
ok 230 - middleware auth redirect retains exact protocol, hostname and port: http://[::1]:3108
  ---
  duration_ms: 10.490219
  type: 'test'
  ...
# Subtest: middleware auth redirect retains exact protocol, hostname and port: https://singhacademy.com
ok 231 - middleware auth redirect retains exact protocol, hostname and port: https://singhacademy.com
  ---
  duration_ms: 11.961338
  type: 'test'
  ...
# Subtest: middleware auth redirect retains exact protocol, hostname and port: https://staging.example.invalid
ok 232 - middleware auth redirect retains exact protocol, hostname and port: https://staging.example.invalid
  ---
  duration_ms: 8.702365
  type: 'test'
  ...
# Subtest: safe sign-in destination undefined
ok 233 - safe sign-in destination undefined
  ---
  duration_ms: 3.291212
  type: 'test'
  ...
# Subtest: safe sign-in destination null
ok 234 - safe sign-in destination null
  ---
  duration_ms: 0.137983
  type: 'test'
  ...
# Subtest: safe sign-in destination /
ok 235 - safe sign-in destination /
  ---
  duration_ms: 0.56394
  type: 'test'
  ...
# Subtest: safe sign-in destination /login
ok 236 - safe sign-in destination /login
  ---
  duration_ms: 0.266816
  type: 'test'
  ...
# Subtest: safe sign-in destination /register?next=/about
ok 237 - safe sign-in destination /register?next=/about
  ---
  duration_ms: 0.154181
  type: 'test'
  ...
# Subtest: safe sign-in destination /about
ok 238 - safe sign-in destination /about
  ---
  duration_ms: 0.154285
  type: 'test'
  ...
# Subtest: safe sign-in destination /courses?tag=public%20speaking
ok 239 - safe sign-in destination /courses?tag=public%20speaking
  ---
  duration_ms: 0.129801
  type: 'test'
  ...
# Subtest: safe sign-in destination /\#courses
ok 240 - safe sign-in destination /\#courses
  ---
  duration_ms: 0.118234
  type: 'test'
  ...
# Subtest: safe sign-in destination /\#pricing
ok 241 - safe sign-in destination /\#pricing
  ---
  duration_ms: 0.426149
  type: 'test'
  ...
# Subtest: safe sign-in destination /\#reviews
ok 242 - safe sign-in destination /\#reviews
  ---
  duration_ms: 0.431376
  type: 'test'
  ...
# Subtest: dangerous/loop auth target rejected https://evil.test
ok 243 - dangerous/loop auth target rejected https://evil.test
  ---
  duration_ms: 0.250303
  type: 'test'
  ...
# Subtest: dangerous/loop auth target rejected //evil.test
ok 244 - dangerous/loop auth target rejected //evil.test
  ---
  duration_ms: 0.087796
  type: 'test'
  ...
# Subtest: dangerous/loop auth target rejected /\\evil.test
ok 245 - dangerous/loop auth target rejected /\\evil.test
  ---
  duration_ms: 0.064617
  type: 'test'
  ...
# Subtest: dangerous/loop auth target rejected /%2f%2fevil.test
ok 246 - dangerous/loop auth target rejected /%2f%2fevil.test
  ---
  duration_ms: 0.055659
  type: 'test'
  ...
# Subtest: dangerous/loop auth target rejected /%61dmin
ok 247 - dangerous/loop auth target rejected /%61dmin
  ---
  duration_ms: 0.248621
  type: 'test'
  ...
# Subtest: dangerous/loop auth target rejected /ADMIN
ok 248 - dangerous/loop auth target rejected /ADMIN
  ---
  duration_ms: 0.110291
  type: 'test'
  ...
# Subtest: dangerous/loop auth target rejected /super-admin
ok 249 - dangerous/loop auth target rejected /super-admin
  ---
  duration_ms: 0.071711
  type: 'test'
  ...
# Subtest: dangerous/loop auth target rejected /x/../login
ok 250 - dangerous/loop auth target rejected /x/../login
  ---
  duration_ms: 0.061466
  type: 'test'
  ...
# Subtest: dangerous/loop auth target rejected /%00evil
ok 251 - dangerous/loop auth target rejected /%00evil
  ---
  duration_ms: 0.063717
  type: 'test'
  ...
# Subtest: dangerous/loop auth target rejected /%255c%255cevil.test
ok 252 - dangerous/loop auth target rejected /%255c%255cevil.test
  ---
  duration_ms: 0.107962
  type: 'test'
  ...
# Subtest: dangerous/loop auth target rejected /api/auth/login
ok 253 - dangerous/loop auth target rejected /api/auth/login
  ---
  duration_ms: 0.06789
  type: 'test'
  ...
# Subtest: server verified student skips auth/landing: /
ok 254 - server verified student skips auth/landing: /
  ---
  duration_ms: 6.734576
  type: 'test'
  ...
# Subtest: server verified student skips auth/landing: /login
ok 255 - server verified student skips auth/landing: /login
  ---
  duration_ms: 0.901085
  type: 'test'
  ...
# Subtest: server verified student skips auth/landing: /register
ok 256 - server verified student skips auth/landing: /register
  ---
  duration_ms: 3.536921
  type: 'test'
  ...
# Subtest: server verified student skips auth/landing: /login?next=%2Fabout
ok 257 - server verified student skips auth/landing: /login?next=%2Fabout
  ---
  duration_ms: 2.313679
  type: 'test'
  ...
# Subtest: server verified student skips auth/landing: /login?next=%2F
ok 258 - server verified student skips auth/landing: /login?next=%2F
  ---
  duration_ms: 0.948548
  type: 'test'
  ...
# Subtest: server verified student skips auth/landing: /register?next=%2Fcourses
ok 259 - server verified student skips auth/landing: /register?next=%2Fcourses
  ---
  duration_ms: 0.757384
  type: 'test'
  ...
# Subtest: guest public entry supplies one deterministic anonymous hydration snapshot: /
ok 260 - guest public entry supplies one deterministic anonymous hydration snapshot: /
  ---
  duration_ms: 0.277645
  type: 'test'
  ...
# Subtest: guest public entry supplies one deterministic anonymous hydration snapshot: /login
ok 261 - guest public entry supplies one deterministic anonymous hydration snapshot: /login
  ---
  duration_ms: 0.202088
  type: 'test'
  ...
# Subtest: guest public entry supplies one deterministic anonymous hydration snapshot: /register
ok 262 - guest public entry supplies one deterministic anonymous hydration snapshot: /register
  ---
  duration_ms: 0.679755
  type: 'test'
  ...
# Subtest: explicit logout prevents stale server cookie auto-login on /
ok 263 - explicit logout prevents stale server cookie auto-login on /
  ---
  duration_ms: 0.420017
  type: 'test'
  ...
# Subtest: explicit logout prevents stale server cookie auto-login on /login?next=%2Fabout
ok 264 - explicit logout prevents stale server cookie auto-login on /login?next=%2Fabout
  ---
  duration_ms: 0.173404
  type: 'test'
  ...
# Subtest: temporary backend failure keeps public entry available but unresolved: /
ok 265 - temporary backend failure keeps public entry available but unresolved: /
  ---
  duration_ms: 0.456874
  type: 'test'
  ...
# Subtest: temporary backend failure keeps public entry available but unresolved: /login
ok 266 - temporary backend failure keeps public entry available but unresolved: /login
  ---
  duration_ms: 0.425202
  type: 'test'
  ...
# Subtest: staff entry verifies only its own portal /admin/login
ok 267 - staff entry verifies only its own portal /admin/login
  ---
  duration_ms: 1.662563
  type: 'test'
  ...
# Subtest: staff entry verifies only its own portal /super-admin/login
ok 268 - staff entry verifies only its own portal /super-admin/login
  ---
  duration_ms: 0.719467
  type: 'test'
  ...
# Subtest: useHydrated uses identical false server/hydration snapshot even if the browser snapshot is true
ok 269 - useHydrated uses identical false server/hydration snapshot even if the browser snapshot is true
  ---
  duration_ms: 6.221889
  type: 'test'
  ...
# Subtest: late nested auth hydration reads immutable server seed, not already-updated browser state
ok 270 - late nested auth hydration reads immutable server seed, not already-updated browser state
  ---
  duration_ms: 132.003259
  type: 'test'
  ...
# Subtest: late website text/image hydration sees exact SSR defaults, then live CMS data
ok 271 - late website text/image hydration sees exact SSR defaults, then live CMS data
  ---
  duration_ms: 25.341965
  type: 'test'
  ...
# Subtest: Back inside an autofilled login form is explicitly non-submit and replaces with public landing
ok 272 - Back inside an autofilled login form is explicitly non-submit and replaces with public landing
  ---
  duration_ms: 8.853736
  type: 'test'
  ...
# Subtest: one auth-boundary document redirect for student
ok 273 - one auth-boundary document redirect for student
  ---
  duration_ms: 23.742814
  type: 'test'
  ...
# Subtest: one auth-boundary document redirect for client_admin
ok 274 - one auth-boundary document redirect for client_admin
  ---
  duration_ms: 12.245372
  type: 'test'
  ...
# Subtest: one auth-boundary document redirect for super_admin
ok 275 - one auth-boundary document redirect for super_admin
  ---
  duration_ms: 14.845667
  type: 'test'
  ...
# Subtest: auth document redirect refuses foreign origin
ok 276 - auth document redirect refuses foreign origin
  ---
  duration_ms: 26.413717
  type: 'test'
  ...
# Subtest: intentional login double-click submits once and goes to intended page using form data
ok 277 - intentional login double-click submits once and goes to intended page using form data
  ---
  duration_ms: 18.91549
  type: 'test'
  ...
# Subtest: login next=/ goes to signed-in home rather than marketing landing
ok 278 - login next=/ goes to signed-in home rather than marketing landing
  ---
  duration_ms: 14.052582
  type: 'test'
  ...
1..278
# tests 278
# suites 0
# pass 278
# fail 0
# cancelled 0
# skipped 0
# todo 0
# duration_ms 3564.752025
