TAP version 13
# Subtest: fixture controls require the fixed local test header and ordinary API needs authentication
ok 1 - fixture controls require the fixed local test header and ordinary API needs authentication
  ---
  duration_ms: 33.398962
  type: 'test'
  ...
# Subtest: fixture login/logout uses root cookie and subsequent requests cannot revive the revoked token
ok 2 - fixture login/logout uses root cookie and subsequent requests cannot revive the revoked token
  ---
  duration_ms: 13.703914
  type: 'test'
  ...
# Subtest: fixture stripe/course: replay one key, approval once, owned invoice and grant
ok 3 - fixture stripe/course: replay one key, approval once, owned invoice and grant
  ---
  duration_ms: 25.435097
  type: 'test'
  ...
# Subtest: fixture stripe/membership: replay one key, approval once, owned invoice and grant
ok 4 - fixture stripe/membership: replay one key, approval once, owned invoice and grant
  ---
  duration_ms: 21.63556
  type: 'test'
  ...
# Subtest: fixture paypal/course: replay one key, approval once, owned invoice and grant
ok 5 - fixture paypal/course: replay one key, approval once, owned invoice and grant
  ---
  duration_ms: 21.640059
  type: 'test'
  ...
# Subtest: fixture paypal/membership: replay one key, approval once, owned invoice and grant
ok 6 - fixture paypal/membership: replay one key, approval once, owned invoice and grant
  ---
  duration_ms: 18.334265
  type: 'test'
  ...
# Subtest: lost checkout HTTP reply retains its original key/order without granting access
ok 7 - lost checkout HTTP reply retains its original key/order without granting access
  ---
  duration_ms: 8.639903
  type: 'test'
  ...
# Subtest: fixture refuses free-course purchase; enrollment does not create payment/invoice
ok 8 - fixture refuses free-course purchase; enrollment does not create payment/invoice
  ---
  duration_ms: 7.399839
  type: 'test'
  ...
# Subtest: fixture authorization binds order status, confirmation, invoice and recovery key to the owner
ok 9 - fixture authorization binds order status, confirmation, invoice and recovery key to the owner
  ---
  duration_ms: 10.012206
  type: 'test'
  ...
# Subtest: closed fixture order never settles even when approval is attempted
ok 10 - closed fixture order never settles even when approval is attempted
  ---
  duration_ms: 9.874367
  type: 'test'
  ...
# Subtest: fixture ignores browser price and rejects a changed product/provider under the same key
ok 11 - fixture ignores browser price and rejects a changed product/provider under the same key
  ---
  duration_ms: 5.851912
  type: 'test'
  ...
1..11
# tests 11
# suites 0
# pass 11
# fail 0
# cancelled 0
# skipped 0
# todo 0
# duration_ms 244.986715
