
> singh-academy@60.12.0 test:reliability
> node --test frontend/test/*.test.mjs

TAP version 13
# Subtest: API defaults to same-origin /api instead of a visitor localhost
ok 1 - API defaults to same-origin /api instead of a visitor localhost
  ---
  duration_ms: 273.644733
  type: 'test'
  ...
# Subtest: transient GET failure retries once without expiring session
ok 2 - transient GET failure retries once without expiring session
  ---
  duration_ms: 529.033205
  type: 'test'
  ...
# Subtest: long Retry-After is respected without hammering the backend
ok 3 - long Retry-After is respected without hammering the backend
  ---
  duration_ms: 84.967629
  type: 'test'
  ...
# Subtest: only recognized SESSION_REQUIRED requests a session recheck
ok 4 - only recognized SESSION_REQUIRED requests a session recheck
  ---
  duration_ms: 42.744652
  type: 'test'
  ...
# Subtest: provider/password 401 does not clear the student session
ok 5 - provider/password 401 does not clear the student session
  ---
  duration_ms: 60.814612
  type: 'test'
  ...
# Subtest: mutating checkout is never automatically retried
ok 6 - mutating checkout is never automatically retried
  ---
  duration_ms: 35.398543
  type: 'test'
  ...
# Subtest: shared public request survives one subscriber abort
ok 7 - shared public request survives one subscriber abort
  ---
  duration_ms: 49.304033
  type: 'test'
  ...
# Subtest: only public data is reused; private progress is read per request
ok 8 - only public data is reused; private progress is read per request
  ---
  duration_ms: 34.813461
  type: 'test'
  ...
# Subtest: caller cancellation remains AbortError, not a fabricated timeout
ok 9 - caller cancellation remains AbortError, not a fabricated timeout
  ---
  duration_ms: 23.957119
  type: 'test'
  ...
# Subtest: stale 401 from before a new login cannot invalidate that account
ok 10 - stale 401 from before a new login cannot invalidate that account
  ---
  duration_ms: 34.404565
  type: 'test'
  ...
# Subtest: login-only catalog and private requests both include HttpOnly cookies
ok 11 - login-only catalog and private requests both include HttpOnly cookies
  ---
  duration_ms: 28.714469
  type: 'test'
  ...
# Subtest: invalid upstream HTML is not converted into empty JSON success
ok 12 - invalid upstream HTML is not converted into empty JSON success
  ---
  duration_ms: 543.997824
  type: 'test'
  ...
# Subtest: successful logout fences cached session replies across reloads until credentials login
ok 13 - successful logout fences cached session replies across reloads until credentials login
  ---
  duration_ms: 40.631248
  type: 'test'
  ...
# Subtest: late successful private response from before logout cannot expose old billing
ok 14 - late successful private response from before logout cannot expose old billing
  ---
  duration_ms: 42.391233
  type: 'test'
  ...
# Subtest: logout waits for an older credentials Set-Cookie before revoking it and never delivers the stale user
ok 15 - logout waits for an older credentials Set-Cookie before revoking it and never delivers the stale user
  ---
  duration_ms: 28.445566
  type: 'test'
  ...
# Subtest: logout fence does not hide public reviews or public payment methods
ok 16 - logout fence does not hide public reviews or public payment methods
  ---
  duration_ms: 20.497671
  type: 'test'
  ...
# Subtest: failed explicit logout does not restore browser identity and can be retried
ok 17 - failed explicit logout does not restore browser identity and can be retried
  ---
  duration_ms: 25.561626
  type: 'test'
  ...
# Subtest: explicit new login waits for pending logout cookie expiration before it sends credentials
ok 18 - explicit new login waits for pending logout cookie expiration before it sends credentials
  ---
  duration_ms: 14.677213
  type: 'test'
  ...
# Subtest: simultaneous logout clicks share a single revocation request
ok 19 - simultaneous logout clicks share a single revocation request
  ---
  duration_ms: 21.12148
  type: 'test'
  ...
# Subtest: catalog memoization is portal-specific even with an explicit portal header
ok 20 - catalog memoization is portal-specific even with an explicit portal header
  ---
  duration_ms: 18.177706
  type: 'test'
  ...
# Subtest: logout drops the catalog snapshot instead of exposing cached content after sign-out
ok 21 - logout drops the catalog snapshot instead of exposing cached content after sign-out
  ---
  duration_ms: 18.641793
  type: 'test'
  ...
# Subtest: late catalog response from before logout cannot repopulate a new session cache
ok 22 - late catalog response from before logout cannot repopulate a new session cache
  ---
  duration_ms: 26.095489
  type: 'test'
  ...
# Subtest: invalid login response cannot clear explicit logout fence: {"success":true}
ok 23 - invalid login response cannot clear explicit logout fence: {"success":true}
  ---
  duration_ms: 23.412967
  type: 'test'
  ...
# Subtest: invalid login response cannot clear explicit logout fence: {"success":true,"user":{"id":"student-a"}}
ok 24 - invalid login response cannot clear explicit logout fence: {"success":true,"user":{"id":"student-a"}}
  ---
  duration_ms: 22.491174
  type: 'test'
  ...
# Subtest: invalid login response cannot clear explicit logout fence: {"success":true,"user":{"id":"admin-a","role":"client_admin"}}
ok 25 - invalid login response cannot clear explicit logout fence: {"success":true,"user":{"id":"admin-a","role":"client_admin"}}
  ---
  duration_ms: 15.978389
  type: 'test'
  ...
# Subtest: invalid login response cannot clear explicit logout fence: {"success":true,"user":{"role":"student"}}
ok 26 - invalid login response cannot clear explicit logout fence: {"success":true,"user":{"role":"student"}}
  ---
  duration_ms: 24.117864
  type: 'test'
  ...
# Subtest: invalid login response cannot clear explicit logout fence: {"user":{"id":"student-a","role":"student"}}
ok 27 - invalid login response cannot clear explicit logout fence: {"user":{"id":"student-a","role":"student"}}
  ---
  duration_ms: 25.770153
  type: 'test'
  ...
# Subtest: verified student remains signed in after transient session 503
ok 28 - verified student remains signed in after transient session 503
  ---
  duration_ms: 232.113712
  type: 'test'
  ...
# Subtest: initial session failure stays unresolved rather than redirecting as an anonymous user
ok 29 - initial session failure stays unresolved rather than redirecting as an anonymous user
  ---
  duration_ms: 120.311725
  type: 'test'
  ...
# Subtest: identical session refresh preserves user object identity and therefore learning draft dependencies
ok 30 - identical session refresh preserves user object identity and therefore learning draft dependencies
  ---
  duration_ms: 53.126315
  type: 'test'
  ...
# Subtest: confirmed anonymous session actually clears expired authentication
ok 31 - confirmed anonymous session actually clears expired authentication
  ---
  duration_ms: 44.449624
  type: 'test'
  ...
# Subtest: old anonymous response cannot overwrite a later successful login
ok 32 - old anonymous response cannot overwrite a later successful login
  ---
  duration_ms: 45.027827
  type: 'test'
  ...
# Subtest: failed explicit logout hides local identity and reports that server revocation needs retry
ok 33 - failed explicit logout hides local identity and reports that server revocation needs retry
  ---
  duration_ms: 79.417533
  type: 'test'
  ...
# Subtest: switching portals never reuses a student identity for client admin
ok 34 - switching portals never reuses a student identity for client admin
  ---
  duration_ms: 49.533432
  type: 'test'
  ...
# Subtest: changing accounts updates identity without remounting the whole root hydration tree
ok 35 - changing accounts updates identity without remounting the whole root hydration tree
  ---
  duration_ms: 34.461833
  type: 'test'
  ...
# Subtest: duplicate unauthorized notifications share one session revalidation
ok 36 - duplicate unauthorized notifications share one session revalidation
  ---
  duration_ms: 36.186413
  type: 'test'
  ...
# Subtest: successful logout survives pageshow, focus and manual session refresh
ok 37 - successful logout survives pageshow, focus and manual session refresh
  ---
  duration_ms: 43.243984
  type: 'test'
  ...
# Subtest: old session GET finishing after logout cannot bring the student back
ok 38 - old session GET finishing after logout cannot bring the student back
  ---
  duration_ms: 31.879914
  type: 'test'
  ...
# Subtest: storage logout from another tab clears current account immediately
ok 39 - storage logout from another tab clears current account immediately
  ---
  duration_ms: 39.597613
  type: 'test'
  ...
# Subtest: actual explicit sign-in after logout restores the newly authenticated account
ok 40 - actual explicit sign-in after logout restores the newly authenticated account
  ---
  duration_ms: 29.537906
  type: 'test'
  ...
# Subtest: student logout boundary does not sign out a separately authenticated admin
ok 41 - student logout boundary does not sign out a separately authenticated admin
  ---
  duration_ms: 37.178947
  type: 'test'
  ...
# Subtest: late student logout response cannot replace a separately opened admin session
ok 42 - late student logout response cannot replace a separately opened admin session
  ---
  duration_ms: 22.11559
  type: 'test'
  ...
# Subtest: logout success cannot clear a newer explicitly authenticated identity
ok 43 - logout success cannot clear a newer explicitly authenticated identity
  ---
  duration_ms: 57.330074
  type: 'test'
  ...
# Subtest: server-verified page session bootstraps login without a duplicate initial request
ok 44 - server-verified page session bootstraps login without a duplicate initial request
  ---
  duration_ms: 54.855849
  type: 'test'
  ...
# Subtest: verified bootstrap cannot resurrect identity after explicit logout
ok 45 - verified bootstrap cannot resurrect identity after explicit logout
  ---
  duration_ms: 46.244522
  type: 'test'
  ...
# Subtest: logout coordinates exactly one document replacement to the public landing
ok 46 - logout coordinates exactly one document replacement to the public landing
  ---
  duration_ms: 56.131299
  type: 'test'
  ...
# Subtest: unconfirmed logout response preserves a retry marker and never restores stale identity
ok 47 - unconfirmed logout response preserves a retry marker and never restores stale identity
  ---
  duration_ms: 45.038342
  type: 'test'
  ...
# Subtest: catalog hydration is deterministic then reuses known cached empty data before network completes
ok 48 - catalog hydration is deterministic then reuses known cached empty data before network completes
  ---
  duration_ms: 71.271339
  type: 'test'
  ...
# Subtest: transient catalog refresh failure keeps real previous courses visible
ok 49 - transient catalog refresh failure keeps real previous courses visible
  ---
  duration_ms: 14.043395
  type: 'test'
  ...
# Subtest: catalog background refresh pauses while hidden and offline
ok 50 - catalog background refresh pauses while hidden and offline
  ---
  duration_ms: 11.874711
  type: 'test'
  ...
# Subtest: malformed team/catalog response is an error, not a successful empty library
ok 51 - malformed team/catalog response is an error, not a successful empty library
  ---
  duration_ms: 12.383607
  type: 'test'
  ...
# Subtest: manual retry invalidates only catalog reuse then re-reads
ok 52 - manual retry invalidates only catalog reuse then re-reads
  ---
  duration_ms: 11.000635
  type: 'test'
  ...
# Subtest: pending certificate becomes downloadable status without reloading course/progress
ok 53 - pending certificate becomes downloadable status without reloading course/progress
  ---
  duration_ms: 3.129931
  type: 'test'
  ...
# Subtest: all views of the same certificate share one request and notify both subscribers
ok 54 - all views of the same certificate share one request and notify both subscribers
  ---
  duration_ms: 0.483652
  type: 'test'
  ...
# Subtest: pending interval is bounded at 3 seconds, no immediate recursive polling
ok 55 - pending interval is bounded at 3 seconds, no immediate recursive polling
  ---
  duration_ms: 0.278641
  type: 'test'
  ...
# Subtest: identical status does not trigger redundant component rendering
ok 56 - identical status does not trigger redundant component rendering
  ---
  duration_ms: 0.540196
  type: 'test'
  ...
# Subtest: hidden/offline document does not poll and visibility wake resumes
ok 57 - hidden/offline document does not poll and visibility wake resumes
  ---
  duration_ms: 0.707738
  type: 'test'
  ...
# Subtest: in-flight requests never overlap during focus storms
ok 58 - in-flight requests never overlap during focus storms
  ---
  duration_ms: 0.437698
  type: 'test'
  ...
# Subtest: last unmount cancels work and late status cannot update another account
ok 59 - last unmount cancels work and late status cannot update another account
  ---
  duration_ms: 0.479116
  type: 'test'
  ...
# Subtest: unrequested certificate IDs from a malformed response are never merged
ok 60 - unrequested certificate IDs from a malformed response are never merged
  ---
  duration_ms: 0.380833
  type: 'test'
  ...
# Subtest: temporary failure preserves pending record and backs off
ok 61 - temporary failure preserves pending record and backs off
  ---
  duration_ms: 1.061217
  type: 'test'
  ...
# Subtest: status feeds batch at most 100 IDs per backend read
ok 62 - status feeds batch at most 100 IDs per backend read
  ---
  duration_ms: 1.456926
  type: 'test'
  ...
# Subtest: new student watcher does not reuse previous students certificate status
ok 63 - new student watcher does not reuse previous students certificate status
  ---
  duration_ms: 0.418222
  type: 'test'
  ...
# Subtest: local smoke permits HTTP only with explicit flag and two loopback targets
ok 64 - local smoke permits HTTP only with explicit flag and two loopback targets
  ---
  duration_ms: 1.848377
  type: 'test'
  ...
# Subtest: local smoke option cannot downgrade public or LAN targets to HTTP
ok 65 - local smoke option cannot downgrade public or LAN targets to HTTP
  ---
  duration_ms: 0.37103
  type: 'test'
  ...
# Subtest: deployed smoke targets require origin-only URLs without embedded credentials
ok 66 - deployed smoke targets require origin-only URLs without embedded credentials
  ---
  duration_ms: 1.713535
  type: 'test'
  ...
# Subtest: deployment CLI accepts expected anonymous catalog 401 and checks both app releases
ok 67 - deployment CLI accepts expected anonymous catalog 401 and checks both app releases
  ---
  duration_ms: 246.920341
  type: 'test'
  ...
# Subtest: a new API behind an old frontend is detected, not falsely declared ready
ok 68 - a new API behind an old frontend is detected, not falsely declared ready
  ---
  duration_ms: 142.434
  type: 'test'
  ...
# Subtest: two health version mismatches fail even when HTTP 200
ok 69 - two health version mismatches fail even when HTTP 200
  ---
  duration_ms: 161.223625
  type: 'test'
  ...
# Subtest: unprotected anonymous catalog is a deployment security failure
ok 70 - unprotected anonymous catalog is a deployment security failure
  ---
  duration_ms: 113.633546
  type: 'test'
  ...
# Subtest: public landing summaries are verified, not just static landing HTML
ok 71 - public landing summaries are verified, not just static landing HTML
  ---
  duration_ms: 142.337638
  type: 'test'
  ...
# Subtest: free courses show Start instead of Open/Purchase, even for active members
ok 72 - free courses show Start instead of Open/Purchase, even for active members
  ---
  duration_ms: 0.727615
  type: 'test'
  ...
# Subtest: paid course and membership states keep their existing labels
ok 73 - paid course and membership states keep their existing labels
  ---
  duration_ms: 0.115386
  type: 'test'
  ...
# Subtest: free-course click takes the enrollment path before paid-access or checkout requests
ok 74 - free-course click takes the enrollment path before paid-access or checkout requests
  ---
  duration_ms: 0.245723
  type: 'test'
  ...
# Subtest: YouTube recorded lesson always opens paused at zero https://www.youtube.com/watch?v=abcdefghijk&t=30s
ok 75 - YouTube recorded lesson always opens paused at zero https://www.youtube.com/watch?v=abcdefghijk&t=30s
  ---
  duration_ms: 2.326068
  type: 'test'
  ...
# Subtest: YouTube recorded lesson always opens paused at zero https://youtu.be/abcdefghijk?t=20
ok 76 - YouTube recorded lesson always opens paused at zero https://youtu.be/abcdefghijk?t=20
  ---
  duration_ms: 0.370815
  type: 'test'
  ...
# Subtest: YouTube recorded lesson always opens paused at zero https://www.youtube.com/embed/abcdefghijk?start=35&autoplay=1
ok 77 - YouTube recorded lesson always opens paused at zero https://www.youtube.com/embed/abcdefghijk?start=35&autoplay=1
  ---
  duration_ms: 0.187463
  type: 'test'
  ...
# Subtest: YouTube recorded lesson always opens paused at zero https://youtube.com/shorts/abcdefghijk?feature=share&t=00m30s
ok 78 - YouTube recorded lesson always opens paused at zero https://youtube.com/shorts/abcdefghijk?feature=share&t=00m30s
  ---
  duration_ms: 0.148777
  type: 'test'
  ...
# Subtest: Vimeo keeps unlisted hash but starts at zero https://vimeo.com/123456789/abcdef1234\#t=30s
ok 79 - Vimeo keeps unlisted hash but starts at zero https://vimeo.com/123456789/abcdef1234\#t=30s
  ---
  duration_ms: 0.541237
  type: 'test'
  ...
# Subtest: Vimeo keeps unlisted hash but starts at zero https://player.vimeo.com/video/123456789?h=abcdef1234&autoplay=1\#t=20s
ok 80 - Vimeo keeps unlisted hash but starts at zero https://player.vimeo.com/video/123456789?h=abcdef1234&autoplay=1\#t=20s
  ---
  duration_ms: 0.13303
  type: 'test'
  ...
# Subtest: native video fragment seek is removed while signed query is preserved
ok 81 - native video fragment seek is removed while signed query is preserved
  ---
  duration_ms: 0.397487
  type: 'test'
  ...
# Subtest: unsafe video URL rejected javascript:alert(1)
ok 82 - unsafe video URL rejected javascript:alert(1)
  ---
  duration_ms: 0.29237
  type: 'test'
  ...
# Subtest: unsafe video URL rejected data:video/mp4;base64,ABC
ok 83 - unsafe video URL rejected data:video/mp4;base64,ABC
  ---
  duration_ms: 0.435347
  type: 'test'
  ...
# Subtest: unsafe video URL rejected https://user:pass@videos.example.test/lesson.mp4
ok 84 - unsafe video URL rejected https://user:pass@videos.example.test/lesson.mp4
  ---
  duration_ms: 0.507164
  type: 'test'
  ...
# Subtest: look-alike YouTube host is never trusted as a YouTube iframe
ok 85 - look-alike YouTube host is never trusted as a YouTube iframe
  ---
  duration_ms: 0.264889
  type: 'test'
  ...
# Subtest: Twitch recorded video has one autoplay flag and zero timestamp
ok 86 - Twitch recorded video has one autoplay flag and zero timestamp
  ---
  duration_ms: 0.729865
  type: 'test'
  ...
# Subtest: native player prepares metadata and resets to 0 without autoplay before user input
ok 87 - native player prepares metadata and resets to 0 without autoplay before user input
  ---
  duration_ms: 48.110455
  type: 'test'
  ...
# Subtest: poster prewarms known iframe paused, and Play sends a targeted command without reloading source
ok 88 - poster prewarms known iframe paused, and Play sends a targeted command without reloading source
  ---
  duration_ms: 54.42063
  type: 'test'
  ...
# Subtest: lesson identity is part of main and block player keys
ok 89 - lesson identity is part of main and block player keys
  ---
  duration_ms: 14.658985
  type: 'test'
  ...
# Subtest: only internal GridFS IDs get bounded responsive image URLs
ok 90 - only internal GridFS IDs get bounded responsive image URLs
  ---
  duration_ms: 0.392657
  type: 'test'
  ...
# Subtest: external signed images are not modified during retries
ok 91 - external signed images are not modified during retries
  ---
  duration_ms: 0.079606
  type: 'test'
  ...
# Subtest: broken optimized variant falls back to original image before placeholder
ok 92 - broken optimized variant falls back to original image before placeholder
  ---
  duration_ms: 16.783575
  type: 'test'
  ...
# Subtest: transient original failure retries once, then uses safe placeholder without looping
ok 93 - transient original failure retries once, then uses safe placeholder without looping
  ---
  duration_ms: 19.709981
  type: 'test'
  ...
# Subtest: changing image resets error state and cancels stale retry
ok 94 - changing image resets error state and cancels stale retry
  ---
  duration_ms: 15.167828
  type: 'test'
  ...
# Subtest: direct guest page redirects without exposing content: /home
ok 95 - direct guest page redirects without exposing content: /home
  ---
  duration_ms: 2.974122
  type: 'test'
  ...
# Subtest: direct guest page redirects without exposing content: /about
ok 96 - direct guest page redirects without exposing content: /about
  ---
  duration_ms: 0.364234
  type: 'test'
  ...
# Subtest: direct guest page redirects without exposing content: /courses
ok 97 - direct guest page redirects without exposing content: /courses
  ---
  duration_ms: 0.202278
  type: 'test'
  ...
# Subtest: direct guest page redirects without exposing content: /courses/test
ok 98 - direct guest page redirects without exposing content: /courses/test
  ---
  duration_ms: 0.190371
  type: 'test'
  ...
# Subtest: direct guest page redirects without exposing content: /team
ok 99 - direct guest page redirects without exposing content: /team
  ---
  duration_ms: 0.302624
  type: 'test'
  ...
# Subtest: direct guest page redirects without exposing content: /events
ok 100 - direct guest page redirects without exposing content: /events
  ---
  duration_ms: 0.179983
  type: 'test'
  ...
# Subtest: direct guest page redirects without exposing content: /contact
ok 101 - direct guest page redirects without exposing content: /contact
  ---
  duration_ms: 0.177358
  type: 'test'
  ...
# Subtest: direct guest page redirects without exposing content: /academy
ok 102 - direct guest page redirects without exposing content: /academy
  ---
  duration_ms: 0.132038
  type: 'test'
  ...
# Subtest: direct guest page redirects without exposing content: /reviews
ok 103 - direct guest page redirects without exposing content: /reviews
  ---
  duration_ms: 0.540697
  type: 'test'
  ...
# Subtest: direct guest page redirects without exposing content: /learn/test
ok 104 - direct guest page redirects without exposing content: /learn/test
  ---
  duration_ms: 6.641989
  type: 'test'
  ...
# Subtest: direct guest page redirects without exposing content: /my-course
ok 105 - direct guest page redirects without exposing content: /my-course
  ---
  duration_ms: 0.258892
  type: 'test'
  ...
# Subtest: direct guest page redirects without exposing content: /billing
ok 106 - direct guest page redirects without exposing content: /billing
  ---
  duration_ms: 0.114634
  type: 'test'
  ...
# Subtest: direct guest page redirects without exposing content: /certificates
ok 107 - direct guest page redirects without exposing content: /certificates
  ---
  duration_ms: 0.083884
  type: 'test'
  ...
# Subtest: direct guest page redirects without exposing content: /checkout/return?order=abc
ok 108 - direct guest page redirects without exposing content: /checkout/return?order=abc
  ---
  duration_ms: 0.076188
  type: 'test'
  ...
# Subtest: necessary open route does not require a session: /
ok 109 - necessary open route does not require a session: /
  ---
  duration_ms: 0.147097
  type: 'test'
  ...
# Subtest: necessary open route does not require a session: /connection?next=%2Fabout
ok 110 - necessary open route does not require a session: /connection?next=%2Fabout
  ---
  duration_ms: 0.070247
  type: 'test'
  ...
# Subtest: necessary open route does not require a session: /login
ok 111 - necessary open route does not require a session: /login
  ---
  duration_ms: 0.064351
  type: 'test'
  ...
# Subtest: necessary open route does not require a session: /register
ok 112 - necessary open route does not require a session: /register
  ---
  duration_ms: 0.102311
  type: 'test'
  ...
# Subtest: necessary open route does not require a session: /forgot-password
ok 113 - necessary open route does not require a session: /forgot-password
  ---
  duration_ms: 0.061504
  type: 'test'
  ...
# Subtest: necessary open route does not require a session: /reset-password?token=private
ok 114 - necessary open route does not require a session: /reset-password?token=private
  ---
  duration_ms: 0.058328
  type: 'test'
  ...
# Subtest: necessary open route does not require a session: /terms
ok 115 - necessary open route does not require a session: /terms
  ---
  duration_ms: 0.056395
  type: 'test'
  ...
# Subtest: necessary open route does not require a session: /privacy
ok 116 - necessary open route does not require a session: /privacy
  ---
  duration_ms: 0.056461
  type: 'test'
  ...
# Subtest: necessary open route does not require a session: /admin/login
ok 117 - necessary open route does not require a session: /admin/login
  ---
  duration_ms: 0.13094
  type: 'test'
  ...
# Subtest: necessary open route does not require a session: /super-admin/login
ok 118 - necessary open route does not require a session: /super-admin/login
  ---
  duration_ms: 0.106032
  type: 'test'
  ...
# Subtest: necessary open route does not require a session: /certificates/verify/aaaaaaaaaaaaaaaaaaaaaaaaaaaaaaaaaaaaaaaaaaaaaaaa
ok 119 - necessary open route does not require a session: /certificates/verify/aaaaaaaaaaaaaaaaaaaaaaaaaaaaaaaaaaaaaaaaaaaaaaaa
  ---
  duration_ms: 0.070093
  type: 'test'
  ...
# Subtest: validated same-role session bootstraps student
ok 120 - validated same-role session bootstraps student
  ---
  duration_ms: 2.829038
  type: 'test'
  ...
# Subtest: validated same-role session bootstraps client_admin
ok 121 - validated same-role session bootstraps client_admin
  ---
  duration_ms: 0.505992
  type: 'test'
  ...
# Subtest: validated same-role session bootstraps super_admin
ok 122 - validated same-role session bootstraps super_admin
  ---
  duration_ms: 0.315476
  type: 'test'
  ...
# Subtest: a student cookie never authenticates the admin portal
ok 123 - a student cookie never authenticates the admin portal
  ---
  duration_ms: 0.259242
  type: 'test'
  ...
# Subtest: forged cookie without a valid DB session cannot open About
ok 124 - forged cookie without a valid DB session cannot open About
  ---
  duration_ms: 1.211013
  type: 'test'
  ...
# Subtest: client logout fence blocks document navigation even when an old cookie remains
ok 125 - client logout fence blocks document navigation even when an old cookie remains
  ---
  duration_ms: 0.277916
  type: 'test'
  ...
# Subtest: wrong-role or expired backend session redirects safely: {"success":true,"user":{"id":"super_admin-id","role":"super_admin","name":"Learner","email":"learner@example.invalid"}}
ok 126 - wrong-role or expired backend session redirects safely: {"success":true,"user":{"id":"super_admin-id","role":"super_admin","name":"Learner","email":"learner@example.invalid"}}
  ---
  duration_ms: 1.041117
  type: 'test'
  ...
# Subtest: wrong-role or expired backend session redirects safely: {"success":true,"user":null}
ok 127 - wrong-role or expired backend session redirects safely: {"success":true,"user":null}
  ---
  duration_ms: 0.543118
  type: 'test'
  ...
# Subtest: page auth 500 is unavailable, not a fabricated logout
ok 128 - page auth 500 is unavailable, not a fabricated logout
  ---
  duration_ms: 0.489121
  type: 'test'
  ...
# Subtest: page auth 502 is unavailable, not a fabricated logout
ok 129 - page auth 502 is unavailable, not a fabricated logout
  ---
  duration_ms: 3.166497
  type: 'test'
  ...
# Subtest: page auth 503 is unavailable, not a fabricated logout
ok 130 - page auth 503 is unavailable, not a fabricated logout
  ---
  duration_ms: 0.57008
  type: 'test'
  ...
# Subtest: page auth 504 is unavailable, not a fabricated logout
ok 131 - page auth 504 is unavailable, not a fabricated logout
  ---
  duration_ms: 0.281636
  type: 'test'
  ...
# Subtest: network failure fails closed without rendering protected page
ok 132 - network failure fails closed without rendering protected page
  ---
  duration_ms: 0.326296
  type: 'test'
  ...
# Subtest: incomplete JSON is not an authenticated bootstrap
ok 133 - incomplete JSON is not an authenticated bootstrap
  ---
  duration_ms: 0.364334
  type: 'test'
  ...
# Subtest: middleware strips a browser-supplied verified-session header even on public login
ok 134 - middleware strips a browser-supplied verified-session header even on public login
  ---
  duration_ms: 11.069975
  type: 'test'
  ...
# Subtest: middleware forwards only newly verified safe account snapshot
ok 135 - middleware forwards only newly verified safe account snapshot
  ---
  duration_ms: 9.722617
  type: 'test'
  ...
# Subtest: unavailable page middleware redirects to reconnect without logout or raw RSC HTML
ok 136 - unavailable page middleware redirects to reconnect without logout or raw RSC HTML
  ---
  duration_ms: 11.121643
  type: 'test'
  ...
# Subtest: proxy refuses missing, self-referencing and non-origin upstream settings
ok 137 - proxy refuses missing, self-referencing and non-origin upstream settings
  ---
  duration_ms: 1.73831
  type: 'test'
  ...
# Subtest: proxy resolves target at runtime and forbids upstream redirects
ok 138 - proxy resolves target at runtime and forbids upstream redirects
  ---
  duration_ms: 12.079751
  type: 'test'
  ...
# Subtest: proxy forwards cookies and portal, discards client host/IP spoof headers
ok 139 - proxy forwards cookies and portal, discards client host/IP spoof headers
  ---
  duration_ms: 1.244237
  type: 'test'
  ...
# Subtest: proxy preserves separate Set-Cookie headers, makes Academy cookies host-only, never CDN caches
ok 140 - proxy preserves separate Set-Cookie headers, makes Academy cookies host-only, never CDN caches
  ---
  duration_ms: 1.214327
  type: 'test'
  ...
# Subtest: upstream failure remains error, never successful anonymous session
ok 141 - upstream failure remains error, never successful anonymous session
  ---
  duration_ms: 0.695253
  type: 'test'
  ...
# Subtest: JSON error status passes through with request identity
ok 142 - JSON error status passes through with request identity
  ---
  duration_ms: 3.872526
  type: 'test'
  ...
# Subtest: raw webhook payload streams byte-for-byte through real HTTP upstream
ok 143 - raw webhook payload streams byte-for-byte through real HTTP upstream
  ---
  duration_ms: 47.852762
  type: 'test'
  ...
# Subtest: encoded traversal cannot escape the fixed /api namespace
ok 144 - encoded traversal cannot escape the fixed /api namespace
  ---
  duration_ms: 0.523332
  type: 'test'
  ...
# Subtest: range and binary response metadata survive without buffering/corrupting media
ok 145 - range and binary response metadata survive without buffering/corrupting media
  ---
  duration_ms: 1.927859
  type: 'test'
  ...
# Subtest: loopback HTTP exception is confined to explicit local test requests, not hosted review
ok 146 - loopback HTTP exception is confined to explicit local test requests, not hosted review
  ---
  duration_ms: 0.695387
  type: 'test'
  ...
# Subtest: only backend-proved public catalog image may use private browser cache
ok 147 - only backend-proved public catalog image may use private browser cache
  ---
  duration_ms: 0.729052
  type: 'test'
  ...
# Subtest: private receipt image remains no-store without catalog authorization marker
ok 148 - private receipt image remains no-store without catalog authorization marker
  ---
  duration_ms: 0.406211
  type: 'test'
  ...
# Subtest: public image marker cannot make JSON billing response cacheable
ok 149 - public image marker cannot make JSON billing response cacheable
  ---
  duration_ms: 0.486582
  type: 'test'
  ...
# Subtest: only landing and deliberate exceptions are public
ok 150 - only landing and deliberate exceptions are public
  ---
  duration_ms: 1.157571
  type: 'test'
  ...
# Subtest: destination including query and hash survives login URL encoding
ok 151 - destination including query and hash survives login URL encoding
  ---
  duration_ms: 0.274077
  type: 'test'
  ...
# Subtest: development loopback can reach local API without copied Hostinger env
ok 152 - development loopback can reach local API without copied Hostinger env
  ---
  duration_ms: 0.246828
  type: 'test'
  ...
# Subtest: hosted API origin is never guessed production
ok 153 - hosted API origin is never guessed production
  ---
  duration_ms: 0.203581
  type: 'test'
  ...
# Subtest: hosted API origin is never guessed development
ok 154 - hosted API origin is never guessed development
  ---
  duration_ms: 0.122872
  type: 'test'
  ...
# Subtest: browser and API day count agree: active 2026-10-03T23:59Z
ok 155 - browser and API day count agree: active 2026-10-03T23:59Z
  ---
  duration_ms: 0.603721
  type: 'test'
  ...
# Subtest: browser and API day count agree: active 2026-10-04T00:01Z
ok 156 - browser and API day count agree: active 2026-10-04T00:01Z
  ---
  duration_ms: 0.111805
  type: 'test'
  ...
# Subtest: browser and API day count agree: active 2027-10-03T10:00Z
ok 157 - browser and API day count agree: active 2027-10-03T10:00Z
  ---
  duration_ms: 0.105321
  type: 'test'
  ...
# Subtest: browser and API day count agree: active 2027-10-03T20:31Z
ok 158 - browser and API day count agree: active 2027-10-03T20:31Z
  ---
  duration_ms: 0.212019
  type: 'test'
  ...
# Subtest: browser and API day count agree: cancelled 2026-10-03T23:59Z
ok 159 - browser and API day count agree: cancelled 2026-10-03T23:59Z
  ---
  duration_ms: 0.282814
  type: 'test'
  ...
# Subtest: browser and API day count agree: cancelled 2026-10-04T00:01Z
ok 160 - browser and API day count agree: cancelled 2026-10-04T00:01Z
  ---
  duration_ms: 0.105664
  type: 'test'
  ...
# Subtest: browser and API day count agree: cancelled 2027-10-03T10:00Z
ok 161 - browser and API day count agree: cancelled 2027-10-03T10:00Z
  ---
  duration_ms: 0.056239
  type: 'test'
  ...
# Subtest: browser and API day count agree: cancelled 2027-10-03T20:31Z
ok 162 - browser and API day count agree: cancelled 2027-10-03T20:31Z
  ---
  duration_ms: 0.039427
  type: 'test'
  ...
# Subtest: browser and API day count agree: expired 2026-10-03T23:59Z
ok 163 - browser and API day count agree: expired 2026-10-03T23:59Z
  ---
  duration_ms: 0.09543
  type: 'test'
  ...
# Subtest: browser and API day count agree: expired 2026-10-04T00:01Z
ok 164 - browser and API day count agree: expired 2026-10-04T00:01Z
  ---
  duration_ms: 0.054612
  type: 'test'
  ...
# Subtest: browser and API day count agree: expired 2027-10-03T10:00Z
ok 165 - browser and API day count agree: expired 2027-10-03T10:00Z
  ---
  duration_ms: 0.038251
  type: 'test'
  ...
# Subtest: browser and API day count agree: expired 2027-10-03T20:31Z
ok 166 - browser and API day count agree: expired 2027-10-03T20:31Z
  ---
  duration_ms: 0.032927
  type: 'test'
  ...
# Subtest: browser and API day count agree: past_due 2026-10-03T23:59Z
ok 167 - browser and API day count agree: past_due 2026-10-03T23:59Z
  ---
  duration_ms: 0.031548
  type: 'test'
  ...
# Subtest: browser and API day count agree: past_due 2026-10-04T00:01Z
ok 168 - browser and API day count agree: past_due 2026-10-04T00:01Z
  ---
  duration_ms: 0.031853
  type: 'test'
  ...
# Subtest: browser and API day count agree: past_due 2027-10-03T10:00Z
ok 169 - browser and API day count agree: past_due 2027-10-03T10:00Z
  ---
  duration_ms: 0.032543
  type: 'test'
  ...
# Subtest: browser and API day count agree: past_due 2027-10-03T20:31Z
ok 170 - browser and API day count agree: past_due 2027-10-03T20:31Z
  ---
  duration_ms: 0.033778
  type: 'test'
  ...
# Subtest: browser and API day count agree: unknown 2026-10-03T23:59Z
ok 171 - browser and API day count agree: unknown 2026-10-03T23:59Z
  ---
  duration_ms: 0.03956
  type: 'test'
  ...
# Subtest: browser and API day count agree: unknown 2026-10-04T00:01Z
ok 172 - browser and API day count agree: unknown 2026-10-04T00:01Z
  ---
  duration_ms: 0.033176
  type: 'test'
  ...
# Subtest: browser and API day count agree: unknown 2027-10-03T10:00Z
ok 173 - browser and API day count agree: unknown 2027-10-03T10:00Z
  ---
  duration_ms: 0.031144
  type: 'test'
  ...
# Subtest: browser and API day count agree: unknown 2027-10-03T20:31Z
ok 174 - browser and API day count agree: unknown 2027-10-03T20:31Z
  ---
  duration_ms: 0.030196
  type: 'test'
  ...
# Subtest: checkout key uses cryptographic fallback when randomUUID is unavailable
ok 175 - checkout key uses cryptographic fallback when randomUUID is unavailable
  ---
  duration_ms: 0.154727
  type: 'test'
  ...
# Subtest: checkout refuses an insecure randomness fallback
ok 176 - checkout refuses an insecure randomness fallback
  ---
  duration_ms: 0.193041
  type: 'test'
  ...
# Subtest: approved hosted checkout URL stripe
ok 177 - approved hosted checkout URL stripe
  ---
  duration_ms: 0.136827
  type: 'test'
  ...
# Subtest: approved hosted checkout URL paypal
ok 178 - approved hosted checkout URL paypal
  ---
  duration_ms: 0.039121
  type: 'test'
  ...
# Subtest: unsafe checkout URL rejected https://checkout.stripe.com.evil.test
ok 179 - unsafe checkout URL rejected https://checkout.stripe.com.evil.test
  ---
  duration_ms: 0.113132
  type: 'test'
  ...
# Subtest: unsafe checkout URL rejected http://checkout.stripe.com/a
ok 180 - unsafe checkout URL rejected http://checkout.stripe.com/a
  ---
  duration_ms: 0.045755
  type: 'test'
  ...
# Subtest: unsafe checkout URL rejected https://u:p@checkout.stripe.com
ok 181 - unsafe checkout URL rejected https://u:p@checkout.stripe.com
  ---
  duration_ms: 0.04335
  type: 'test'
  ...
# Subtest: unsafe checkout URL rejected https://checkout.stripe.com:444/a
ok 182 - unsafe checkout URL rejected https://checkout.stripe.com:444/a
  ---
  duration_ms: 0.03703
  type: 'test'
  ...
# Subtest: unsafe checkout URL rejected undefined
ok 183 - unsafe checkout URL rejected undefined
  ---
  duration_ms: 0.032086
  type: 'test'
  ...
# Subtest: only stale code chunk errors are eligible for automatic reload
ok 184 - only stale code chunk errors are eligible for automatic reload
  ---
  duration_ms: 0.332539
  type: 'test'
  ...
# Subtest: stale chunk reload is bounded even when replacement fails
ok 185 - stale chunk reload is bounded even when replacement fails
  ---
  duration_ms: 0.148762
  type: 'test'
  ...
# Subtest: blocked browser storage cannot create a reload loop
ok 186 - blocked browser storage cannot create a reload loop
  ---
  duration_ms: 0.137858
  type: 'test'
  ...
# Subtest: rapid checkout clicks create one request and same key is retained after provider Back
ok 187 - rapid checkout clicks create one request and same key is retained after provider Back
  ---
  duration_ms: 145.745493
  type: 'test'
  ...
# Subtest: checkout timeout releases busy state but never automatically repeats a purchase
ok 188 - checkout timeout releases busy state but never automatically repeats a purchase
  ---
  duration_ms: 107.998555
  type: 'test'
  ...
# Subtest: malformed historical website content cannot break image rendering: null
ok 189 - malformed historical website content cannot break image rendering: null
  ---
  duration_ms: 0.264463
  type: 'test'
  ...
# Subtest: malformed historical website content cannot break image rendering: undefined
ok 190 - malformed historical website content cannot break image rendering: undefined
  ---
  duration_ms: 0.080849
  type: 'test'
  ...
# Subtest: malformed historical website content cannot break image rendering: []
ok 191 - malformed historical website content cannot break image rendering: []
  ---
  duration_ms: 0.066863
  type: 'test'
  ...
# Subtest: malformed historical website content cannot break image rendering: {"images":{}}
ok 192 - malformed historical website content cannot break image rendering: {"images":{}}
  ---
  duration_ms: 0.057397
  type: 'test'
  ...
# Subtest: malformed historical website content cannot break image rendering: {"images":"bad","text":[]}
ok 193 - malformed historical website content cannot break image rendering: {"images":"bad","text":[]}
  ---
  duration_ms: 0.056126
  type: 'test'
  ...
# Subtest: malformed historical website content cannot break image rendering: {"images":[null,"x",{},42],"text":{"key":12}}
ok 194 - malformed historical website content cannot break image rendering: {"images":[null,"x",{},42],"text":{"key":12}}
  ---
  duration_ms: 0.521767
  type: 'test'
  ...
# Subtest: payment return reconciles once and stops polling after server-confirmed payment
ok 195 - payment return reconciles once and stops polling after server-confirmed payment
  ---
  duration_ms: 56.011891
  type: 'test'
  ...
# Subtest: cancelled provider return only reads status and never requests capture
ok 196 - cancelled provider return only reads status and never requests capture
  ---
  duration_ms: 71.971855
  type: 'test'
  ...
# Subtest: pending payment confirmation is single-flight even if page events repeat
ok 197 - pending payment confirmation is single-flight even if page events repeat
  ---
  duration_ms: 38.686775
  type: 'test'
  ...
# Subtest: bad payment response displays retry, not a render exception or success
ok 198 - bad payment response displays retry, not a render exception or success
  ---
  duration_ms: 23.361945
  type: 'test'
  ...
# Subtest: guest landing CTA retains target before sign-in: /about
ok 199 - guest landing CTA retains target before sign-in: /about
  ---
  duration_ms: 9.504463
  type: 'test'
  ...
# Subtest: guest landing CTA retains target before sign-in: /courses?category=leadership
ok 200 - guest landing CTA retains target before sign-in: /courses?category=leadership
  ---
  duration_ms: 6.81
  type: 'test'
  ...
# Subtest: guest landing CTA retains target before sign-in: \#pricing
ok 201 - guest landing CTA retains target before sign-in: \#pricing
  ---
  duration_ms: 18.082593
  type: 'test'
  ...
# Subtest: guest landing CTA retains target before sign-in: /\#courses
ok 202 - guest landing CTA retains target before sign-in: /\#courses
  ---
  duration_ms: 7.196393
  type: 'test'
  ...
# Subtest: essential/external landing link is not trapped in a login loop: /
ok 203 - essential/external landing link is not trapped in a login loop: /
  ---
  duration_ms: 6.825387
  type: 'test'
  ...
# Subtest: essential/external landing link is not trapped in a login loop: /login
ok 204 - essential/external landing link is not trapped in a login loop: /login
  ---
  duration_ms: 5.663646
  type: 'test'
  ...
# Subtest: essential/external landing link is not trapped in a login loop: /register
ok 205 - essential/external landing link is not trapped in a login loop: /register
  ---
  duration_ms: 9.062202
  type: 'test'
  ...
# Subtest: essential/external landing link is not trapped in a login loop: /terms
ok 206 - essential/external landing link is not trapped in a login loop: /terms
  ---
  duration_ms: 12.622711
  type: 'test'
  ...
# Subtest: essential/external landing link is not trapped in a login loop: mailto:info@singhacademy.com
ok 207 - essential/external landing link is not trapped in a login loop: mailto:info@singhacademy.com
  ---
  duration_ms: 9.207989
  type: 'test'
  ...
# Subtest: essential/external landing link is not trapped in a login loop: https://www.youtube.com/
ok 208 - essential/external landing link is not trapped in a login loop: https://www.youtube.com/
  ---
  duration_ms: 15.660982
  type: 'test'
  ...
# Subtest: verified signed-in landing opens Home and links do not redirect to login
ok 209 - verified signed-in landing opens Home and links do not redirect to login
  ---
  duration_ms: 27.825681
  type: 'test'
  ...
# Subtest: guest team modal CTA requires login but menu toggle remains usable
ok 210 - guest team modal CTA requires login but menu toggle remains usable
  ---
  duration_ms: 10.57115
  type: 'test'
  ...
# Subtest: landing courses/team/reviews consumers share one network request
ok 211 - landing courses/team/reviews consumers share one network request
  ---
  duration_ms: 72.066425
  type: 'test'
  ...
# Subtest: failed compact session is not immediately retried by API client
ok 212 - failed compact session is not immediately retried by API client
  ---
  duration_ms: 72.580703
  type: 'test'
  ...
# Subtest: explicit logout also fences compact session rechecks
ok 213 - explicit logout also fences compact session rechecks
  ---
  duration_ms: 32.809722
  type: 'test'
  ...
# Subtest: lost create reply recovers the SAME hosted checkout with read-only lookup and one POST
ok 214 - lost create reply recovers the SAME hosted checkout with read-only lookup and one POST
  ---
  duration_ms: 36.043975
  type: 'test'
  ...
# Subtest: lost create reply with completed payment opens receipt status rather than asking for payment again
ok 215 - lost create reply with completed payment opens receipt status rather than asking for payment again
  ---
  duration_ms: 31.86483
  type: 'test'
  ...
# Subtest: unconfirmed checkout offers status check, not a fresh key/new payment
ok 216 - unconfirmed checkout offers status check, not a fresh key/new payment
  ---
  duration_ms: 27.938245
  type: 'test'
  ...
# Subtest: provider-confirmed closed checkout can intentionally obtain a fresh request key
ok 217 - provider-confirmed closed checkout can intentionally obtain a fresh request key
  ---
  duration_ms: 38.091018
  type: 'test'
  ...
# Subtest: checkout feedback appears immediately and escalates slow provider status without repeating the POST
ok 218 - checkout feedback appears immediately and escalates slow provider status without repeating the POST
  ---
  duration_ms: 21.053386
  type: 'test'
  ...
# Subtest: SSR-authenticated header does not expose an enabled inert Logout button
ok 219 - SSR-authenticated header does not expose an enabled inert Logout button
  ---
  duration_ms: 33.533044
  type: 'test'
  ...
# Subtest: server and first hydration render have identical account-control trees
ok 220 - server and first hydration render have identical account-control trees
  ---
  duration_ms: 36.038943
  type: 'test'
  ...
# Subtest: hydration enables Logout and the immediate first click calls the provider once
ok 221 - hydration enables Logout and the immediate first click calls the provider once
  ---
  duration_ms: 16.722501
  type: 'test'
  ...
# Subtest: double logout click before a rerender is synchronously deduplicated
ok 222 - double logout click before a rerender is synchronously deduplicated
  ---
  duration_ms: 14.990994
  type: 'test'
  ...
# Subtest: provider-level signing out also disables stale header controls
ok 223 - provider-level signing out also disables stale header controls
  ---
  duration_ms: 28.943179
  type: 'test'
  ...
# Subtest: menu hydration gate does not change the hydrated menu layout/classes
ok 224 - menu hydration gate does not change the hydrated menu layout/classes
  ---
  duration_ms: 59.041716
  type: 'test'
  ...
# Subtest: guest header still links to login with a preserved destination and offers no logout
ok 225 - guest header still links to login with a preserved destination and offers no logout
  ---
  duration_ms: 24.727331
  type: 'test'
  ...
# Subtest: Next config preserves raw middleware URLs in development
ok 226 - Next config preserves raw middleware URLs in development
  ---
  duration_ms: 10.326112
  type: 'test'
  ...
# Subtest: Next config preserves raw middleware URLs in production
ok 227 - Next config preserves raw middleware URLs in production
  ---
  duration_ms: 8.025946
  type: 'test'
  ...
# Subtest: middleware auth redirect retains exact protocol, hostname and port: http://127.0.0.1:3108
ok 228 - middleware auth redirect retains exact protocol, hostname and port: http://127.0.0.1:3108
  ---
  duration_ms: 39.113266
  type: 'test'
  ...
# Subtest: middleware auth redirect retains exact protocol, hostname and port: http://localhost:3108
ok 229 - middleware auth redirect retains exact protocol, hostname and port: http://localhost:3108
  ---
  duration_ms: 5.805266
  type: 'test'
  ...
# Subtest: middleware auth redirect retains exact protocol, hostname and port: http://[::1]:3108
ok 230 - middleware auth redirect retains exact protocol, hostname and port: http://[::1]:3108
  ---
  duration_ms: 14.756196
  type: 'test'
  ...
# Subtest: middleware auth redirect retains exact protocol, hostname and port: https://singhacademy.com
ok 231 - middleware auth redirect retains exact protocol, hostname and port: https://singhacademy.com
  ---
  duration_ms: 15.890472
  type: 'test'
  ...
# Subtest: middleware auth redirect retains exact protocol, hostname and port: https://staging.example.invalid
ok 232 - middleware auth redirect retains exact protocol, hostname and port: https://staging.example.invalid
  ---
  duration_ms: 18.818205
  type: 'test'
  ...
# Subtest: safe sign-in destination undefined
ok 233 - safe sign-in destination undefined
  ---
  duration_ms: 9.943764
  type: 'test'
  ...
# Subtest: safe sign-in destination null
ok 234 - safe sign-in destination null
  ---
  duration_ms: 0.201072
  type: 'test'
  ...
# Subtest: safe sign-in destination /
ok 235 - safe sign-in destination /
  ---
  duration_ms: 0.487027
  type: 'test'
  ...
# Subtest: safe sign-in destination /login
ok 236 - safe sign-in destination /login
  ---
  duration_ms: 0.169373
  type: 'test'
  ...
# Subtest: safe sign-in destination /register?next=/about
ok 237 - safe sign-in destination /register?next=/about
  ---
  duration_ms: 0.198025
  type: 'test'
  ...
# Subtest: safe sign-in destination /about
ok 238 - safe sign-in destination /about
  ---
  duration_ms: 0.339473
  type: 'test'
  ...
# Subtest: safe sign-in destination /courses?tag=public%20speaking
ok 239 - safe sign-in destination /courses?tag=public%20speaking
  ---
  duration_ms: 0.13246
  type: 'test'
  ...
# Subtest: safe sign-in destination /\#courses
ok 240 - safe sign-in destination /\#courses
  ---
  duration_ms: 0.109953
  type: 'test'
  ...
# Subtest: safe sign-in destination /\#pricing
ok 241 - safe sign-in destination /\#pricing
  ---
  duration_ms: 0.349136
  type: 'test'
  ...
# Subtest: safe sign-in destination /\#reviews
ok 242 - safe sign-in destination /\#reviews
  ---
  duration_ms: 0.667797
  type: 'test'
  ...
# Subtest: dangerous/loop auth target rejected https://evil.test
ok 243 - dangerous/loop auth target rejected https://evil.test
  ---
  duration_ms: 0.195825
  type: 'test'
  ...
# Subtest: dangerous/loop auth target rejected //evil.test
ok 244 - dangerous/loop auth target rejected //evil.test
  ---
  duration_ms: 0.069986
  type: 'test'
  ...
# Subtest: dangerous/loop auth target rejected /\\evil.test
ok 245 - dangerous/loop auth target rejected /\\evil.test
  ---
  duration_ms: 0.05683
  type: 'test'
  ...
# Subtest: dangerous/loop auth target rejected /%2f%2fevil.test
ok 246 - dangerous/loop auth target rejected /%2f%2fevil.test
  ---
  duration_ms: 0.049824
  type: 'test'
  ...
# Subtest: dangerous/loop auth target rejected /%61dmin
ok 247 - dangerous/loop auth target rejected /%61dmin
  ---
  duration_ms: 0.145217
  type: 'test'
  ...
# Subtest: dangerous/loop auth target rejected /ADMIN
ok 248 - dangerous/loop auth target rejected /ADMIN
  ---
  duration_ms: 0.084185
  type: 'test'
  ...
# Subtest: dangerous/loop auth target rejected /super-admin
ok 249 - dangerous/loop auth target rejected /super-admin
  ---
  duration_ms: 0.121427
  type: 'test'
  ...
# Subtest: dangerous/loop auth target rejected /x/../login
ok 250 - dangerous/loop auth target rejected /x/../login
  ---
  duration_ms: 0.072504
  type: 'test'
  ...
# Subtest: dangerous/loop auth target rejected /%00evil
ok 251 - dangerous/loop auth target rejected /%00evil
  ---
  duration_ms: 0.04901
  type: 'test'
  ...
# Subtest: dangerous/loop auth target rejected /%255c%255cevil.test
ok 252 - dangerous/loop auth target rejected /%255c%255cevil.test
  ---
  duration_ms: 0.049077
  type: 'test'
  ...
# Subtest: dangerous/loop auth target rejected /api/auth/login
ok 253 - dangerous/loop auth target rejected /api/auth/login
  ---
  duration_ms: 0.053853
  type: 'test'
  ...
# Subtest: server verified student skips auth/landing: /
ok 254 - server verified student skips auth/landing: /
  ---
  duration_ms: 5.789301
  type: 'test'
  ...
# Subtest: server verified student skips auth/landing: /login
ok 255 - server verified student skips auth/landing: /login
  ---
  duration_ms: 1.048
  type: 'test'
  ...
# Subtest: server verified student skips auth/landing: /register
ok 256 - server verified student skips auth/landing: /register
  ---
  duration_ms: 0.928715
  type: 'test'
  ...
# Subtest: server verified student skips auth/landing: /login?next=%2Fabout
ok 257 - server verified student skips auth/landing: /login?next=%2Fabout
  ---
  duration_ms: 0.897972
  type: 'test'
  ...
# Subtest: server verified student skips auth/landing: /login?next=%2F
ok 258 - server verified student skips auth/landing: /login?next=%2F
  ---
  duration_ms: 1.153526
  type: 'test'
  ...
# Subtest: server verified student skips auth/landing: /register?next=%2Fcourses
ok 259 - server verified student skips auth/landing: /register?next=%2Fcourses
  ---
  duration_ms: 0.872032
  type: 'test'
  ...
# Subtest: guest public entry supplies one deterministic anonymous hydration snapshot: /
ok 260 - guest public entry supplies one deterministic anonymous hydration snapshot: /
  ---
  duration_ms: 0.275409
  type: 'test'
  ...
# Subtest: guest public entry supplies one deterministic anonymous hydration snapshot: /login
ok 261 - guest public entry supplies one deterministic anonymous hydration snapshot: /login
  ---
  duration_ms: 0.142031
  type: 'test'
  ...
# Subtest: guest public entry supplies one deterministic anonymous hydration snapshot: /register
ok 262 - guest public entry supplies one deterministic anonymous hydration snapshot: /register
  ---
  duration_ms: 0.482111
  type: 'test'
  ...
# Subtest: explicit logout prevents stale server cookie auto-login on /
ok 263 - explicit logout prevents stale server cookie auto-login on /
  ---
  duration_ms: 0.354308
  type: 'test'
  ...
# Subtest: explicit logout prevents stale server cookie auto-login on /login?next=%2Fabout
ok 264 - explicit logout prevents stale server cookie auto-login on /login?next=%2Fabout
  ---
  duration_ms: 0.144571
  type: 'test'
  ...
# Subtest: temporary backend failure keeps public entry available but unresolved: /
ok 265 - temporary backend failure keeps public entry available but unresolved: /
  ---
  duration_ms: 0.504363
  type: 'test'
  ...
# Subtest: temporary backend failure keeps public entry available but unresolved: /login
ok 266 - temporary backend failure keeps public entry available but unresolved: /login
  ---
  duration_ms: 0.442412
  type: 'test'
  ...
# Subtest: staff entry verifies only its own portal /admin/login
ok 267 - staff entry verifies only its own portal /admin/login
  ---
  duration_ms: 1.459593
  type: 'test'
  ...
# Subtest: staff entry verifies only its own portal /super-admin/login
ok 268 - staff entry verifies only its own portal /super-admin/login
  ---
  duration_ms: 0.582411
  type: 'test'
  ...
# Subtest: useHydrated uses identical false server/hydration snapshot even if the browser snapshot is true
ok 269 - useHydrated uses identical false server/hydration snapshot even if the browser snapshot is true
  ---
  duration_ms: 4.957984
  type: 'test'
  ...
# Subtest: late nested auth hydration reads immutable server seed, not already-updated browser state
ok 270 - late nested auth hydration reads immutable server seed, not already-updated browser state
  ---
  duration_ms: 87.899415
  type: 'test'
  ...
# Subtest: late website text/image hydration sees exact SSR defaults, then live CMS data
ok 271 - late website text/image hydration sees exact SSR defaults, then live CMS data
  ---
  duration_ms: 10.704935
  type: 'test'
  ...
# Subtest: Back inside an autofilled login form is explicitly non-submit and replaces with public landing
ok 272 - Back inside an autofilled login form is explicitly non-submit and replaces with public landing
  ---
  duration_ms: 6.86251
  type: 'test'
  ...
# Subtest: one auth-boundary document redirect for student
ok 273 - one auth-boundary document redirect for student
  ---
  duration_ms: 36.598622
  type: 'test'
  ...
# Subtest: one auth-boundary document redirect for client_admin
ok 274 - one auth-boundary document redirect for client_admin
  ---
  duration_ms: 20.49661
  type: 'test'
  ...
# Subtest: one auth-boundary document redirect for super_admin
ok 275 - one auth-boundary document redirect for super_admin
  ---
  duration_ms: 13.769678
  type: 'test'
  ...
# Subtest: auth document redirect refuses foreign origin
ok 276 - auth document redirect refuses foreign origin
  ---
  duration_ms: 50.285635
  type: 'test'
  ...
# Subtest: intentional login double-click submits once and goes to intended page using form data
ok 277 - intentional login double-click submits once and goes to intended page using form data
  ---
  duration_ms: 16.513905
  type: 'test'
  ...
# Subtest: login next=/ goes to signed-in home rather than marketing landing
ok 278 - login next=/ goes to signed-in home rather than marketing landing
  ---
  duration_ms: 12.045472
  type: 'test'
  ...
# Subtest: fixture controls require the fixed local test header and ordinary API needs authentication
ok 279 - fixture controls require the fixed local test header and ordinary API needs authentication
  ---
  duration_ms: 86.386622
  type: 'test'
  ...
# Subtest: fixture login/logout uses root cookie and subsequent requests cannot revive the revoked token
ok 280 - fixture login/logout uses root cookie and subsequent requests cannot revive the revoked token
  ---
  duration_ms: 27.958697
  type: 'test'
  ...
# Subtest: fixture stripe/course: replay one key, approval once, owned invoice and grant
ok 281 - fixture stripe/course: replay one key, approval once, owned invoice and grant
  ---
  duration_ms: 52.37367
  type: 'test'
  ...
# Subtest: fixture stripe/membership: replay one key, approval once, owned invoice and grant
ok 282 - fixture stripe/membership: replay one key, approval once, owned invoice and grant
  ---
  duration_ms: 26.430925
  type: 'test'
  ...
# Subtest: fixture paypal/course: replay one key, approval once, owned invoice and grant
ok 283 - fixture paypal/course: replay one key, approval once, owned invoice and grant
  ---
  duration_ms: 54.495835
  type: 'test'
  ...
# Subtest: fixture paypal/membership: replay one key, approval once, owned invoice and grant
ok 284 - fixture paypal/membership: replay one key, approval once, owned invoice and grant
  ---
  duration_ms: 33.739353
  type: 'test'
  ...
# Subtest: lost checkout HTTP reply retains its original key/order without granting access
ok 285 - lost checkout HTTP reply retains its original key/order without granting access
  ---
  duration_ms: 15.137502
  type: 'test'
  ...
# Subtest: fixture refuses free-course purchase; enrollment does not create payment/invoice
ok 286 - fixture refuses free-course purchase; enrollment does not create payment/invoice
  ---
  duration_ms: 14.861696
  type: 'test'
  ...
# Subtest: fixture authorization binds order status, confirmation, invoice and recovery key to the owner
ok 287 - fixture authorization binds order status, confirmation, invoice and recovery key to the owner
  ---
  duration_ms: 24.805803
  type: 'test'
  ...
# Subtest: closed fixture order never settles even when approval is attempted
ok 288 - closed fixture order never settles even when approval is attempted
  ---
  duration_ms: 17.063813
  type: 'test'
  ...
# Subtest: fixture ignores browser price and rejects a changed product/provider under the same key
ok 289 - fixture ignores browser price and rejects a changed product/provider under the same key
  ---
  duration_ms: 8.648205
  type: 'test'
  ...
# Subtest: unknown checkout identity survives a remount with the same owner/product/provider/key
ok 290 - unknown checkout identity survives a remount with the same owner/product/provider/key
  ---
  duration_ms: 1.288171
  type: 'test'
  ...
# Subtest: browser pending checkout metadata cannot restore a different student identity
ok 291 - browser pending checkout metadata cannot restore a different student identity
  ---
  duration_ms: 0.261094
  type: 'test'
  ...
# Subtest: settled checkout clears only its exact owned order and leaves other account/order attempts
ok 292 - settled checkout clears only its exact owned order and leaves other account/order attempts
  ---
  duration_ms: 0.427177
  type: 'test'
  ...
# Subtest: malformed/mis-scoped pending checkout is never accepted: oops
ok 293 - malformed/mis-scoped pending checkout is never accepted: oops
  ---
  duration_ms: 0.178793
  type: 'test'
  ...
# Subtest: malformed/mis-scoped pending checkout is never accepted: null
ok 294 - malformed/mis-scoped pending checkout is never accepted: null
  ---
  duration_ms: 0.082302
  type: 'test'
  ...
# Subtest: malformed/mis-scoped pending checkout is never accepted: {}
ok 295 - malformed/mis-scoped pending checkout is never accepted: {}
  ---
  duration_ms: 0.109962
  type: 'test'
  ...
# Subtest: malformed/mis-scoped pending checkout is never accepted: {"owner":"aaaaaaaaaaaaaaaaaaaaaaaa","kind":"c
ok 296 - malformed/mis-scoped pending checkout is never accepted: {"owner":"aaaaaaaaaaaaaaaaaaaaaaaa","kind":"c
  ---
  duration_ms: 0.081543
  type: 'test'
  ...
# Subtest: malformed/mis-scoped pending checkout is never accepted: {"owner":"aaaaaaaaaaaaaaaaaaaaaaaa","kind":"c
ok 297 - malformed/mis-scoped pending checkout is never accepted: {"owner":"aaaaaaaaaaaaaaaaaaaaaaaa","kind":"c
  ---
  duration_ms: 0.066853
  type: 'test'
  ...
# Subtest: malformed/mis-scoped pending checkout is never accepted: {"owner":"aaaaaaaaaaaaaaaaaaaaaaaa","kind":"c
ok 298 - malformed/mis-scoped pending checkout is never accepted: {"owner":"aaaaaaaaaaaaaaaaaaaaaaaa","kind":"c
  ---
  duration_ms: 0.438404
  type: 'test'
  ...
# Subtest: malformed/mis-scoped pending checkout is never accepted: {"owner":"another","kind":"course","product":
ok 299 - malformed/mis-scoped pending checkout is never accepted: {"owner":"another","kind":"course","product":
  ---
  duration_ms: 0.306908
  type: 'test'
  ...
# Subtest: browser storage exceptions do not fabricate a settled checkout
ok 300 - browser storage exceptions do not fabricate a settled checkout
  ---
  duration_ms: 0.290823
  type: 'test'
  ...
# Subtest: free-course route is warmed without automatically enrolling or calling checkout
ok 301 - free-course route is warmed without automatically enrolling or calling checkout
  ---
  duration_ms: 60.777968
  type: 'test'
  ...
# Subtest: first free-course Start creates one enrollment and remains busy until learning navigation
ok 302 - first free-course Start creates one enrollment and remains busy until learning navigation
  ---
  duration_ms: 43.114954
  type: 'test'
  ...
# Subtest: free Start remains disabled before hydration and cannot lose the first enabled click
ok 303 - free Start remains disabled before hydration and cannot lose the first enabled click
  ---
  duration_ms: 27.057026
  type: 'test'
  ...
# Subtest: enrollment error shows feedback and releases only the current start lock
ok 304 - enrollment error shows feedback and releases only the current start lock
  ---
  duration_ms: 22.616052
  type: 'test'
  ...
# Subtest: logout/account switch while enrollment is pending prevents late learning navigation
ok 305 - logout/account switch while enrollment is pending prevents late learning navigation
  ---
  duration_ms: 21.077953
  type: 'test'
  ...
# Subtest: changing course while enrollment is pending cancels its stale redirect
ok 306 - changing course while enrollment is pending cancels its stale redirect
  ---
  duration_ms: 28.368858
  type: 'test'
  ...
# Subtest: paid course without access goes to checkout but never creates payment on the detail page
ok 307 - paid course without access goes to checkout but never creates payment on the detail page
  ---
  duration_ms: 23.008871
  type: 'test'
  ...
# Subtest: paid course with verified access only creates its missing enrollment then opens learning
ok 308 - paid course with verified access only creates its missing enrollment then opens learning
  ---
  duration_ms: 22.659612
  type: 'test'
  ...
# Subtest: unresolved Stripe attempt disables PayPal and callback guard refuses a different key
ok 309 - unresolved Stripe attempt disables PayPal and callback guard refuses a different key
  ---
  duration_ms: 43.733901
  type: 'test'
  ...
# Subtest: unresolved purchase fence survives refresh/remount in the same account
ok 310 - unresolved purchase fence survives refresh/remount in the same account
  ---
  duration_ms: 67.034721
  type: 'test'
  ...
# Subtest: another student cannot inherit a browser pending-checkout key
ok 311 - another student cannot inherit a browser pending-checkout key
  ---
  duration_ms: 45.290029
  type: 'test'
  ...
# Subtest: pageshow during unfinished creation cannot unlock a second checkout POST
ok 312 - pageshow during unfinished creation cannot unlock a second checkout POST
  ---
  duration_ms: 36.070842
  type: 'test'
  ...
# Subtest: wrong order/provider identity from a malformed response never redirects to payment
ok 313 - wrong order/provider identity from a malformed response never redirects to payment
  ---
  duration_ms: 24.779965
  type: 'test'
  ...
# Subtest: paid same-key response opens owned receipt status and clears only its retry metadata
ok 314 - paid same-key response opens owned receipt status and clears only its retry metadata
  ---
  duration_ms: 26.876726
  type: 'test'
  ...
# Subtest: pending stored checkout contains no price, user credentials, card data or access grant
ok 315 - pending stored checkout contains no price, user credentials, card data or access grant
  ---
  duration_ms: 31.474432
  type: 'test'
  ...
# Subtest: Next fixture output isolation never changes normal production output: false
ok 316 - Next fixture output isolation never changes normal production output: false
  ---
  duration_ms: 3.939099
  type: 'test'
  ...
# Subtest: Next fixture output isolation never changes normal production output: true
ok 317 - Next fixture output isolation never changes normal production output: true
  ---
  duration_ms: 2.329215
  type: 'test'
  ...
# Subtest: account switch during checkout response cannot redirect or clear another account attempt
ok 318 - account switch during checkout response cannot redirect or clear another account attempt
  ---
  duration_ms: 34.041352
  type: 'test'
  ...
# Subtest: checkout response after a product change cannot navigate the new page to an old purchase
ok 319 - checkout response after a product change cannot navigate the new page to an old purchase
  ---
  duration_ms: 24.584343
  type: 'test'
  ...
1..319
# tests 319
# suites 0
# pass 319
# fail 0
# cancelled 0
# skipped 0
# todo 0
# duration_ms 4384.020741
