
> singh-academy@60.12.2 verify:release
> node scripts/release-check.mjs

Runtime policy PASS: Node 22.16.0; project 60.12.2; accepted 22.x || 24.x.
This only validates the runtime policy and manifest consistency, not application compatibility.

=== Install locked dependencies ===

> singh-academy@60.12.2 install:all
> node scripts/install.mjs

Installing backend dependencies...
npm error code EAI_AGAIN
npm error syscall getaddrinfo
npm error errno EAI_AGAIN
npm error request to https://registry.npmjs.org/bcryptjs failed, reason: getaddrinfo EAI_AGAIN registry.npmjs.org
npm error A complete log of this run can be found in: /home/oai/.npm/_logs/2026-10-04T07_15_50_791Z-debug-0.log
file:///mnt/data/v60122_work/SINGH-ACADEMY-V60.12.2-COMPLETE/scripts/commands.mjs:5
 if(result.error)throw result.error;if(result.status!==0)throw new Error(`npm ${args.join(' ')} failed (${result.status??'not started'}). Stop and resolve this error before deployment.`);
                                                               ^

Error: npm install failed (1). Stop and resolve this error before deployment.
    at runNpm [90m(file:///mnt/data/v60122_work/SINGH-ACADEMY-V60.12.2-COMPLETE/[39mscripts/commands.mjs:5:64[90m)[39m
    at [90mfile:///mnt/data/v60122_work/SINGH-ACADEMY-V60.12.2-COMPLETE/[39mscripts/install.mjs:5:121
[90m    at ModuleJob.run (node:internal/modules/esm/module_job:274:25)[39m
[90m    at async onImport.tracePromise.__proto__ (node:internal/modules/esm/loader:644:26)[39m
[90m    at async asyncRunEntryPointWithESMLoader (node:internal/modules/run_main:117:5)[39m

Node.js v22.16.0
npm run install:all failed (1). Stop and resolve this error before deployment.
Check report: qa/release-checks.json
