TAP version 13
# Subtest: API defaults to same-origin /api instead of a visitor localhost
ok 1 - API defaults to same-origin /api instead of a visitor localhost
  ---
  duration_ms: 162.520878
  type: 'test'
  ...
# Subtest: transient GET failure retries once without expiring session
ok 2 - transient GET failure retries once without expiring session
  ---
  duration_ms: 509.876737
  type: 'test'
  ...
# Subtest: long Retry-After is respected without hammering the backend
ok 3 - long Retry-After is respected without hammering the backend
  ---
  duration_ms: 47.534511
  type: 'test'
  ...
# Subtest: only recognized SESSION_REQUIRED requests a session recheck
ok 4 - only recognized SESSION_REQUIRED requests a session recheck
  ---
  duration_ms: 31.750703
  type: 'test'
  ...
# Subtest: provider/password 401 does not clear the student session
ok 5 - provider/password 401 does not clear the student session
  ---
  duration_ms: 28.170485
  type: 'test'
  ...
# Subtest: mutating checkout is never automatically retried
ok 6 - mutating checkout is never automatically retried
  ---
  duration_ms: 21.365974
  type: 'test'
  ...
# Subtest: shared public request survives one subscriber abort
ok 7 - shared public request survives one subscriber abort
  ---
  duration_ms: 27.119286
  type: 'test'
  ...
# Subtest: only public data is reused; private progress is read per request
ok 8 - only public data is reused; private progress is read per request
  ---
  duration_ms: 20.839513
  type: 'test'
  ...
# Subtest: caller cancellation remains AbortError, not a fabricated timeout
ok 9 - caller cancellation remains AbortError, not a fabricated timeout
  ---
  duration_ms: 20.090438
  type: 'test'
  ...
# Subtest: stale 401 from before a new login cannot invalidate that account
ok 10 - stale 401 from before a new login cannot invalidate that account
  ---
  duration_ms: 18.741441
  type: 'test'
  ...
# Subtest: login-only catalog and private requests both include HttpOnly cookies
ok 11 - login-only catalog and private requests both include HttpOnly cookies
  ---
  duration_ms: 26.211543
  type: 'test'
  ...
# Subtest: invalid upstream HTML is not converted into empty JSON success
ok 12 - invalid upstream HTML is not converted into empty JSON success
  ---
  duration_ms: 416.655358
  type: 'test'
  ...
# Subtest: successful logout fences cached session replies across reloads until credentials login
ok 13 - successful logout fences cached session replies across reloads until credentials login
  ---
  duration_ms: 29.389726
  type: 'test'
  ...
# Subtest: late successful private response from before logout cannot expose old billing
ok 14 - late successful private response from before logout cannot expose old billing
  ---
  duration_ms: 22.12234
  type: 'test'
  ...
# Subtest: logout waits for an older credentials Set-Cookie before revoking it and never delivers the stale user
ok 15 - logout waits for an older credentials Set-Cookie before revoking it and never delivers the stale user
  ---
  duration_ms: 32.561776
  type: 'test'
  ...
# Subtest: logout fence does not hide public reviews or public payment methods
ok 16 - logout fence does not hide public reviews or public payment methods
  ---
  duration_ms: 21.861028
  type: 'test'
  ...
# Subtest: failed explicit logout does not restore browser identity and can be retried
ok 17 - failed explicit logout does not restore browser identity and can be retried
  ---
  duration_ms: 26.563932
  type: 'test'
  ...
# Subtest: explicit new login waits for pending logout cookie expiration before it sends credentials
ok 18 - explicit new login waits for pending logout cookie expiration before it sends credentials
  ---
  duration_ms: 15.226813
  type: 'test'
  ...
# Subtest: simultaneous logout clicks share a single revocation request
ok 19 - simultaneous logout clicks share a single revocation request
  ---
  duration_ms: 15.800274
  type: 'test'
  ...
# Subtest: catalog memoization is portal-specific even with an explicit portal header
ok 20 - catalog memoization is portal-specific even with an explicit portal header
  ---
  duration_ms: 23.248712
  type: 'test'
  ...
# Subtest: logout drops the catalog snapshot instead of exposing cached content after sign-out
ok 21 - logout drops the catalog snapshot instead of exposing cached content after sign-out
  ---
  duration_ms: 16.469128
  type: 'test'
  ...
# Subtest: late catalog response from before logout cannot repopulate a new session cache
ok 22 - late catalog response from before logout cannot repopulate a new session cache
  ---
  duration_ms: 20.980035
  type: 'test'
  ...
# Subtest: invalid login response cannot clear explicit logout fence: {"success":true}
ok 23 - invalid login response cannot clear explicit logout fence: {"success":true}
  ---
  duration_ms: 16.192363
  type: 'test'
  ...
# Subtest: invalid login response cannot clear explicit logout fence: {"success":true,"user":{"id":"student-a"}}
ok 24 - invalid login response cannot clear explicit logout fence: {"success":true,"user":{"id":"student-a"}}
  ---
  duration_ms: 18.567256
  type: 'test'
  ...
# Subtest: invalid login response cannot clear explicit logout fence: {"success":true,"user":{"id":"admin-a","role":"client_admin"}}
ok 25 - invalid login response cannot clear explicit logout fence: {"success":true,"user":{"id":"admin-a","role":"client_admin"}}
  ---
  duration_ms: 21.506195
  type: 'test'
  ...
# Subtest: invalid login response cannot clear explicit logout fence: {"success":true,"user":{"role":"student"}}
ok 26 - invalid login response cannot clear explicit logout fence: {"success":true,"user":{"role":"student"}}
  ---
  duration_ms: 20.195767
  type: 'test'
  ...
# Subtest: invalid login response cannot clear explicit logout fence: {"user":{"id":"student-a","role":"student"}}
ok 27 - invalid login response cannot clear explicit logout fence: {"user":{"id":"student-a","role":"student"}}
  ---
  duration_ms: 19.217156
  type: 'test'
  ...
# Subtest: verified student remains signed in after transient session 503
ok 28 - verified student remains signed in after transient session 503
  ---
  duration_ms: 145.816884
  type: 'test'
  ...
# Subtest: initial session failure stays unresolved rather than redirecting as an anonymous user
ok 29 - initial session failure stays unresolved rather than redirecting as an anonymous user
  ---
  duration_ms: 39.385377
  type: 'test'
  ...
# Subtest: identical session refresh preserves user object identity and therefore learning draft dependencies
ok 30 - identical session refresh preserves user object identity and therefore learning draft dependencies
  ---
  duration_ms: 39.993681
  type: 'test'
  ...
# Subtest: confirmed anonymous session actually clears expired authentication
ok 31 - confirmed anonymous session actually clears expired authentication
  ---
  duration_ms: 49.118767
  type: 'test'
  ...
# Subtest: old anonymous response cannot overwrite a later successful login
ok 32 - old anonymous response cannot overwrite a later successful login
  ---
  duration_ms: 29.006839
  type: 'test'
  ...
# Subtest: failed explicit logout hides local identity and reports that server revocation needs retry
ok 33 - failed explicit logout hides local identity and reports that server revocation needs retry
  ---
  duration_ms: 22.880296
  type: 'test'
  ...
# Subtest: switching portals never reuses a student identity for client admin
ok 34 - switching portals never reuses a student identity for client admin
  ---
  duration_ms: 34.563615
  type: 'test'
  ...
# Subtest: changing accounts updates identity without remounting the whole root hydration tree
ok 35 - changing accounts updates identity without remounting the whole root hydration tree
  ---
  duration_ms: 25.394152
  type: 'test'
  ...
# Subtest: duplicate unauthorized notifications share one session revalidation
ok 36 - duplicate unauthorized notifications share one session revalidation
  ---
  duration_ms: 21.285752
  type: 'test'
  ...
# Subtest: successful logout survives pageshow, focus and manual session refresh
ok 37 - successful logout survives pageshow, focus and manual session refresh
  ---
  duration_ms: 19.073358
  type: 'test'
  ...
# Subtest: old session GET finishing after logout cannot bring the student back
ok 38 - old session GET finishing after logout cannot bring the student back
  ---
  duration_ms: 29.429914
  type: 'test'
  ...
# Subtest: storage logout from another tab clears current account immediately
ok 39 - storage logout from another tab clears current account immediately
  ---
  duration_ms: 19.479619
  type: 'test'
  ...
# Subtest: actual explicit sign-in after logout restores the newly authenticated account
ok 40 - actual explicit sign-in after logout restores the newly authenticated account
  ---
  duration_ms: 24.356444
  type: 'test'
  ...
# Subtest: student logout boundary does not sign out a separately authenticated admin
ok 41 - student logout boundary does not sign out a separately authenticated admin
  ---
  duration_ms: 18.476291
  type: 'test'
  ...
# Subtest: late student logout response cannot replace a separately opened admin session
ok 42 - late student logout response cannot replace a separately opened admin session
  ---
  duration_ms: 22.015948
  type: 'test'
  ...
# Subtest: logout success cannot clear a newer explicitly authenticated identity
ok 43 - logout success cannot clear a newer explicitly authenticated identity
  ---
  duration_ms: 19.173348
  type: 'test'
  ...
# Subtest: server-verified page session bootstraps login without a duplicate initial request
ok 44 - server-verified page session bootstraps login without a duplicate initial request
  ---
  duration_ms: 28.372846
  type: 'test'
  ...
# Subtest: verified bootstrap cannot resurrect identity after explicit logout
ok 45 - verified bootstrap cannot resurrect identity after explicit logout
  ---
  duration_ms: 17.977062
  type: 'test'
  ...
# Subtest: logout coordinates exactly one document replacement to the public landing
ok 46 - logout coordinates exactly one document replacement to the public landing
  ---
  duration_ms: 21.340885
  type: 'test'
  ...
# Subtest: unconfirmed logout response preserves a retry marker and never restores stale identity
ok 47 - unconfirmed logout response preserves a retry marker and never restores stale identity
  ---
  duration_ms: 16.48439
  type: 'test'
  ...
# Subtest: catalog hydration is deterministic then reuses known cached empty data before network completes
ok 48 - catalog hydration is deterministic then reuses known cached empty data before network completes
  ---
  duration_ms: 69.003675
  type: 'test'
  ...
# Subtest: transient catalog refresh failure keeps real previous courses visible
ok 49 - transient catalog refresh failure keeps real previous courses visible
  ---
  duration_ms: 12.913426
  type: 'test'
  ...
# Subtest: catalog background refresh pauses while hidden and offline
ok 50 - catalog background refresh pauses while hidden and offline
  ---
  duration_ms: 10.225628
  type: 'test'
  ...
# Subtest: malformed team/catalog response is an error, not a successful empty library
ok 51 - malformed team/catalog response is an error, not a successful empty library
  ---
  duration_ms: 11.323879
  type: 'test'
  ...
# Subtest: manual retry invalidates only catalog reuse then re-reads
ok 52 - manual retry invalidates only catalog reuse then re-reads
  ---
  duration_ms: 8.469271
  type: 'test'
  ...
# Subtest: pending certificate becomes downloadable status without reloading course/progress
ok 53 - pending certificate becomes downloadable status without reloading course/progress
  ---
  duration_ms: 1.516557
  type: 'test'
  ...
# Subtest: all views of the same certificate share one request and notify both subscribers
ok 54 - all views of the same certificate share one request and notify both subscribers
  ---
  duration_ms: 0.285129
  type: 'test'
  ...
# Subtest: pending interval is bounded at 3 seconds, no immediate recursive polling
ok 55 - pending interval is bounded at 3 seconds, no immediate recursive polling
  ---
  duration_ms: 0.174922
  type: 'test'
  ...
# Subtest: identical status does not trigger redundant component rendering
ok 56 - identical status does not trigger redundant component rendering
  ---
  duration_ms: 0.287892
  type: 'test'
  ...
# Subtest: hidden/offline document does not poll and visibility wake resumes
ok 57 - hidden/offline document does not poll and visibility wake resumes
  ---
  duration_ms: 0.234272
  type: 'test'
  ...
# Subtest: in-flight requests never overlap during focus storms
ok 58 - in-flight requests never overlap during focus storms
  ---
  duration_ms: 0.238498
  type: 'test'
  ...
# Subtest: last unmount cancels work and late status cannot update another account
ok 59 - last unmount cancels work and late status cannot update another account
  ---
  duration_ms: 0.225159
  type: 'test'
  ...
# Subtest: unrequested certificate IDs from a malformed response are never merged
ok 60 - unrequested certificate IDs from a malformed response are never merged
  ---
  duration_ms: 0.254081
  type: 'test'
  ...
# Subtest: temporary failure preserves pending record and backs off
ok 61 - temporary failure preserves pending record and backs off
  ---
  duration_ms: 0.59908
  type: 'test'
  ...
# Subtest: status feeds batch at most 100 IDs per backend read
ok 62 - status feeds batch at most 100 IDs per backend read
  ---
  duration_ms: 0.764328
  type: 'test'
  ...
# Subtest: new student watcher does not reuse previous students certificate status
ok 63 - new student watcher does not reuse previous students certificate status
  ---
  duration_ms: 0.276105
  type: 'test'
  ...
# Subtest: local smoke permits HTTP only with explicit flag and two loopback targets
ok 64 - local smoke permits HTTP only with explicit flag and two loopback targets
  ---
  duration_ms: 1.124609
  type: 'test'
  ...
# Subtest: local smoke option cannot downgrade public or LAN targets to HTTP
ok 65 - local smoke option cannot downgrade public or LAN targets to HTTP
  ---
  duration_ms: 0.232669
  type: 'test'
  ...
# Subtest: deployed smoke targets require origin-only URLs without embedded credentials
ok 66 - deployed smoke targets require origin-only URLs without embedded credentials
  ---
  duration_ms: 1.035325
  type: 'test'
  ...
# Subtest: deployment CLI accepts expected anonymous catalog 401 and checks both app releases
ok 67 - deployment CLI accepts expected anonymous catalog 401 and checks both app releases
  ---
  duration_ms: 191.948305
  type: 'test'
  ...
# Subtest: a new API behind an old frontend is detected, not falsely declared ready
ok 68 - a new API behind an old frontend is detected, not falsely declared ready
  ---
  duration_ms: 141.625668
  type: 'test'
  ...
# Subtest: two health version mismatches fail even when HTTP 200
ok 69 - two health version mismatches fail even when HTTP 200
  ---
  duration_ms: 121.076431
  type: 'test'
  ...
# Subtest: unprotected anonymous catalog is a deployment security failure
ok 70 - unprotected anonymous catalog is a deployment security failure
  ---
  duration_ms: 122.917376
  type: 'test'
  ...
# Subtest: public landing summaries are verified, not just static landing HTML
ok 71 - public landing summaries are verified, not just static landing HTML
  ---
  duration_ms: 172.405248
  type: 'test'
  ...
# Subtest: free courses show Start instead of Open/Purchase, even for active members
ok 72 - free courses show Start instead of Open/Purchase, even for active members
  ---
  duration_ms: 0.751208
  type: 'test'
  ...
# Subtest: paid course and membership states keep their existing labels
ok 73 - paid course and membership states keep their existing labels
  ---
  duration_ms: 0.104727
  type: 'test'
  ...
# Subtest: free-course click takes the enrollment path before paid-access or checkout requests
ok 74 - free-course click takes the enrollment path before paid-access or checkout requests
  ---
  duration_ms: 0.290827
  type: 'test'
  ...
# Subtest: YouTube recorded lesson always opens paused at zero https://www.youtube.com/watch?v=abcdefghijk&t=30s
ok 75 - YouTube recorded lesson always opens paused at zero https://www.youtube.com/watch?v=abcdefghijk&t=30s
  ---
  duration_ms: 1.378661
  type: 'test'
  ...
# Subtest: YouTube recorded lesson always opens paused at zero https://youtu.be/abcdefghijk?t=20
ok 76 - YouTube recorded lesson always opens paused at zero https://youtu.be/abcdefghijk?t=20
  ---
  duration_ms: 0.302043
  type: 'test'
  ...
# Subtest: YouTube recorded lesson always opens paused at zero https://www.youtube.com/embed/abcdefghijk?start=35&autoplay=1
ok 77 - YouTube recorded lesson always opens paused at zero https://www.youtube.com/embed/abcdefghijk?start=35&autoplay=1
  ---
  duration_ms: 0.188493
  type: 'test'
  ...
# Subtest: YouTube recorded lesson always opens paused at zero https://youtube.com/shorts/abcdefghijk?feature=share&t=00m30s
ok 78 - YouTube recorded lesson always opens paused at zero https://youtube.com/shorts/abcdefghijk?feature=share&t=00m30s
  ---
  duration_ms: 0.172879
  type: 'test'
  ...
# Subtest: Vimeo keeps unlisted hash but starts at zero https://vimeo.com/123456789/abcdef1234\#t=30s
ok 79 - Vimeo keeps unlisted hash but starts at zero https://vimeo.com/123456789/abcdef1234\#t=30s
  ---
  duration_ms: 0.211568
  type: 'test'
  ...
# Subtest: Vimeo keeps unlisted hash but starts at zero https://player.vimeo.com/video/123456789?h=abcdef1234&autoplay=1\#t=20s
ok 80 - Vimeo keeps unlisted hash but starts at zero https://player.vimeo.com/video/123456789?h=abcdef1234&autoplay=1\#t=20s
  ---
  duration_ms: 0.163155
  type: 'test'
  ...
# Subtest: native video fragment seek is removed while signed query is preserved
ok 81 - native video fragment seek is removed while signed query is preserved
  ---
  duration_ms: 0.446231
  type: 'test'
  ...
# Subtest: unsafe video URL rejected javascript:alert(1)
ok 82 - unsafe video URL rejected javascript:alert(1)
  ---
  duration_ms: 0.11336
  type: 'test'
  ...
# Subtest: unsafe video URL rejected data:video/mp4;base64,ABC
ok 83 - unsafe video URL rejected data:video/mp4;base64,ABC
  ---
  duration_ms: 0.238939
  type: 'test'
  ...
# Subtest: unsafe video URL rejected https://user:pass@videos.example.test/lesson.mp4
ok 84 - unsafe video URL rejected https://user:pass@videos.example.test/lesson.mp4
  ---
  duration_ms: 0.298488
  type: 'test'
  ...
# Subtest: look-alike YouTube host is never trusted as a YouTube iframe
ok 85 - look-alike YouTube host is never trusted as a YouTube iframe
  ---
  duration_ms: 0.20674
  type: 'test'
  ...
# Subtest: Twitch recorded video has one autoplay flag and zero timestamp
ok 86 - Twitch recorded video has one autoplay flag and zero timestamp
  ---
  duration_ms: 0.649035
  type: 'test'
  ...
# Subtest: native player prepares metadata and resets to 0 without autoplay before user input
ok 87 - native player prepares metadata and resets to 0 without autoplay before user input
  ---
  duration_ms: 52.038327
  type: 'test'
  ...
# Subtest: poster prewarms paused; early Play waits for API ready and does not reload source
ok 88 - poster prewarms paused; early Play waits for API ready and does not reload source
  ---
  duration_ms: 30.663259
  type: 'test'
  ...
# Subtest: lesson identity is part of main and block player keys
ok 89 - lesson identity is part of main and block player keys
  ---
  duration_ms: 0.417026
  type: 'test'
  ...
# Subtest: only internal GridFS IDs get bounded responsive image URLs
ok 90 - only internal GridFS IDs get bounded responsive image URLs
  ---
  duration_ms: 0.446311
  type: 'test'
  ...
# Subtest: external signed images are not modified during retries
ok 91 - external signed images are not modified during retries
  ---
  duration_ms: 0.118668
  type: 'test'
  ...
# Subtest: broken optimized variant falls back to original image before placeholder
ok 92 - broken optimized variant falls back to original image before placeholder
  ---
  duration_ms: 18.38031
  type: 'test'
  ...
# Subtest: transient original failure retries once, then uses safe placeholder without looping
ok 93 - transient original failure retries once, then uses safe placeholder without looping
  ---
  duration_ms: 52.715394
  type: 'test'
  ...
# Subtest: changing image resets error state and cancels stale retry
ok 94 - changing image resets error state and cancels stale retry
  ---
  duration_ms: 17.074427
  type: 'test'
  ...
# Subtest: direct guest page redirects without exposing content: /home
ok 95 - direct guest page redirects without exposing content: /home
  ---
  duration_ms: 2.73631
  type: 'test'
  ...
# Subtest: direct guest page redirects without exposing content: /about
ok 96 - direct guest page redirects without exposing content: /about
  ---
  duration_ms: 0.301653
  type: 'test'
  ...
# Subtest: direct guest page redirects without exposing content: /courses
ok 97 - direct guest page redirects without exposing content: /courses
  ---
  duration_ms: 0.180952
  type: 'test'
  ...
# Subtest: direct guest page redirects without exposing content: /courses/test
ok 98 - direct guest page redirects without exposing content: /courses/test
  ---
  duration_ms: 0.171518
  type: 'test'
  ...
# Subtest: direct guest page redirects without exposing content: /team
ok 99 - direct guest page redirects without exposing content: /team
  ---
  duration_ms: 0.264477
  type: 'test'
  ...
# Subtest: direct guest page redirects without exposing content: /events
ok 100 - direct guest page redirects without exposing content: /events
  ---
  duration_ms: 0.289245
  type: 'test'
  ...
# Subtest: direct guest page redirects without exposing content: /contact
ok 101 - direct guest page redirects without exposing content: /contact
  ---
  duration_ms: 0.203496
  type: 'test'
  ...
# Subtest: direct guest page redirects without exposing content: /academy
ok 102 - direct guest page redirects without exposing content: /academy
  ---
  duration_ms: 0.137987
  type: 'test'
  ...
# Subtest: direct guest page redirects without exposing content: /reviews
ok 103 - direct guest page redirects without exposing content: /reviews
  ---
  duration_ms: 0.541363
  type: 'test'
  ...
# Subtest: direct guest page redirects without exposing content: /learn/test
ok 104 - direct guest page redirects without exposing content: /learn/test
  ---
  duration_ms: 0.442906
  type: 'test'
  ...
# Subtest: direct guest page redirects without exposing content: /my-course
ok 105 - direct guest page redirects without exposing content: /my-course
  ---
  duration_ms: 0.245278
  type: 'test'
  ...
# Subtest: direct guest page redirects without exposing content: /billing
ok 106 - direct guest page redirects without exposing content: /billing
  ---
  duration_ms: 0.127802
  type: 'test'
  ...
# Subtest: direct guest page redirects without exposing content: /certificates
ok 107 - direct guest page redirects without exposing content: /certificates
  ---
  duration_ms: 0.101883
  type: 'test'
  ...
# Subtest: direct guest page redirects without exposing content: /checkout/return?order=abc
ok 108 - direct guest page redirects without exposing content: /checkout/return?order=abc
  ---
  duration_ms: 0.097576
  type: 'test'
  ...
# Subtest: necessary open route does not require a session: /
ok 109 - necessary open route does not require a session: /
  ---
  duration_ms: 0.155083
  type: 'test'
  ...
# Subtest: necessary open route does not require a session: /connection?next=%2Fabout
ok 110 - necessary open route does not require a session: /connection?next=%2Fabout
  ---
  duration_ms: 0.083065
  type: 'test'
  ...
# Subtest: necessary open route does not require a session: /login
ok 111 - necessary open route does not require a session: /login
  ---
  duration_ms: 0.07979
  type: 'test'
  ...
# Subtest: necessary open route does not require a session: /register
ok 112 - necessary open route does not require a session: /register
  ---
  duration_ms: 0.075243
  type: 'test'
  ...
# Subtest: necessary open route does not require a session: /forgot-password
ok 113 - necessary open route does not require a session: /forgot-password
  ---
  duration_ms: 0.071076
  type: 'test'
  ...
# Subtest: necessary open route does not require a session: /reset-password?token=private
ok 114 - necessary open route does not require a session: /reset-password?token=private
  ---
  duration_ms: 0.085979
  type: 'test'
  ...
# Subtest: necessary open route does not require a session: /terms
ok 115 - necessary open route does not require a session: /terms
  ---
  duration_ms: 0.071958
  type: 'test'
  ...
# Subtest: necessary open route does not require a session: /privacy
ok 116 - necessary open route does not require a session: /privacy
  ---
  duration_ms: 1.558641
  type: 'test'
  ...
# Subtest: necessary open route does not require a session: /admin/login
ok 117 - necessary open route does not require a session: /admin/login
  ---
  duration_ms: 0.125749
  type: 'test'
  ...
# Subtest: necessary open route does not require a session: /super-admin/login
ok 118 - necessary open route does not require a session: /super-admin/login
  ---
  duration_ms: 0.123435
  type: 'test'
  ...
# Subtest: necessary open route does not require a session: /certificates/verify/aaaaaaaaaaaaaaaaaaaaaaaaaaaaaaaaaaaaaaaaaaaaaaaa
ok 119 - necessary open route does not require a session: /certificates/verify/aaaaaaaaaaaaaaaaaaaaaaaaaaaaaaaaaaaaaaaaaaaaaaaa
  ---
  duration_ms: 0.083846
  type: 'test'
  ...
# Subtest: validated same-role session bootstraps student
ok 120 - validated same-role session bootstraps student
  ---
  duration_ms: 2.508037
  type: 'test'
  ...
# Subtest: validated same-role session bootstraps client_admin
ok 121 - validated same-role session bootstraps client_admin
  ---
  duration_ms: 0.413321
  type: 'test'
  ...
# Subtest: validated same-role session bootstraps super_admin
ok 122 - validated same-role session bootstraps super_admin
  ---
  duration_ms: 0.29271
  type: 'test'
  ...
# Subtest: a student cookie never authenticates the admin portal
ok 123 - a student cookie never authenticates the admin portal
  ---
  duration_ms: 0.149595
  type: 'test'
  ...
# Subtest: forged cookie without a valid DB session cannot open About
ok 124 - forged cookie without a valid DB session cannot open About
  ---
  duration_ms: 0.368203
  type: 'test'
  ...
# Subtest: client logout fence blocks document navigation even when an old cookie remains
ok 125 - client logout fence blocks document navigation even when an old cookie remains
  ---
  duration_ms: 0.192188
  type: 'test'
  ...
# Subtest: wrong-role or expired backend session redirects safely: {"success":true,"user":{"id":"super_admin-id","role":"super_admin","name":"Learner","email":"learner@example.invalid"}}
ok 126 - wrong-role or expired backend session redirects safely: {"success":true,"user":{"id":"super_admin-id","role":"super_admin","name":"Learner","email":"learner@example.invalid"}}
  ---
  duration_ms: 0.454803
  type: 'test'
  ...
# Subtest: wrong-role or expired backend session redirects safely: {"success":true,"user":null}
ok 127 - wrong-role or expired backend session redirects safely: {"success":true,"user":null}
  ---
  duration_ms: 0.315764
  type: 'test'
  ...
# Subtest: page auth 500 is unavailable, not a fabricated logout
ok 128 - page auth 500 is unavailable, not a fabricated logout
  ---
  duration_ms: 0.291979
  type: 'test'
  ...
# Subtest: page auth 502 is unavailable, not a fabricated logout
ok 129 - page auth 502 is unavailable, not a fabricated logout
  ---
  duration_ms: 0.17306
  type: 'test'
  ...
# Subtest: page auth 503 is unavailable, not a fabricated logout
ok 130 - page auth 503 is unavailable, not a fabricated logout
  ---
  duration_ms: 0.440281
  type: 'test'
  ...
# Subtest: page auth 504 is unavailable, not a fabricated logout
ok 131 - page auth 504 is unavailable, not a fabricated logout
  ---
  duration_ms: 0.294131
  type: 'test'
  ...
# Subtest: network failure fails closed without rendering protected page
ok 132 - network failure fails closed without rendering protected page
  ---
  duration_ms: 0.248723
  type: 'test'
  ...
# Subtest: incomplete JSON is not an authenticated bootstrap
ok 133 - incomplete JSON is not an authenticated bootstrap
  ---
  duration_ms: 0.311678
  type: 'test'
  ...
# Subtest: middleware strips a browser-supplied verified-session header even on public login
ok 134 - middleware strips a browser-supplied verified-session header even on public login
  ---
  duration_ms: 10.161344
  type: 'test'
  ...
# Subtest: middleware forwards only newly verified safe account snapshot
ok 135 - middleware forwards only newly verified safe account snapshot
  ---
  duration_ms: 8.164674
  type: 'test'
  ...
# Subtest: unavailable page middleware redirects to reconnect without logout or raw RSC HTML
ok 136 - unavailable page middleware redirects to reconnect without logout or raw RSC HTML
  ---
  duration_ms: 9.279098
  type: 'test'
  ...
# Subtest: proxy refuses missing, self-referencing and non-origin upstream settings
ok 137 - proxy refuses missing, self-referencing and non-origin upstream settings
  ---
  duration_ms: 0.997158
  type: 'test'
  ...
# Subtest: proxy resolves target at runtime and forbids upstream redirects
ok 138 - proxy resolves target at runtime and forbids upstream redirects
  ---
  duration_ms: 3.665045
  type: 'test'
  ...
# Subtest: proxy forwards cookies and portal, discards client host/IP spoof headers
ok 139 - proxy forwards cookies and portal, discards client host/IP spoof headers
  ---
  duration_ms: 1.156697
  type: 'test'
  ...
# Subtest: proxy preserves separate Set-Cookie headers, makes Academy cookies host-only, never CDN caches
ok 140 - proxy preserves separate Set-Cookie headers, makes Academy cookies host-only, never CDN caches
  ---
  duration_ms: 1.039652
  type: 'test'
  ...
# Subtest: upstream failure remains error, never successful anonymous session
ok 141 - upstream failure remains error, never successful anonymous session
  ---
  duration_ms: 0.809757
  type: 'test'
  ...
# Subtest: JSON error status passes through with request identity
ok 142 - JSON error status passes through with request identity
  ---
  duration_ms: 0.727042
  type: 'test'
  ...
# Subtest: raw webhook payload streams byte-for-byte through real HTTP upstream
ok 143 - raw webhook payload streams byte-for-byte through real HTTP upstream
  ---
  duration_ms: 25.551861
  type: 'test'
  ...
# Subtest: encoded traversal cannot escape the fixed /api namespace
ok 144 - encoded traversal cannot escape the fixed /api namespace
  ---
  duration_ms: 0.449415
  type: 'test'
  ...
# Subtest: range and binary response metadata survive without buffering/corrupting media
ok 145 - range and binary response metadata survive without buffering/corrupting media
  ---
  duration_ms: 1.602737
  type: 'test'
  ...
# Subtest: loopback HTTP exception is confined to explicit local test requests, not hosted review
ok 146 - loopback HTTP exception is confined to explicit local test requests, not hosted review
  ---
  duration_ms: 0.570367
  type: 'test'
  ...
# Subtest: only backend-proved public catalog image may use private browser cache
ok 147 - only backend-proved public catalog image may use private browser cache
  ---
  duration_ms: 0.549325
  type: 'test'
  ...
# Subtest: private receipt image remains no-store without catalog authorization marker
ok 148 - private receipt image remains no-store without catalog authorization marker
  ---
  duration_ms: 0.358879
  type: 'test'
  ...
# Subtest: public image marker cannot make JSON billing response cacheable
ok 149 - public image marker cannot make JSON billing response cacheable
  ---
  duration_ms: 0.355705
  type: 'test'
  ...
# Subtest: only landing and deliberate exceptions are public
ok 150 - only landing and deliberate exceptions are public
  ---
  duration_ms: 1.136898
  type: 'test'
  ...
# Subtest: destination including query and hash survives login URL encoding
ok 151 - destination including query and hash survives login URL encoding
  ---
  duration_ms: 0.313391
  type: 'test'
  ...
# Subtest: development loopback can reach local API without copied Hostinger env
ok 152 - development loopback can reach local API without copied Hostinger env
  ---
  duration_ms: 0.214582
  type: 'test'
  ...
# Subtest: hosted API origin is never guessed production
ok 153 - hosted API origin is never guessed production
  ---
  duration_ms: 0.206
  type: 'test'
  ...
# Subtest: hosted API origin is never guessed development
ok 154 - hosted API origin is never guessed development
  ---
  duration_ms: 0.082704
  type: 'test'
  ...
# Subtest: browser and API day count agree: active 2026-10-03T23:59Z
ok 155 - browser and API day count agree: active 2026-10-03T23:59Z
  ---
  duration_ms: 0.561193
  type: 'test'
  ...
# Subtest: browser and API day count agree: active 2026-10-04T00:01Z
ok 156 - browser and API day count agree: active 2026-10-04T00:01Z
  ---
  duration_ms: 0.104507
  type: 'test'
  ...
# Subtest: browser and API day count agree: active 2027-10-03T10:00Z
ok 157 - browser and API day count agree: active 2027-10-03T10:00Z
  ---
  duration_ms: 0.071988
  type: 'test'
  ...
# Subtest: browser and API day count agree: active 2027-10-03T20:31Z
ok 158 - browser and API day count agree: active 2027-10-03T20:31Z
  ---
  duration_ms: 0.249825
  type: 'test'
  ...
# Subtest: browser and API day count agree: cancelled 2026-10-03T23:59Z
ok 159 - browser and API day count agree: cancelled 2026-10-03T23:59Z
  ---
  duration_ms: 0.299079
  type: 'test'
  ...
# Subtest: browser and API day count agree: cancelled 2026-10-04T00:01Z
ok 160 - browser and API day count agree: cancelled 2026-10-04T00:01Z
  ---
  duration_ms: 0.144287
  type: 'test'
  ...
# Subtest: browser and API day count agree: cancelled 2027-10-03T10:00Z
ok 161 - browser and API day count agree: cancelled 2027-10-03T10:00Z
  ---
  duration_ms: 0.06611
  type: 'test'
  ...
# Subtest: browser and API day count agree: cancelled 2027-10-03T20:31Z
ok 162 - browser and API day count agree: cancelled 2027-10-03T20:31Z
  ---
  duration_ms: 0.052448
  type: 'test'
  ...
# Subtest: browser and API day count agree: expired 2026-10-03T23:59Z
ok 163 - browser and API day count agree: expired 2026-10-03T23:59Z
  ---
  duration_ms: 0.081362
  type: 'test'
  ...
# Subtest: browser and API day count agree: expired 2026-10-04T00:01Z
ok 164 - browser and API day count agree: expired 2026-10-04T00:01Z
  ---
  duration_ms: 0.065919
  type: 'test'
  ...
# Subtest: browser and API day count agree: expired 2027-10-03T10:00Z
ok 165 - browser and API day count agree: expired 2027-10-03T10:00Z
  ---
  duration_ms: 0.046731
  type: 'test'
  ...
# Subtest: browser and API day count agree: expired 2027-10-03T20:31Z
ok 166 - browser and API day count agree: expired 2027-10-03T20:31Z
  ---
  duration_ms: 0.04014
  type: 'test'
  ...
# Subtest: browser and API day count agree: past_due 2026-10-03T23:59Z
ok 167 - browser and API day count agree: past_due 2026-10-03T23:59Z
  ---
  duration_ms: 0.039679
  type: 'test'
  ...
# Subtest: browser and API day count agree: past_due 2026-10-04T00:01Z
ok 168 - browser and API day count agree: past_due 2026-10-04T00:01Z
  ---
  duration_ms: 0.03987
  type: 'test'
  ...
# Subtest: browser and API day count agree: past_due 2027-10-03T10:00Z
ok 169 - browser and API day count agree: past_due 2027-10-03T10:00Z
  ---
  duration_ms: 0.037106
  type: 'test'
  ...
# Subtest: browser and API day count agree: past_due 2027-10-03T20:31Z
ok 170 - browser and API day count agree: past_due 2027-10-03T20:31Z
  ---
  duration_ms: 0.036114
  type: 'test'
  ...
# Subtest: browser and API day count agree: unknown 2026-10-03T23:59Z
ok 171 - browser and API day count agree: unknown 2026-10-03T23:59Z
  ---
  duration_ms: 0.042594
  type: 'test'
  ...
# Subtest: browser and API day count agree: unknown 2026-10-04T00:01Z
ok 172 - browser and API day count agree: unknown 2026-10-04T00:01Z
  ---
  duration_ms: 0.038308
  type: 'test'
  ...
# Subtest: browser and API day count agree: unknown 2027-10-03T10:00Z
ok 173 - browser and API day count agree: unknown 2027-10-03T10:00Z
  ---
  duration_ms: 0.035453
  type: 'test'
  ...
# Subtest: browser and API day count agree: unknown 2027-10-03T20:31Z
ok 174 - browser and API day count agree: unknown 2027-10-03T20:31Z
  ---
  duration_ms: 0.034241
  type: 'test'
  ...
# Subtest: checkout key uses cryptographic fallback when randomUUID is unavailable
ok 175 - checkout key uses cryptographic fallback when randomUUID is unavailable
  ---
  duration_ms: 0.163656
  type: 'test'
  ...
# Subtest: checkout refuses an insecure randomness fallback
ok 176 - checkout refuses an insecure randomness fallback
  ---
  duration_ms: 0.219921
  type: 'test'
  ...
# Subtest: approved hosted checkout URL stripe
ok 177 - approved hosted checkout URL stripe
  ---
  duration_ms: 0.115474
  type: 'test'
  ...
# Subtest: approved hosted checkout URL paypal
ok 178 - approved hosted checkout URL paypal
  ---
  duration_ms: 0.04642
  type: 'test'
  ...
# Subtest: unsafe checkout URL rejected https://checkout.stripe.com.evil.test
ok 179 - unsafe checkout URL rejected https://checkout.stripe.com.evil.test
  ---
  duration_ms: 0.12644
  type: 'test'
  ...
# Subtest: unsafe checkout URL rejected http://checkout.stripe.com/a
ok 180 - unsafe checkout URL rejected http://checkout.stripe.com/a
  ---
  duration_ms: 0.060501
  type: 'test'
  ...
# Subtest: unsafe checkout URL rejected https://u:p@checkout.stripe.com
ok 181 - unsafe checkout URL rejected https://u:p@checkout.stripe.com
  ---
  duration_ms: 0.05298
  type: 'test'
  ...
# Subtest: unsafe checkout URL rejected https://checkout.stripe.com:444/a
ok 182 - unsafe checkout URL rejected https://checkout.stripe.com:444/a
  ---
  duration_ms: 0.045058
  type: 'test'
  ...
# Subtest: unsafe checkout URL rejected undefined
ok 183 - unsafe checkout URL rejected undefined
  ---
  duration_ms: 0.064597
  type: 'test'
  ...
# Subtest: only stale code chunk errors are eligible for automatic reload
ok 184 - only stale code chunk errors are eligible for automatic reload
  ---
  duration_ms: 0.265819
  type: 'test'
  ...
# Subtest: stale chunk reload is bounded even when replacement fails
ok 185 - stale chunk reload is bounded even when replacement fails
  ---
  duration_ms: 0.135914
  type: 'test'
  ...
# Subtest: blocked browser storage cannot create a reload loop
ok 186 - blocked browser storage cannot create a reload loop
  ---
  duration_ms: 0.091007
  type: 'test'
  ...
# Subtest: rapid checkout clicks create one request and same key is retained after provider Back
ok 187 - rapid checkout clicks create one request and same key is retained after provider Back
  ---
  duration_ms: 59.987107
  type: 'test'
  ...
# Subtest: checkout timeout releases busy state but never automatically repeats a purchase
ok 188 - checkout timeout releases busy state but never automatically repeats a purchase
  ---
  duration_ms: 39.221085
  type: 'test'
  ...
# Subtest: malformed historical website content cannot break image rendering: null
ok 189 - malformed historical website content cannot break image rendering: null
  ---
  duration_ms: 0.170085
  type: 'test'
  ...
# Subtest: malformed historical website content cannot break image rendering: undefined
ok 190 - malformed historical website content cannot break image rendering: undefined
  ---
  duration_ms: 0.054182
  type: 'test'
  ...
# Subtest: malformed historical website content cannot break image rendering: []
ok 191 - malformed historical website content cannot break image rendering: []
  ---
  duration_ms: 0.047381
  type: 'test'
  ...
# Subtest: malformed historical website content cannot break image rendering: {"images":{}}
ok 192 - malformed historical website content cannot break image rendering: {"images":{}}
  ---
  duration_ms: 0.037316
  type: 'test'
  ...
# Subtest: malformed historical website content cannot break image rendering: {"images":"bad","text":[]}
ok 193 - malformed historical website content cannot break image rendering: {"images":"bad","text":[]}
  ---
  duration_ms: 0.037747
  type: 'test'
  ...
# Subtest: malformed historical website content cannot break image rendering: {"images":[null,"x",{},42],"text":{"key":12}}
ok 194 - malformed historical website content cannot break image rendering: {"images":[null,"x",{},42],"text":{"key":12}}
  ---
  duration_ms: 0.068223
  type: 'test'
  ...
# Subtest: payment return reconciles once and stops polling after server-confirmed payment
ok 195 - payment return reconciles once and stops polling after server-confirmed payment
  ---
  duration_ms: 15.284258
  type: 'test'
  ...
# Subtest: cancelled provider return only reads status and never requests capture
ok 196 - cancelled provider return only reads status and never requests capture
  ---
  duration_ms: 20.025411
  type: 'test'
  ...
# Subtest: pending payment confirmation is single-flight even if page events repeat
ok 197 - pending payment confirmation is single-flight even if page events repeat
  ---
  duration_ms: 13.386277
  type: 'test'
  ...
# Subtest: bad payment response displays retry, not a render exception or success
ok 198 - bad payment response displays retry, not a render exception or success
  ---
  duration_ms: 13.951296
  type: 'test'
  ...
# Subtest: guest landing CTA retains target before sign-in: /about
ok 199 - guest landing CTA retains target before sign-in: /about
  ---
  duration_ms: 28.629825
  type: 'test'
  ...
# Subtest: guest landing CTA retains target before sign-in: /courses?category=leadership
ok 200 - guest landing CTA retains target before sign-in: /courses?category=leadership
  ---
  duration_ms: 5.197116
  type: 'test'
  ...
# Subtest: guest landing CTA retains target before sign-in: \#pricing
ok 201 - guest landing CTA retains target before sign-in: \#pricing
  ---
  duration_ms: 4.907481
  type: 'test'
  ...
# Subtest: guest landing CTA retains target before sign-in: /\#courses
ok 202 - guest landing CTA retains target before sign-in: /\#courses
  ---
  duration_ms: 4.700651
  type: 'test'
  ...
# Subtest: essential/external landing link is not trapped in a login loop: /
ok 203 - essential/external landing link is not trapped in a login loop: /
  ---
  duration_ms: 4.800461
  type: 'test'
  ...
# Subtest: essential/external landing link is not trapped in a login loop: /login
ok 204 - essential/external landing link is not trapped in a login loop: /login
  ---
  duration_ms: 4.577325
  type: 'test'
  ...
# Subtest: essential/external landing link is not trapped in a login loop: /register
ok 205 - essential/external landing link is not trapped in a login loop: /register
  ---
  duration_ms: 4.403735
  type: 'test'
  ...
# Subtest: essential/external landing link is not trapped in a login loop: /terms
ok 206 - essential/external landing link is not trapped in a login loop: /terms
  ---
  duration_ms: 4.530806
  type: 'test'
  ...
# Subtest: essential/external landing link is not trapped in a login loop: mailto:info@singhacademy.com
ok 207 - essential/external landing link is not trapped in a login loop: mailto:info@singhacademy.com
  ---
  duration_ms: 4.304927
  type: 'test'
  ...
# Subtest: essential/external landing link is not trapped in a login loop: https://www.youtube.com/
ok 208 - essential/external landing link is not trapped in a login loop: https://www.youtube.com/
  ---
  duration_ms: 4.365327
  type: 'test'
  ...
# Subtest: verified signed-in landing opens Home and links do not redirect to login
ok 209 - verified signed-in landing opens Home and links do not redirect to login
  ---
  duration_ms: 4.924438
  type: 'test'
  ...
# Subtest: guest team card opens its local preview; only full-profile navigation requires login
ok 210 - guest team card opens its local preview; only full-profile navigation requires login
  ---
  duration_ms: 4.474321
  type: 'test'
  ...
# Subtest: landing courses/team/reviews consumers share one network request
ok 211 - landing courses/team/reviews consumers share one network request
  ---
  duration_ms: 65.808808
  type: 'test'
  ...
# Subtest: failed compact session is not immediately retried by API client
ok 212 - failed compact session is not immediately retried by API client
  ---
  duration_ms: 31.404053
  type: 'test'
  ...
# Subtest: explicit logout also fences compact session rechecks
ok 213 - explicit logout also fences compact session rechecks
  ---
  duration_ms: 61.075303
  type: 'test'
  ...
# Subtest: lost create reply recovers the SAME hosted checkout with read-only lookup and one POST
ok 214 - lost create reply recovers the SAME hosted checkout with read-only lookup and one POST
  ---
  duration_ms: 23.909364
  type: 'test'
  ...
# Subtest: lost create reply with completed payment opens receipt status rather than asking for payment again
ok 215 - lost create reply with completed payment opens receipt status rather than asking for payment again
  ---
  duration_ms: 22.917455
  type: 'test'
  ...
# Subtest: unconfirmed checkout offers status check, not a fresh key/new payment
ok 216 - unconfirmed checkout offers status check, not a fresh key/new payment
  ---
  duration_ms: 51.375161
  type: 'test'
  ...
# Subtest: provider-confirmed closed checkout can intentionally obtain a fresh request key
ok 217 - provider-confirmed closed checkout can intentionally obtain a fresh request key
  ---
  duration_ms: 17.409932
  type: 'test'
  ...
# Subtest: checkout feedback appears immediately and escalates slow provider status without repeating the POST
ok 218 - checkout feedback appears immediately and escalates slow provider status without repeating the POST
  ---
  duration_ms: 18.250474
  type: 'test'
  ...
# Subtest: SSR-authenticated header does not expose an enabled inert Logout button
ok 219 - SSR-authenticated header does not expose an enabled inert Logout button
  ---
  duration_ms: 36.350231
  type: 'test'
  ...
# Subtest: server and first hydration render have identical account-control trees
ok 220 - server and first hydration render have identical account-control trees
  ---
  duration_ms: 53.839193
  type: 'test'
  ...
# Subtest: hydration enables Logout and the immediate first click calls the provider once
ok 221 - hydration enables Logout and the immediate first click calls the provider once
  ---
  duration_ms: 67.092732
  type: 'test'
  ...
# Subtest: double logout click before a rerender is synchronously deduplicated
ok 222 - double logout click before a rerender is synchronously deduplicated
  ---
  duration_ms: 36.776603
  type: 'test'
  ...
# Subtest: provider-level signing out also disables stale header controls
ok 223 - provider-level signing out also disables stale header controls
  ---
  duration_ms: 25.523659
  type: 'test'
  ...
# Subtest: menu hydration gate does not change the hydrated menu layout/classes
ok 224 - menu hydration gate does not change the hydrated menu layout/classes
  ---
  duration_ms: 41.860679
  type: 'test'
  ...
# Subtest: guest header still links to login with a preserved destination and offers no logout
ok 225 - guest header still links to login with a preserved destination and offers no logout
  ---
  duration_ms: 15.607705
  type: 'test'
  ...
# Subtest: Next config preserves raw middleware URLs in development
ok 226 - Next config preserves raw middleware URLs in development
  ---
  duration_ms: 6.480174
  type: 'test'
  ...
# Subtest: Next config preserves raw middleware URLs in production
ok 227 - Next config preserves raw middleware URLs in production
  ---
  duration_ms: 3.907479
  type: 'test'
  ...
# Subtest: middleware auth redirect retains exact protocol, hostname and port: http://127.0.0.1:3108
ok 228 - middleware auth redirect retains exact protocol, hostname and port: http://127.0.0.1:3108
  ---
  duration_ms: 10.335705
  type: 'test'
  ...
# Subtest: middleware auth redirect retains exact protocol, hostname and port: http://localhost:3108
ok 229 - middleware auth redirect retains exact protocol, hostname and port: http://localhost:3108
  ---
  duration_ms: 6.727916
  type: 'test'
  ...
# Subtest: middleware auth redirect retains exact protocol, hostname and port: http://[::1]:3108
ok 230 - middleware auth redirect retains exact protocol, hostname and port: http://[::1]:3108
  ---
  duration_ms: 10.677258
  type: 'test'
  ...
# Subtest: middleware auth redirect retains exact protocol, hostname and port: https://singhacademy.com
ok 231 - middleware auth redirect retains exact protocol, hostname and port: https://singhacademy.com
  ---
  duration_ms: 9.214562
  type: 'test'
  ...
# Subtest: middleware auth redirect retains exact protocol, hostname and port: https://staging.example.invalid
ok 232 - middleware auth redirect retains exact protocol, hostname and port: https://staging.example.invalid
  ---
  duration_ms: 8.897856
  type: 'test'
  ...
# Subtest: safe sign-in destination undefined
ok 233 - safe sign-in destination undefined
  ---
  duration_ms: 4.116212
  type: 'test'
  ...
# Subtest: safe sign-in destination null
ok 234 - safe sign-in destination null
  ---
  duration_ms: 0.092629
  type: 'test'
  ...
# Subtest: safe sign-in destination /
ok 235 - safe sign-in destination /
  ---
  duration_ms: 0.344718
  type: 'test'
  ...
# Subtest: safe sign-in destination /login
ok 236 - safe sign-in destination /login
  ---
  duration_ms: 0.118148
  type: 'test'
  ...
# Subtest: safe sign-in destination /register?next=/about
ok 237 - safe sign-in destination /register?next=/about
  ---
  duration_ms: 0.088092
  type: 'test'
  ...
# Subtest: safe sign-in destination /about
ok 238 - safe sign-in destination /about
  ---
  duration_ms: 0.080501
  type: 'test'
  ...
# Subtest: safe sign-in destination /courses?tag=public%20speaking
ok 239 - safe sign-in destination /courses?tag=public%20speaking
  ---
  duration_ms: 0.109024
  type: 'test'
  ...
# Subtest: safe sign-in destination /\#courses
ok 240 - safe sign-in destination /\#courses
  ---
  duration_ms: 0.069685
  type: 'test'
  ...
# Subtest: safe sign-in destination /\#pricing
ok 241 - safe sign-in destination /\#pricing
  ---
  duration_ms: 0.231688
  type: 'test'
  ...
# Subtest: safe sign-in destination /\#reviews
ok 242 - safe sign-in destination /\#reviews
  ---
  duration_ms: 0.259229
  type: 'test'
  ...
# Subtest: dangerous/loop auth target rejected https://evil.test
ok 243 - dangerous/loop auth target rejected https://evil.test
  ---
  duration_ms: 0.125759
  type: 'test'
  ...
# Subtest: dangerous/loop auth target rejected //evil.test
ok 244 - dangerous/loop auth target rejected //evil.test
  ---
  duration_ms: 0.079279
  type: 'test'
  ...
# Subtest: dangerous/loop auth target rejected /\\evil.test
ok 245 - dangerous/loop auth target rejected /\\evil.test
  ---
  duration_ms: 0.044297
  type: 'test'
  ...
# Subtest: dangerous/loop auth target rejected /%2f%2fevil.test
ok 246 - dangerous/loop auth target rejected /%2f%2fevil.test
  ---
  duration_ms: 0.037737
  type: 'test'
  ...
# Subtest: dangerous/loop auth target rejected /%61dmin
ok 247 - dangerous/loop auth target rejected /%61dmin
  ---
  duration_ms: 0.098388
  type: 'test'
  ...
# Subtest: dangerous/loop auth target rejected /ADMIN
ok 248 - dangerous/loop auth target rejected /ADMIN
  ---
  duration_ms: 0.058017
  type: 'test'
  ...
# Subtest: dangerous/loop auth target rejected /super-admin
ok 249 - dangerous/loop auth target rejected /super-admin
  ---
  duration_ms: 0.049864
  type: 'test'
  ...
# Subtest: dangerous/loop auth target rejected /x/../login
ok 250 - dangerous/loop auth target rejected /x/../login
  ---
  duration_ms: 0.041092
  type: 'test'
  ...
# Subtest: dangerous/loop auth target rejected /%00evil
ok 251 - dangerous/loop auth target rejected /%00evil
  ---
  duration_ms: 0.067231
  type: 'test'
  ...
# Subtest: dangerous/loop auth target rejected /%255c%255cevil.test
ok 252 - dangerous/loop auth target rejected /%255c%255cevil.test
  ---
  duration_ms: 0.036414
  type: 'test'
  ...
# Subtest: dangerous/loop auth target rejected /api/auth/login
ok 253 - dangerous/loop auth target rejected /api/auth/login
  ---
  duration_ms: 0.038808
  type: 'test'
  ...
# Subtest: server verified student skips auth/landing: /
ok 254 - server verified student skips auth/landing: /
  ---
  duration_ms: 9.421592
  type: 'test'
  ...
# Subtest: server verified student skips auth/landing: /login
ok 255 - server verified student skips auth/landing: /login
  ---
  duration_ms: 0.539431
  type: 'test'
  ...
# Subtest: server verified student skips auth/landing: /register
ok 256 - server verified student skips auth/landing: /register
  ---
  duration_ms: 0.480742
  type: 'test'
  ...
# Subtest: server verified student skips auth/landing: /login?next=%2Fabout
ok 257 - server verified student skips auth/landing: /login?next=%2Fabout
  ---
  duration_ms: 0.502685
  type: 'test'
  ...
# Subtest: server verified student skips auth/landing: /login?next=%2F
ok 258 - server verified student skips auth/landing: /login?next=%2F
  ---
  duration_ms: 0.625029
  type: 'test'
  ...
# Subtest: server verified student skips auth/landing: /register?next=%2Fcourses
ok 259 - server verified student skips auth/landing: /register?next=%2Fcourses
  ---
  duration_ms: 4.436794
  type: 'test'
  ...
# Subtest: guest public entry supplies one deterministic anonymous hydration snapshot: /
ok 260 - guest public entry supplies one deterministic anonymous hydration snapshot: /
  ---
  duration_ms: 0.197908
  type: 'test'
  ...
# Subtest: guest public entry supplies one deterministic anonymous hydration snapshot: /login
ok 261 - guest public entry supplies one deterministic anonymous hydration snapshot: /login
  ---
  duration_ms: 0.118348
  type: 'test'
  ...
# Subtest: guest public entry supplies one deterministic anonymous hydration snapshot: /register
ok 262 - guest public entry supplies one deterministic anonymous hydration snapshot: /register
  ---
  duration_ms: 0.280231
  type: 'test'
  ...
# Subtest: explicit logout prevents stale server cookie auto-login on /
ok 263 - explicit logout prevents stale server cookie auto-login on /
  ---
  duration_ms: 0.203786
  type: 'test'
  ...
# Subtest: explicit logout prevents stale server cookie auto-login on /login?next=%2Fabout
ok 264 - explicit logout prevents stale server cookie auto-login on /login?next=%2Fabout
  ---
  duration_ms: 0.103475
  type: 'test'
  ...
# Subtest: temporary backend failure keeps public entry available but unresolved: /
ok 265 - temporary backend failure keeps public entry available but unresolved: /
  ---
  duration_ms: 0.294042
  type: 'test'
  ...
# Subtest: temporary backend failure keeps public entry available but unresolved: /login
ok 266 - temporary backend failure keeps public entry available but unresolved: /login
  ---
  duration_ms: 0.212199
  type: 'test'
  ...
# Subtest: staff entry verifies only its own portal /admin/login
ok 267 - staff entry verifies only its own portal /admin/login
  ---
  duration_ms: 0.769426
  type: 'test'
  ...
# Subtest: staff entry verifies only its own portal /super-admin/login
ok 268 - staff entry verifies only its own portal /super-admin/login
  ---
  duration_ms: 0.355795
  type: 'test'
  ...
# Subtest: useHydrated uses identical false server/hydration snapshot even if the browser snapshot is true
ok 269 - useHydrated uses identical false server/hydration snapshot even if the browser snapshot is true
  ---
  duration_ms: 6.159853
  type: 'test'
  ...
# Subtest: late nested auth hydration reads immutable server seed, not already-updated browser state
ok 270 - late nested auth hydration reads immutable server seed, not already-updated browser state
  ---
  duration_ms: 129.81046
  type: 'test'
  ...
# Subtest: late website text/image hydration sees exact SSR defaults, then live CMS data
ok 271 - late website text/image hydration sees exact SSR defaults, then live CMS data
  ---
  duration_ms: 36.507989
  type: 'test'
  ...
# Subtest: Back inside an autofilled login form is explicitly non-submit and replaces with public landing
ok 272 - Back inside an autofilled login form is explicitly non-submit and replaces with public landing
  ---
  duration_ms: 11.434907
  type: 'test'
  ...
# Subtest: one auth-boundary document redirect for student
ok 273 - one auth-boundary document redirect for student
  ---
  duration_ms: 29.357839
  type: 'test'
  ...
# Subtest: one auth-boundary document redirect for client_admin
ok 274 - one auth-boundary document redirect for client_admin
  ---
  duration_ms: 10.72483
  type: 'test'
  ...
# Subtest: one auth-boundary document redirect for super_admin
ok 275 - one auth-boundary document redirect for super_admin
  ---
  duration_ms: 18.076613
  type: 'test'
  ...
# Subtest: auth document redirect refuses foreign origin
ok 276 - auth document redirect refuses foreign origin
  ---
  duration_ms: 27.064164
  type: 'test'
  ...
# Subtest: intentional login double-click submits once and goes to intended page using form data
ok 277 - intentional login double-click submits once and goes to intended page using form data
  ---
  duration_ms: 17.769101
  type: 'test'
  ...
# Subtest: login next=/ goes to signed-in home rather than marketing landing
ok 278 - login next=/ goes to signed-in home rather than marketing landing
  ---
  duration_ms: 12.815991
  type: 'test'
  ...
# Subtest: stripe fixture identity is bound to its exact synthetic document
ok 279 - stripe fixture identity is bound to its exact synthetic document
  ---
  duration_ms: 1.383738
  type: 'test'
  ...
# Subtest: stripe fixture declares UTF-8 in header and early metadata; exact Unicode remains
ok 280 - stripe fixture declares UTF-8 in header and early metadata; exact Unicode remains
  ---
  duration_ms: 0.477857
  type: 'test'
  ...
# Subtest: stripe fixture return and cancellation bind the same exact order
ok 281 - stripe fixture return and cancellation bind the same exact order
  ---
  duration_ms: 0.21304
  type: 'test'
  ...
# Subtest: stripe observed order is selected by ID/provider, never list position
ok 282 - stripe observed order is selected by ID/provider, never list position
  ---
  duration_ms: 0.387792
  type: 'test'
  ...
# Subtest: paypal fixture identity is bound to its exact synthetic document
ok 283 - paypal fixture identity is bound to its exact synthetic document
  ---
  duration_ms: 0.270526
  type: 'test'
  ...
# Subtest: paypal fixture declares UTF-8 in header and early metadata; exact Unicode remains
ok 284 - paypal fixture declares UTF-8 in header and early metadata; exact Unicode remains
  ---
  duration_ms: 0.148333
  type: 'test'
  ...
# Subtest: paypal fixture return and cancellation bind the same exact order
ok 285 - paypal fixture return and cancellation bind the same exact order
  ---
  duration_ms: 0.241743
  type: 'test'
  ...
# Subtest: paypal observed order is selected by ID/provider, never list position
ok 286 - paypal observed order is selected by ID/provider, never list position
  ---
  duration_ms: 0.179881
  type: 'test'
  ...
# Subtest: fixture refuses unrelated or malformed provider URL 
ok 287 - fixture refuses unrelated or malformed provider URL 
  ---
  duration_ms: 0.308733
  type: 'test'
  ...
# Subtest: fixture refuses unrelated or malformed provider URL not a URL
ok 288 - fixture refuses unrelated or malformed provider URL not a URL
  ---
  duration_ms: 0.269504
  type: 'test'
  ...
# Subtest: fixture refuses unrelated or malformed provider URL http://checkout.stripe.com/c/pay/sa-ui-000000000000000000000001
ok 289 - fixture refuses unrelated or malformed provider URL http://checkout.stripe.com/c/pay/sa-ui-000000000000000000000001
  ---
  duration_ms: 0.114222
  type: 'test'
  ...
# Subtest: fixture refuses unrelated or malformed provider URL https://checkout.stripe.com.evil.invalid/c/pay/sa-ui-000000000000000000000001
ok 290 - fixture refuses unrelated or malformed provider URL https://checkout.stripe.com.evil.invalid/c/pay/sa-ui-000000000000000000000001
  ---
  duration_ms: 0.0662
  type: 'test'
  ...
# Subtest: fixture refuses unrelated or malformed provider URL https://user:password@checkout.stripe.com/c/pay/sa-ui-000000000000000000000001
ok 291 - fixture refuses unrelated or malformed provider URL https://user:password@checkout.stripe.com/c/pay/sa-ui-000000000000000000000001
  ---
  duration_ms: 0.052478
  type: 'test'
  ...
# Subtest: fixture refuses unrelated or malformed provider URL https://checkout.stripe.com:444/c/pay/sa-ui-000000000000000000000001
ok 292 - fixture refuses unrelated or malformed provider URL https://checkout.stripe.com:444/c/pay/sa-ui-000000000000000000000001
  ---
  duration_ms: 0.648604
  type: 'test'
  ...
# Subtest: fixture refuses unrelated or malformed provider URL https://checkout.stripe.com/c/pay/REAL_SESSION_ID
ok 293 - fixture refuses unrelated or malformed provider URL https://checkout.stripe.com/c/pay/REAL_SESSION_ID
  ---
  duration_ms: 0.083005
  type: 'test'
  ...
# Subtest: fixture refuses unrelated or malformed provider URL https://checkout.stripe.com/c/pay/sa-ui-000000000000000000000001?extra=true
ok 294 - fixture refuses unrelated or malformed provider URL https://checkout.stripe.com/c/pay/sa-ui-000000000000000000000001?extra=true
  ---
  duration_ms: 0.056465
  type: 'test'
  ...
# Subtest: fixture refuses unrelated or malformed provider URL https://checkout.stripe.com/c/pay/sa-ui-000000000000000000000001\#fragment
ok 295 - fixture refuses unrelated or malformed provider URL https://checkout.stripe.com/c/pay/sa-ui-000000000000000000000001\#fragment
  ---
  duration_ms: 0.041993
  type: 'test'
  ...
# Subtest: fixture refuses unrelated or malformed provider URL https://checkout.stripe.com/c/pay/sa-ui-000000000000000000000001/more
ok 296 - fixture refuses unrelated or malformed provider URL https://checkout.stripe.com/c/pay/sa-ui-000000000000000000000001/more
  ---
  duration_ms: 0.038708
  type: 'test'
  ...
# Subtest: fixture refuses unrelated or malformed provider URL https://www.paypal.com/checkoutnow?token=sa-ui-000000000000000000000001
ok 297 - fixture refuses unrelated or malformed provider URL https://www.paypal.com/checkoutnow?token=sa-ui-000000000000000000000001
  ---
  duration_ms: 0.037727
  type: 'test'
  ...
# Subtest: fixture refuses unrelated or malformed provider URL https://www.sandbox.paypal.com/checkoutnow?token=sa-ui-000000000000000000000001&token=sa-ui-000000000000000000000099
ok 298 - fixture refuses unrelated or malformed provider URL https://www.sandbox.paypal.com/checkoutnow?token=sa-ui-000000000000000000000001&token=sa-ui-000000000000000000000099
  ---
  duration_ms: 0.058588
  type: 'test'
  ...
# Subtest: fixture refuses unrelated or malformed provider URL https://www.sandbox.paypal.com/checkoutnow?token=sa-ui-000000000000000000000001&extra=1
ok 299 - fixture refuses unrelated or malformed provider URL https://www.sandbox.paypal.com/checkoutnow?token=sa-ui-000000000000000000000001&extra=1
  ---
  duration_ms: 0.173
  type: 'test'
  ...
# Subtest: fixture refuses unrelated or malformed provider URL https://www.sandbox.paypal.com/checkoutnow?token=not-synthetic
ok 300 - fixture refuses unrelated or malformed provider URL https://www.sandbox.paypal.com/checkoutnow?token=not-synthetic
  ---
  duration_ms: 0.063235
  type: 'test'
  ...
# Subtest: fixture refuses unrelated or malformed provider URL https://www.sandbox.paypal.com/other?token=sa-ui-000000000000000000000001
ok 301 - fixture refuses unrelated or malformed provider URL https://www.sandbox.paypal.com/other?token=sa-ui-000000000000000000000001
  ---
  duration_ms: 0.038137
  type: 'test'
  ...
# Subtest: fixture refuses unrelated or malformed provider URL javascript:alert(1)
ok 302 - fixture refuses unrelated or malformed provider URL javascript:alert(1)
  ---
  duration_ms: 0.032499
  type: 'test'
  ...
# Subtest: fixture order lookup tolerates empty and unfinished reads, without inventing an order
ok 303 - fixture order lookup tolerates empty and unfinished reads, without inventing an order
  ---
  duration_ms: 0.09363
  type: 'test'
  ...
# Subtest: logout evidence is buffered before browser delivery and survives immediate navigation
ok 304 - logout evidence is buffered before browser delivery and survives immediate navigation
  ---
  duration_ms: 0.340512
  type: 'test'
  ...
# Subtest: failed logout evidence remains failed, never normalized into a successful revocation
ok 305 - failed logout evidence remains failed, never normalized into a successful revocation
  ---
  duration_ms: 0.153741
  type: 'test'
  ...
# Subtest: invalid logout JSON fails the observing test and always disposes its response
ok 306 - invalid logout JSON fails the observing test and always disposes its response
  ---
  duration_ms: 0.529215
  type: 'test'
  ...
# Subtest: failure to deliver/logout evidence is not caught and reported as a pass
ok 307 - failure to deliver/logout evidence is not caught and reported as a pass
  ---
  duration_ms: 0.276074
  type: 'test'
  ...
# Subtest: coherent public landing accepted
ok 308 - coherent public landing accepted
  ---
  duration_ms: 0.950418
  type: 'test'
  ...
# Subtest: coherent login with preserved destination accepted
ok 309 - coherent login with preserved destination accepted
  ---
  duration_ms: 0.099159
  type: 'test'
  ...
# Subtest: refuses wrong host
ok 310 - refuses wrong host
  ---
  duration_ms: 0.276135
  type: 'test'
  ...
# Subtest: refuses wrong port
ok 311 - refuses wrong port
  ---
  duration_ms: 0.102825
  type: 'test'
  ...
# Subtest: refuses protected route
ok 312 - refuses protected route
  ---
  duration_ms: 0.077456
  type: 'test'
  ...
# Subtest: refuses login-like nested route
ok 313 - refuses login-like nested route
  ---
  duration_ms: 0.168122
  type: 'test'
  ...
# Subtest: refuses unfinished document
ok 314 - refuses unfinished document
  ---
  duration_ms: 0.071989
  type: 'test'
  ...
# Subtest: refuses not-yet-complete document
ok 315 - refuses not-yet-complete document
  ---
  duration_ms: 0.054843
  type: 'test'
  ...
# Subtest: refuses zero visible headers
ok 316 - refuses zero visible headers
  ---
  duration_ms: 0.251267
  type: 'test'
  ...
# Subtest: refuses two VISIBLE headers
ok 317 - refuses two VISIBLE headers
  ---
  duration_ms: 0.270756
  type: 'test'
  ...
# Subtest: refuses two hydrated VISIBLE headers
ok 318 - refuses two hydrated VISIBLE headers
  ---
  duration_ms: 0.117467
  type: 'test'
  ...
# Subtest: refuses unhydrated sole header
ok 319 - refuses unhydrated sole header
  ---
  duration_ms: 0.058618
  type: 'test'
  ...
# Subtest: refuses missing sign in
ok 320 - refuses missing sign in
  ---
  duration_ms: 0.044617
  type: 'test'
  ...
# Subtest: refuses duplicate sign in
ok 321 - refuses duplicate sign in
  ---
  duration_ms: 0.038488
  type: 'test'
  ...
# Subtest: refuses visible logout button
ok 322 - refuses visible logout button
  ---
  duration_ms: 0.041021
  type: 'test'
  ...
# Subtest: refuses visible old account chip
ok 323 - refuses visible old account chip
  ---
  duration_ms: 0.034823
  type: 'test'
  ...
# Subtest: refuses login form at landing URL
ok 324 - refuses login form at landing URL
  ---
  duration_ms: 0.085448
  type: 'test'
  ...
# Subtest: hidden streaming copy does not count as a duplicate rendered header
ok 325 - hidden streaming copy does not count as a duplicate rendered header
  ---
  duration_ms: 0.118367
  type: 'test'
  ...
# Subtest: refuses landing DOM at login URL
ok 326 - refuses landing DOM at login URL
  ---
  duration_ms: 0.073921
  type: 'test'
  ...
# Subtest: refuses missing login form
ok 327 - refuses missing login form
  ---
  duration_ms: 0.04646
  type: 'test'
  ...
# Subtest: refuses duplicate login forms
ok 328 - refuses duplicate login forms
  ---
  duration_ms: 0.0396
  type: 'test'
  ...
# Subtest: refuses missing email
ok 329 - refuses missing email
  ---
  duration_ms: 0.037967
  type: 'test'
  ...
# Subtest: refuses missing password
ok 330 - refuses missing password
  ---
  duration_ms: 0.035033
  type: 'test'
  ...
# Subtest: refuses disabled submit
ok 331 - refuses disabled submit
  ---
  duration_ms: 0.035293
  type: 'test'
  ...
# Subtest: refuses old account on login
ok 332 - refuses old account on login
  ---
  duration_ms: 0.035813
  type: 'test'
  ...
# Subtest: explicit logout still requires / and cannot pass on /login
ok 333 - explicit logout still requires / and cannot pass on /login
  ---
  duration_ms: 0.067712
  type: 'test'
  ...
# Subtest: login-only observation cannot pass on a landing page
ok 334 - login-only observation cannot pass on a landing page
  ---
  duration_ms: 0.056505
  type: 'test'
  ...
# Subtest: two consistent samples required, without expanding the allowed guest destinations
ok 335 - two consistent samples required, without expanding the allowed guest destinations
  ---
  duration_ms: 0.465008
  type: 'test'
  ...
# Subtest: redirect after landing sample checks the LOGIN form, not the old header selector
ok 336 - redirect after landing sample checks the LOGIN form, not the old header selector
  ---
  duration_ms: 0.113761
  type: 'test'
  ...
# Subtest: changed document identity resets a candidate at the same URL
ok 337 - changed document identity resets a candidate at the same URL
  ---
  duration_ms: 0.0995
  type: 'test'
  ...
# Subtest: provisional navigation blocks a visually ready old document
ok 338 - provisional navigation blocks a visually ready old document
  ---
  duration_ms: 0.149274
  type: 'test'
  ...
# Subtest: navigation epoch changes reset stability even with same URL/document
ok 339 - navigation epoch changes reset stability even with same URL/document
  ---
  duration_ms: 0.094242
  type: 'test'
  ...
# Subtest: visible duplicate introduced between samples cannot be hidden by cached readiness
ok 340 - visible duplicate introduced between samples cannot be hidden by cached readiness
  ---
  duration_ms: 0.09997
  type: 'test'
  ...
# Subtest: helper follows the current guest route instead of capturing a one-time branch
ok 341 - helper follows the current guest route instead of capturing a one-time branch
  ---
  duration_ms: 68.262629
  type: 'test'
  ...
# Subtest: request observers are attached before Back/Refresh begins
ok 342 - request observers are attached before Back/Refresh begins
  ---
  duration_ms: 13.011505
  type: 'test'
  ...
# Subtest: helper monitors unfinished main-document requests until they finish
ok 343 - helper monitors unfinished main-document requests until they finish
  ---
  duration_ms: 12.88192
  type: 'test'
  ...
# Subtest: unrelated API requests cannot block guest observation
ok 344 - unrelated API requests cannot block guest observation
  ---
  duration_ms: 11.784622
  type: 'test'
  ...
# Subtest: main-frame navigation during evaluation cannot pass on that stale sample
ok 345 - main-frame navigation during evaluation cannot pass on that stale sample
  ---
  duration_ms: 10.803148
  type: 'test'
  ...
# Subtest: real Back/Refresh navigation errors are propagated, never ignored
ok 346 - real Back/Refresh navigation errors are propagated, never ignored
  ---
  duration_ms: 20.536448
  type: 'test'
  ...
# Subtest: helper rejects persistent two-visible-header bug instead of first()/nth()
ok 347 - helper rejects persistent two-visible-header bug instead of first()/nth()
  ---
  duration_ms: 10.031554
  type: 'test'
  ...
# Subtest: unrelated evaluation errors are not masked as navigation
ok 348 - unrelated evaluation errors are not masked as navigation
  ---
  duration_ms: 11.56403
  type: 'test'
  ...
# Subtest: a context being replaced is re-observed; no action or request is replayed
ok 349 - a context being replaced is re-observed; no action or request is replayed
  ---
  duration_ms: 27.898938
  type: 'test'
  ...
# Subtest: page closure is a real error even if context-destroyed text is present
ok 350 - page closure is a real error even if context-destroyed text is present
  ---
  duration_ms: 8.873278
  type: 'test'
  ...
# Subtest: fixture controls require the fixed local test header and ordinary API needs authentication
ok 351 - fixture controls require the fixed local test header and ordinary API needs authentication
  ---
  duration_ms: 33.817458
  type: 'test'
  ...
# Subtest: fixture login/logout uses root cookie and subsequent requests cannot revive the revoked token
ok 352 - fixture login/logout uses root cookie and subsequent requests cannot revive the revoked token
  ---
  duration_ms: 17.869126
  type: 'test'
  ...
# Subtest: fixture stripe/course: replay one key, approval once, owned invoice and grant
ok 353 - fixture stripe/course: replay one key, approval once, owned invoice and grant
  ---
  duration_ms: 31.067967
  type: 'test'
  ...
# Subtest: fixture stripe/membership: replay one key, approval once, owned invoice and grant
ok 354 - fixture stripe/membership: replay one key, approval once, owned invoice and grant
  ---
  duration_ms: 22.538075
  type: 'test'
  ...
# Subtest: fixture paypal/course: replay one key, approval once, owned invoice and grant
ok 355 - fixture paypal/course: replay one key, approval once, owned invoice and grant
  ---
  duration_ms: 22.298995
  type: 'test'
  ...
# Subtest: fixture paypal/membership: replay one key, approval once, owned invoice and grant
ok 356 - fixture paypal/membership: replay one key, approval once, owned invoice and grant
  ---
  duration_ms: 19.989606
  type: 'test'
  ...
# Subtest: lost checkout HTTP reply retains its original key/order without granting access
ok 357 - lost checkout HTTP reply retains its original key/order without granting access
  ---
  duration_ms: 9.392229
  type: 'test'
  ...
# Subtest: fixture refuses free-course purchase; enrollment does not create payment/invoice
ok 358 - fixture refuses free-course purchase; enrollment does not create payment/invoice
  ---
  duration_ms: 6.167614
  type: 'test'
  ...
# Subtest: fixture authorization binds order status, confirmation, invoice and recovery key to the owner
ok 359 - fixture authorization binds order status, confirmation, invoice and recovery key to the owner
  ---
  duration_ms: 9.332478
  type: 'test'
  ...
# Subtest: closed fixture order never settles even when approval is attempted
ok 360 - closed fixture order never settles even when approval is attempted
  ---
  duration_ms: 8.73456
  type: 'test'
  ...
# Subtest: fixture ignores browser price and rejects a changed product/provider under the same key
ok 361 - fixture ignores browser price and rejects a changed product/provider under the same key
  ---
  duration_ms: 5.94536
  type: 'test'
  ...
# Subtest: unknown checkout identity survives a remount with the same owner/product/provider/key
ok 362 - unknown checkout identity survives a remount with the same owner/product/provider/key
  ---
  duration_ms: 1.053683
  type: 'test'
  ...
# Subtest: browser pending checkout metadata cannot restore a different student identity
ok 363 - browser pending checkout metadata cannot restore a different student identity
  ---
  duration_ms: 0.127592
  type: 'test'
  ...
# Subtest: settled checkout clears only its exact owned order and leaves other account/order attempts
ok 364 - settled checkout clears only its exact owned order and leaves other account/order attempts
  ---
  duration_ms: 0.38608
  type: 'test'
  ...
# Subtest: malformed/mis-scoped pending checkout is never accepted: oops
ok 365 - malformed/mis-scoped pending checkout is never accepted: oops
  ---
  duration_ms: 0.215123
  type: 'test'
  ...
# Subtest: malformed/mis-scoped pending checkout is never accepted: null
ok 366 - malformed/mis-scoped pending checkout is never accepted: null
  ---
  duration_ms: 0.090536
  type: 'test'
  ...
# Subtest: malformed/mis-scoped pending checkout is never accepted: {}
ok 367 - malformed/mis-scoped pending checkout is never accepted: {}
  ---
  duration_ms: 0.142374
  type: 'test'
  ...
# Subtest: malformed/mis-scoped pending checkout is never accepted: {"owner":"aaaaaaaaaaaaaaaaaaaaaaaa","kind":"c
ok 368 - malformed/mis-scoped pending checkout is never accepted: {"owner":"aaaaaaaaaaaaaaaaaaaaaaaa","kind":"c
  ---
  duration_ms: 0.080581
  type: 'test'
  ...
# Subtest: malformed/mis-scoped pending checkout is never accepted: {"owner":"aaaaaaaaaaaaaaaaaaaaaaaa","kind":"c
ok 369 - malformed/mis-scoped pending checkout is never accepted: {"owner":"aaaaaaaaaaaaaaaaaaaaaaaa","kind":"c
  ---
  duration_ms: 0.115283
  type: 'test'
  ...
# Subtest: malformed/mis-scoped pending checkout is never accepted: {"owner":"aaaaaaaaaaaaaaaaaaaaaaaa","kind":"c
ok 370 - malformed/mis-scoped pending checkout is never accepted: {"owner":"aaaaaaaaaaaaaaaaaaaaaaaa","kind":"c
  ---
  duration_ms: 0.243515
  type: 'test'
  ...
# Subtest: malformed/mis-scoped pending checkout is never accepted: {"owner":"another","kind":"course","product":
ok 371 - malformed/mis-scoped pending checkout is never accepted: {"owner":"another","kind":"course","product":
  ---
  duration_ms: 0.289875
  type: 'test'
  ...
# Subtest: browser storage exceptions do not fabricate a settled checkout
ok 372 - browser storage exceptions do not fabricate a settled checkout
  ---
  duration_ms: 0.281794
  type: 'test'
  ...
# Subtest: free-course route is warmed without automatically enrolling or calling checkout
ok 373 - free-course route is warmed without automatically enrolling or calling checkout
  ---
  duration_ms: 39.368677
  type: 'test'
  ...
# Subtest: first free-course Start creates one enrollment and remains busy until learning navigation
ok 374 - first free-course Start creates one enrollment and remains busy until learning navigation
  ---
  duration_ms: 26.368859
  type: 'test'
  ...
# Subtest: free Start remains disabled before hydration and cannot lose the first enabled click
ok 375 - free Start remains disabled before hydration and cannot lose the first enabled click
  ---
  duration_ms: 22.841771
  type: 'test'
  ...
# Subtest: enrollment error shows feedback and releases only the current start lock
ok 376 - enrollment error shows feedback and releases only the current start lock
  ---
  duration_ms: 20.259112
  type: 'test'
  ...
# Subtest: logout/account switch while enrollment is pending prevents late learning navigation
ok 377 - logout/account switch while enrollment is pending prevents late learning navigation
  ---
  duration_ms: 28.075613
  type: 'test'
  ...
# Subtest: changing course while enrollment is pending cancels its stale redirect
ok 378 - changing course while enrollment is pending cancels its stale redirect
  ---
  duration_ms: 23.863716
  type: 'test'
  ...
# Subtest: paid course without access goes to checkout but never creates payment on the detail page
ok 379 - paid course without access goes to checkout but never creates payment on the detail page
  ---
  duration_ms: 22.476853
  type: 'test'
  ...
# Subtest: paid course with verified access only creates its missing enrollment then opens learning
ok 380 - paid course with verified access only creates its missing enrollment then opens learning
  ---
  duration_ms: 12.857143
  type: 'test'
  ...
# Subtest: unresolved Stripe attempt disables PayPal and callback guard refuses a different key
ok 381 - unresolved Stripe attempt disables PayPal and callback guard refuses a different key
  ---
  duration_ms: 45.743131
  type: 'test'
  ...
# Subtest: unresolved purchase fence survives refresh/remount in the same account
ok 382 - unresolved purchase fence survives refresh/remount in the same account
  ---
  duration_ms: 70.619073
  type: 'test'
  ...
# Subtest: another student cannot inherit a browser pending-checkout key
ok 383 - another student cannot inherit a browser pending-checkout key
  ---
  duration_ms: 25.107474
  type: 'test'
  ...
# Subtest: pageshow during unfinished creation cannot unlock a second checkout POST
ok 384 - pageshow during unfinished creation cannot unlock a second checkout POST
  ---
  duration_ms: 19.263015
  type: 'test'
  ...
# Subtest: wrong order/provider identity from a malformed response never redirects to payment
ok 385 - wrong order/provider identity from a malformed response never redirects to payment
  ---
  duration_ms: 25.883189
  type: 'test'
  ...
# Subtest: paid same-key response opens owned receipt status and clears only its retry metadata
ok 386 - paid same-key response opens owned receipt status and clears only its retry metadata
  ---
  duration_ms: 18.206748
  type: 'test'
  ...
# Subtest: pending stored checkout contains no price, user credentials, card data or access grant
ok 387 - pending stored checkout contains no price, user credentials, card data or access grant
  ---
  duration_ms: 16.687396
  type: 'test'
  ...
# Subtest: Next fixture output isolation never changes normal production output: false
ok 388 - Next fixture output isolation never changes normal production output: false
  ---
  duration_ms: 6.174765
  type: 'test'
  ...
# Subtest: Next fixture output isolation never changes normal production output: true
ok 389 - Next fixture output isolation never changes normal production output: true
  ---
  duration_ms: 1.951442
  type: 'test'
  ...
# Subtest: account switch during checkout response cannot redirect or clear another account attempt
ok 390 - account switch during checkout response cannot redirect or clear another account attempt
  ---
  duration_ms: 23.518877
  type: 'test'
  ...
# Subtest: checkout response after a product change cannot navigate the new page to an old purchase
ok 391 - checkout response after a product change cannot navigate the new page to an old purchase
  ---
  duration_ms: 29.050256
  type: 'test'
  ...
# Subtest: V60.13.1 PNG 240w has real matching width, intact CRC and decodable pixel stream
ok 392 - V60.13.1 PNG 240w has real matching width, intact CRC and decodable pixel stream
  ---
  duration_ms: 5.580663
  type: 'test'
  ...
# Subtest: V60.13.1 PNG 480w has real matching width, intact CRC and decodable pixel stream
ok 393 - V60.13.1 PNG 480w has real matching width, intact CRC and decodable pixel stream
  ---
  duration_ms: 3.878687
  type: 'test'
  ...
# Subtest: V60.13.1 PNG 720w has real matching width, intact CRC and decodable pixel stream
ok 394 - V60.13.1 PNG 720w has real matching width, intact CRC and decodable pixel stream
  ---
  duration_ms: 4.762473
  type: 'test'
  ...
# Subtest: V60.13.1 PNG 1080w has real matching width, intact CRC and decodable pixel stream
ok 395 - V60.13.1 PNG 1080w has real matching width, intact CRC and decodable pixel stream
  ---
  duration_ms: 20.433904
  type: 'test'
  ...
# Subtest: V60.13.1 PNG 1600w has real matching width, intact CRC and decodable pixel stream
ok 396 - V60.13.1 PNG 1600w has real matching width, intact CRC and decodable pixel stream
  ---
  duration_ms: 57.820353
  type: 'test'
  ...
# Subtest: unmodified/original fixture response is a real 1600px photograph placeholder
ok 397 - unmodified/original fixture response is a real 1600px photograph placeholder
  ---
  duration_ms: 12.376932
  type: 'test'
  ...
# Subtest: fixture rejects invalid/ambiguous width instead of fabricating a 1px image: w=1
ok 398 - fixture rejects invalid/ambiguous width instead of fabricating a 1px image: w=1
  ---
  duration_ms: 0.445879
  type: 'test'
  ...
# Subtest: fixture rejects invalid/ambiguous width instead of fabricating a 1px image: w=0
ok 399 - fixture rejects invalid/ambiguous width instead of fabricating a 1px image: w=0
  ---
  duration_ms: 0.130967
  type: 'test'
  ...
# Subtest: fixture rejects invalid/ambiguous width instead of fabricating a 1px image: w=-1
ok 400 - fixture rejects invalid/ambiguous width instead of fabricating a 1px image: w=-1
  ---
  duration_ms: 0.323506
  type: 'test'
  ...
# Subtest: fixture rejects invalid/ambiguous width instead of fabricating a 1px image: w=4096
ok 401 - fixture rejects invalid/ambiguous width instead of fabricating a 1px image: w=4096
  ---
  duration_ms: 0.3396
  type: 'test'
  ...
# Subtest: fixture rejects invalid/ambiguous width instead of fabricating a 1px image: w=480.0
ok 402 - fixture rejects invalid/ambiguous width instead of fabricating a 1px image: w=480.0
  ---
  duration_ms: 0.135423
  type: 'test'
  ...
# Subtest: fixture rejects invalid/ambiguous width instead of fabricating a 1px image: w=0480
ok 403 - fixture rejects invalid/ambiguous width instead of fabricating a 1px image: w=0480
  ---
  duration_ms: 0.064837
  type: 'test'
  ...
# Subtest: fixture rejects invalid/ambiguous width instead of fabricating a 1px image: w=NaN
ok 404 - fixture rejects invalid/ambiguous width instead of fabricating a 1px image: w=NaN
  ---
  duration_ms: 0.089214
  type: 'test'
  ...
# Subtest: fixture rejects invalid/ambiguous width instead of fabricating a 1px image: w=
ok 405 - fixture rejects invalid/ambiguous width instead of fabricating a 1px image: w=
  ---
  duration_ms: 0.052359
  type: 'test'
  ...
# Subtest: fixture rejects invalid/ambiguous width instead of fabricating a 1px image: w=480&w=720
ok 406 - fixture rejects invalid/ambiguous width instead of fabricating a 1px image: w=480&w=720
  ---
  duration_ms: 0.047652
  type: 'test'
  ...
# Subtest: fixture generator refuses unbounded images and unsupported scalar types
ok 407 - fixture generator refuses unbounded images and unsupported scalar types
  ---
  duration_ms: 11.742599
  type: 'test'
  ...
# Subtest: original-image fallback preserves retry query without changing actual pixels
ok 408 - original-image fallback preserves retry query without changing actual pixels
  ---
  duration_ms: 0.244196
  type: 'test'
  ...
# Subtest: fixture cannot accidentally intercept a different student/private media path
ok 409 - fixture cannot accidentally intercept a different student/private media path
  ---
  duration_ms: 0.12014
  type: 'test'
  ...
# Subtest: fixture cache is deterministic and callers cannot mutate a cached PNG
ok 410 - fixture cache is deterministic and callers cannot mutate a cached PNG
  ---
  duration_ms: 0.09978
  type: 'test'
  ...
# Subtest: legacy 1x1 fixture cannot substantiate a 480w descriptor and its bad CRC is detected
ok 411 - legacy 1x1 fixture cannot substantiate a 480w descriptor and its bad CRC is detected
  ---
  duration_ms: 0.877849
  type: 'test'
  ...
# Subtest: new iframe inherits academy origin: neither a fake load nor a send opens its gate
ok 412 - new iframe inherits academy origin: neither a fake load nor a send opens its gate
  ---
  duration_ms: 0.980804
  type: 'test'
  ...
# Subtest: cross-origin document alone is not enough: wait for a load/verified readiness event
ok 413 - cross-origin document alone is not enough: wait for a load/verified readiness event
  ---
  duration_ms: 0.631299
  type: 'test'
  ...
# Subtest: ready messages require both exact provider origin and current frame identity
ok 414 - ready messages require both exact provider origin and current frame identity
  ---
  duration_ms: 0.232088
  type: 'test'
  ...
# Subtest: a removed or newly replaced iframe cannot reuse the old loaded gate
ok 415 - a removed or newly replaced iframe cannot reuse the old loaded gate
  ---
  duration_ms: 0.14669
  type: 'test'
  ...
# Subtest: provider frame returning to a readable same-origin document stops receiving commands
ok 416 - provider frame returning to a readable same-origin document stops receiving commands
  ---
  duration_ms: 0.114201
  type: 'test'
  ...
# Subtest: Instagram and arbitrary origins do not use Vimeo/YouTube control messages
ok 417 - Instagram and arbitrary origins do not use Vimeo/YouTube control messages
  ---
  duration_ms: 0.124327
  type: 'test'
  ...
# Subtest: actual media callbacks send zero messages before slow document commit, including early Play
ok 418 - actual media callbacks send zero messages before slow document commit, including early Play
  ---
  duration_ms: 55.597053
  type: 'test'
  ...
# Subtest: lesson replacement cancels old handshake timers and never plays the new lesson automatically
ok 419 - lesson replacement cancels old handshake timers and never plays the new lesson automatically
  ---
  duration_ms: 27.047969
  type: 'test'
  ...
# Subtest: retry creates a fresh frame; old document permission cannot send into its about:blank
ok 420 - retry creates a fresh frame; old document permission cannot send into its about:blank
  ---
  duration_ms: 19.242494
  type: 'test'
  ...
# Subtest: existing landing card opens saved public member preview with protected full-team link
ok 421 - existing landing card opens saved public member preview with protected full-team link
  ---
  duration_ms: 74.503242
  type: 'test'
  ...
# Subtest: Escape dismisses landing preview without navigation or changing account state
ok 422 - Escape dismisses landing preview without navigation or changing account state
  ---
  duration_ms: 80.865448
  type: 'test'
  ...
# Subtest: both lesson and CMS iframes keep modern fullscreen without the conflicting legacy attribute
ok 423 - both lesson and CMS iframes keep modern fullscreen without the conflicting legacy attribute
  ---
  duration_ms: 1.241996
  type: 'test'
  ...
# Subtest: vimeo DOM load alone is not accepted as player readiness
ok 424 - vimeo DOM load alone is not accepted as player readiness
  ---
  duration_ms: 94.15428
  type: 'test'
  ...
# Subtest: youtube DOM load alone is not accepted as player readiness
ok 425 - youtube DOM load alone is not accepted as player readiness
  ---
  duration_ms: 65.22115
  type: 'test'
  ...
# Subtest: Vimeo missed-ready ping recovers without autoplay or seeking before user input
ok 426 - Vimeo missed-ready ping recovers without autoplay or seeking before user input
  ---
  duration_ms: 56.486919
  type: 'test'
  ...
# Subtest: early Vimeo Play waits for readiness without reloading iframe or repeated ready playback
ok 427 - early Vimeo Play waits for readiness without reloading iframe or repeated ready playback
  ---
  duration_ms: 33.550988
  type: 'test'
  ...
# Subtest: player rejects forged origin readiness messages
ok 428 - player rejects forged origin readiness messages
  ---
  duration_ms: 25.293173
  type: 'test'
  ...
# Subtest: player rejects forged source readiness messages
ok 429 - player rejects forged source readiness messages
  ---
  duration_ms: 19.161393
  type: 'test'
  ...
# Subtest: malformed provider message is ignored without crashing the course
ok 430 - malformed provider message is ignored without crashing the course
  ---
  duration_ms: 13.699758
  type: 'test'
  ...
# Subtest: provider handshake is bounded and all timers/listeners clean up with lesson
ok 431 - provider handshake is bounded and all timers/listeners clean up with lesson
  ---
  duration_ms: 13.312156
  type: 'test'
  ...
# Subtest: changing lesson source forgets previous play intent and readiness
ok 432 - changing lesson source forgets previous play intent and readiness
  ---
  duration_ms: 14.074542
  type: 'test'
  ...
# Subtest: autoplay-blocked is honest and leaves provider controls usable
ok 433 - autoplay-blocked is honest and leaves provider controls usable
  ---
  duration_ms: 17.079816
  type: 'test'
  ...
# Subtest: buffering then bufferend updates existing video status, not the frame URL
ok 434 - buffering then bufferend updates existing video status, not the frame URL
  ---
  duration_ms: 15.262335
  type: 'test'
  ...
# Subtest: no attempt to silence provider diagnostics or re-enable deprecated unload
ok 435 - no attempt to silence provider diagnostics or re-enable deprecated unload
  ---
  duration_ms: 0.290276
  type: 'test'
  ...
# Subtest: image priority no longer forces full viewport sizes for course/team cards
ok 436 - image priority no longer forces full viewport sizes for course/team cards
  ---
  duration_ms: 0.242053
  type: 'test'
  ...
# Subtest: photo warmup uses exactly the card srcset/sizes and never blocks rendering
ok 437 - photo warmup uses exactly the card srcset/sizes and never blocks rendering
  ---
  duration_ms: 12.296922
  type: 'test'
  ...
# Subtest: warmup deduplicates images and caps network concurrency
ok 438 - warmup deduplicates images and caps network concurrency
  ---
  duration_ms: 8.798896
  type: 'test'
  ...
# Subtest: warmup cache is bounded and successful images are not prefetched again
ok 439 - warmup cache is bounded and successful images are not prefetched again
  ---
  duration_ms: 7.926236
  type: 'test'
  ...
# Subtest: foreground/account validity is rechecked before each queued photo
ok 440 - foreground/account validity is rechecked before each queued photo
  ---
  duration_ms: 19.31977
  type: 'test'
  ...
# Subtest: warmup refuses external/private/staff/download source https://external.invalid/signed.jpg
ok 441 - warmup refuses external/private/staff/download source https://external.invalid/signed.jpg
  ---
  duration_ms: 7.486065
  type: 'test'
  ...
# Subtest: warmup refuses external/private/staff/download source //external.invalid/a.jpg
ok 442 - warmup refuses external/private/staff/download source //external.invalid/a.jpg
  ---
  duration_ms: 6.456679
  type: 'test'
  ...
# Subtest: warmup refuses external/private/staff/download source /api/certificates/mine
ok 443 - warmup refuses external/private/staff/download source /api/certificates/mine
  ---
  duration_ms: 5.908735
  type: 'test'
  ...
# Subtest: warmup refuses external/private/staff/download source /api/media/aaaaaaaaaaaaaaaaaaaaaaaa?portal=client_admin
ok 444 - warmup refuses external/private/staff/download source /api/media/aaaaaaaaaaaaaaaaaaaaaaaa?portal=client_admin
  ---
  duration_ms: 5.944139
  type: 'test'
  ...
# Subtest: warmup refuses external/private/staff/download source /api/media/aaaaaaaaaaaaaaaaaaaaaaaa?download=1
ok 445 - warmup refuses external/private/staff/download source /api/media/aaaaaaaaaaaaaaaaaaaaaaaa?download=1
  ---
  duration_ms: 6.775919
  type: 'test'
  ...
# Subtest: missing/offline/hidden context does not launch speculative images
ok 446 - missing/offline/hidden context does not launch speculative images
  ---
  duration_ms: 6.847055
  type: 'test'
  ...
# Subtest: first-row image list is bounded and uses the saved website replacement
ok 447 - first-row image list is bounded and uses the saved website replacement
  ---
  duration_ms: 5.636076
  type: 'test'
  ...
# Subtest: failed speculative image is not remembered as success and may retry later
ok 448 - failed speculative image is not remembered as success and may retry later
  ---
  duration_ms: 14.316105
  type: 'test'
  ...
# Subtest: timed-out speculative image is cancelled and releases its queue slot
ok 449 - timed-out speculative image is cancelled and releases its queue slot
  ---
  duration_ms: 6.021225
  type: 'test'
  ...
# Subtest: unsupported Vimeo playback is reported as unavailable, not as an autoplay permission prompt
ok 450 - unsupported Vimeo playback is reported as unavailable, not as an autoplay permission prompt
  ---
  duration_ms: 12.059164
  type: 'test'
  ...
1..450
# tests 450
# suites 0
# pass 450
# fail 0
# cancelled 0
# skipped 0
# todo 0
# duration_ms 4032.8438
