
> singh-academy@60.14.0 test:runtime
> node --test scripts/test/*.test.mjs

TAP version 13
# Subtest: runtime policy accepts stable version string 22.0.0
ok 1 - runtime policy accepts stable version string 22.0.0
  ---
  duration_ms: 26.528262
  type: 'test'
  ...
# Subtest: runtime policy accepts stable version string 22.16.0
ok 2 - runtime policy accepts stable version string 22.16.0
  ---
  duration_ms: 0.281747
  type: 'test'
  ...
# Subtest: runtime policy accepts stable version string 22.23.3
ok 3 - runtime policy accepts stable version string 22.23.3
  ---
  duration_ms: 0.171614
  type: 'test'
  ...
# Subtest: runtime policy accepts stable version string 24.0.0
ok 4 - runtime policy accepts stable version string 24.0.0
  ---
  duration_ms: 0.131264
  type: 'test'
  ...
# Subtest: runtime policy accepts stable version string 24.18.0
ok 5 - runtime policy accepts stable version string 24.18.0
  ---
  duration_ms: 0.176902
  type: 'test'
  ...
# Subtest: runtime policy accepts stable version string v24.18.0
ok 6 - runtime policy accepts stable version string v24.18.0
  ---
  duration_ms: 0.099266
  type: 'test'
  ...
# Subtest: runtime policy accepts stable version string 24.21.0
ok 7 - runtime policy accepts stable version string 24.21.0
  ---
  duration_ms: 0.172636
  type: 'test'
  ...
# Subtest: runtime policy rejects unsupported/invalid input "18.20.0"
ok 8 - runtime policy rejects unsupported/invalid input "18.20.0"
  ---
  duration_ms: 0.50001
  type: 'test'
  ...
# Subtest: runtime policy rejects unsupported/invalid input "20.19.0"
ok 9 - runtime policy rejects unsupported/invalid input "20.19.0"
  ---
  duration_ms: 0.442175
  type: 'test'
  ...
# Subtest: runtime policy rejects unsupported/invalid input "21.7.3"
ok 10 - runtime policy rejects unsupported/invalid input "21.7.3"
  ---
  duration_ms: 4.616681
  type: 'test'
  ...
# Subtest: runtime policy rejects unsupported/invalid input "23.11.0"
ok 11 - runtime policy rejects unsupported/invalid input "23.11.0"
  ---
  duration_ms: 0.254677
  type: 'test'
  ...
# Subtest: runtime policy rejects unsupported/invalid input "25.0.0"
ok 12 - runtime policy rejects unsupported/invalid input "25.0.0"
  ---
  duration_ms: 0.120588
  type: 'test'
  ...
# Subtest: runtime policy rejects unsupported/invalid input "26.0.0"
ok 13 - runtime policy rejects unsupported/invalid input "26.0.0"
  ---
  duration_ms: 0.087349
  type: 'test'
  ...
# Subtest: runtime policy rejects unsupported/invalid input "24.18.0-nightly"
ok 14 - runtime policy rejects unsupported/invalid input "24.18.0-nightly"
  ---
  duration_ms: 0.085226
  type: 'test'
  ...
# Subtest: runtime policy rejects unsupported/invalid input "22.0.0-rc.1"
ok 15 - runtime policy rejects unsupported/invalid input "22.0.0-rc.1"
  ---
  duration_ms: 0.068701
  type: 'test'
  ...
# Subtest: runtime policy rejects unsupported/invalid input "22.x"
ok 16 - runtime policy rejects unsupported/invalid input "22.x"
  ---
  duration_ms: 0.13524
  type: 'test'
  ...
# Subtest: runtime policy rejects unsupported/invalid input "24"
ok 17 - runtime policy rejects unsupported/invalid input "24"
  ---
  duration_ms: 0.08106
  type: 'test'
  ...
# Subtest: runtime policy rejects unsupported/invalid input "024.18.0"
ok 18 - runtime policy rejects unsupported/invalid input "024.18.0"
  ---
  duration_ms: 0.075381
  type: 'test'
  ...
# Subtest: runtime policy rejects unsupported/invalid input "24.18.0 trailing"
ok 19 - runtime policy rejects unsupported/invalid input "24.18.0 trailing"
  ---
  duration_ms: 0.076433
  type: 'test'
  ...
# Subtest: runtime policy rejects unsupported/invalid input ""
ok 20 - runtime policy rejects unsupported/invalid input ""
  ---
  duration_ms: 0.063234
  type: 'test'
  ...
# Subtest: runtime policy rejects unsupported/invalid input null
ok 21 - runtime policy rejects unsupported/invalid input null
  ---
  duration_ms: 0.064906
  type: 'test'
  ...
# Subtest: runtime policy rejects unsupported/invalid input 24
ok 22 - runtime policy rejects unsupported/invalid input 24
  ---
  duration_ms: 0.062613
  type: 'test'
  ...
# Subtest: runtime policy rejects unsupported/invalid input {}
ok 23 - runtime policy rejects unsupported/invalid input {}
  ---
  duration_ms: 0.072998
  type: 'test'
  ...
# Subtest: runtime policy rejects unsupported/invalid input []
ok 24 - runtime policy rejects unsupported/invalid input []
  ---
  duration_ms: 0.076323
  type: 'test'
  ...
# Subtest: default policy reads the actually executing Node runtime, without an NVM check
ok 25 - default policy reads the actually executing Node runtime, without an NVM check
  ---
  duration_ms: 0.143102
  type: 'test'
  ...
# Subtest: actual root/backend/frontend declare exactly the same accepted engines and version
ok 26 - actual root/backend/frontend declare exactly the same accepted engines and version
  ---
  duration_ms: 0.806884
  type: 'test'
  ...
# Subtest: Node 24 summary distinguishes local policy acceptance from Hostinger Node 22 evidence
ok 27 - Node 24 summary distinguishes local policy acceptance from Hostinger Node 22 evidence
  ---
  duration_ms: 10.301102
  type: 'test'
  ...
# Subtest: an old Node-22-only manifest is identified: package.json
ok 28 - an old Node-22-only manifest is identified: package.json
  ---
  duration_ms: 3.802216
  type: 'test'
  ...
# Subtest: an old Node-22-only manifest is identified: backend/package.json
ok 29 - an old Node-22-only manifest is identified: backend/package.json
  ---
  duration_ms: 3.156761
  type: 'test'
  ...
# Subtest: an old Node-22-only manifest is identified: frontend/package.json
ok 30 - an old Node-22-only manifest is identified: frontend/package.json
  ---
  duration_ms: 3.328685
  type: 'test'
  ...
# Subtest: mixed patch versions are not accepted: backend/package.json
ok 31 - mixed patch versions are not accepted: backend/package.json
  ---
  duration_ms: 4.620817
  type: 'test'
  ...
# Subtest: mixed patch versions are not accepted: frontend/package.json
ok 32 - mixed patch versions are not accepted: frontend/package.json
  ---
  duration_ms: 1.266264
  type: 'test'
  ...
# Subtest: malformed or missing manifest produces an actionable message without echoing file contents
ok 33 - malformed or missing manifest produces an actionable message without echoing file contents
  ---
  duration_ms: 5.275215
  type: 'test'
  ...
# Subtest: the original nine commands, order, audits and full browser gate are retained
ok 34 - the original nine commands, order, audits and full browser gate are retained
  ---
  duration_ms: 1.096973
  type: 'test'
  ...
# Subtest: explicit remote option appends verification only, never a charge-creation command
ok 35 - explicit remote option appends verification only, never a charge-creation command
  ---
  duration_ms: 0.147999
  type: 'test'
  ...
# Subtest: simulated successful gate retains every check under 22.16.0
ok 36 - simulated successful gate retains every check under 22.16.0
  ---
  duration_ms: 11.100365
  type: 'test'
  ...
# Subtest: simulated successful gate retains every check under 24.18.0
ok 37 - simulated successful gate retains every check under 24.18.0
  ---
  duration_ms: 18.779397
  type: 'test'
  ...
# Subtest: simulated gate stops at command 1 and never marks later commands passed
ok 38 - simulated gate stops at command 1 and never marks later commands passed
  ---
  duration_ms: 27.124083
  type: 'test'
  ...
# Subtest: simulated gate stops at command 2 and never marks later commands passed
ok 39 - simulated gate stops at command 2 and never marks later commands passed
  ---
  duration_ms: 10.92846
  type: 'test'
  ...
# Subtest: simulated gate stops at command 3 and never marks later commands passed
ok 40 - simulated gate stops at command 3 and never marks later commands passed
  ---
  duration_ms: 5.483273
  type: 'test'
  ...
# Subtest: simulated gate stops at command 4 and never marks later commands passed
ok 41 - simulated gate stops at command 4 and never marks later commands passed
  ---
  duration_ms: 8.159733
  type: 'test'
  ...
# Subtest: simulated gate stops at command 5 and never marks later commands passed
ok 42 - simulated gate stops at command 5 and never marks later commands passed
  ---
  duration_ms: 4.23073
  type: 'test'
  ...
# Subtest: simulated gate stops at command 6 and never marks later commands passed
ok 43 - simulated gate stops at command 6 and never marks later commands passed
  ---
  duration_ms: 8.994248
  type: 'test'
  ...
# Subtest: simulated gate stops at command 7 and never marks later commands passed
ok 44 - simulated gate stops at command 7 and never marks later commands passed
  ---
  duration_ms: 9.635527
  type: 'test'
  ...
# Subtest: simulated gate stops at command 8 and never marks later commands passed
ok 45 - simulated gate stops at command 8 and never marks later commands passed
  ---
  duration_ms: 17.691777
  type: 'test'
  ...
# Subtest: simulated gate stops at command 9 and never marks later commands passed
ok 46 - simulated gate stops at command 9 and never marks later commands passed
  ---
  duration_ms: 42.827058
  type: 'test'
  ...
# Subtest: an early unsupported runtime replaces stale success with failed + not_run entries
ok 47 - an early unsupported runtime replaces stale success with failed + not_run entries
  ---
  duration_ms: 5.948502
  type: 'test'
  ...
# Subtest: incomplete patch writes a failure report before installation or any service call
ok 48 - incomplete patch writes a failure report before installation or any service call
  ---
  duration_ms: 4.727344
  type: 'test'
  ...
# Subtest: commands do not mutate environment settings, secrets or lockfiles
ok 49 - commands do not mutate environment settings, secrets or lockfiles
  ---
  duration_ms: 15.398273
  type: 'test'
  ...
# Subtest: check:runtime CLI uses the current runtime and succeeds from an unrelated cwd
ok 50 - check:runtime CLI uses the current runtime and succeeds from an unrelated cwd
  ---
  duration_ms: 223.495769
  type: 'test'
  ...
# Subtest: CI declares both release families, with no single-runtime or auto-deploy shortcut
ok 51 - CI declares both release families, with no single-runtime or auto-deploy shortcut
  ---
  duration_ms: 0.345922
  type: 'test'
  ...
1..51
# tests 51
# suites 0
# pass 51
# fail 0
# cancelled 0
# skipped 0
# todo 0
# duration_ms 839.466572
