
> singh-academy@60.14.0 test:runtime
> node --test scripts/test/*.test.mjs

TAP version 13
# Subtest: runtime policy accepts stable version string 22.0.0
ok 1 - runtime policy accepts stable version string 22.0.0
  ---
  duration_ms: 16.932182
  type: 'test'
  ...
# Subtest: runtime policy accepts stable version string 22.16.0
ok 2 - runtime policy accepts stable version string 22.16.0
  ---
  duration_ms: 0.232864
  type: 'test'
  ...
# Subtest: runtime policy accepts stable version string 22.23.3
ok 3 - runtime policy accepts stable version string 22.23.3
  ---
  duration_ms: 0.168829
  type: 'test'
  ...
# Subtest: runtime policy accepts stable version string 24.0.0
ok 4 - runtime policy accepts stable version string 24.0.0
  ---
  duration_ms: 0.120198
  type: 'test'
  ...
# Subtest: runtime policy accepts stable version string 24.18.0
ok 5 - runtime policy accepts stable version string 24.18.0
  ---
  duration_ms: 0.125285
  type: 'test'
  ...
# Subtest: runtime policy accepts stable version string v24.18.0
ok 6 - runtime policy accepts stable version string v24.18.0
  ---
  duration_ms: 0.110162
  type: 'test'
  ...
# Subtest: runtime policy accepts stable version string 24.21.0
ok 7 - runtime policy accepts stable version string 24.21.0
  ---
  duration_ms: 0.193085
  type: 'test'
  ...
# Subtest: runtime policy rejects unsupported/invalid input "18.20.0"
ok 8 - runtime policy rejects unsupported/invalid input "18.20.0"
  ---
  duration_ms: 0.590332
  type: 'test'
  ...
# Subtest: runtime policy rejects unsupported/invalid input "20.19.0"
ok 9 - runtime policy rejects unsupported/invalid input "20.19.0"
  ---
  duration_ms: 3.150806
  type: 'test'
  ...
# Subtest: runtime policy rejects unsupported/invalid input "21.7.3"
ok 10 - runtime policy rejects unsupported/invalid input "21.7.3"
  ---
  duration_ms: 0.477065
  type: 'test'
  ...
# Subtest: runtime policy rejects unsupported/invalid input "23.11.0"
ok 11 - runtime policy rejects unsupported/invalid input "23.11.0"
  ---
  duration_ms: 0.192184
  type: 'test'
  ...
# Subtest: runtime policy rejects unsupported/invalid input "25.0.0"
ok 12 - runtime policy rejects unsupported/invalid input "25.0.0"
  ---
  duration_ms: 0.093488
  type: 'test'
  ...
# Subtest: runtime policy rejects unsupported/invalid input "26.0.0"
ok 13 - runtime policy rejects unsupported/invalid input "26.0.0"
  ---
  duration_ms: 0.076112
  type: 'test'
  ...
# Subtest: runtime policy rejects unsupported/invalid input "24.18.0-nightly"
ok 14 - runtime policy rejects unsupported/invalid input "24.18.0-nightly"
  ---
  duration_ms: 0.076513
  type: 'test'
  ...
# Subtest: runtime policy rejects unsupported/invalid input "22.0.0-rc.1"
ok 15 - runtime policy rejects unsupported/invalid input "22.0.0-rc.1"
  ---
  duration_ms: 0.069403
  type: 'test'
  ...
# Subtest: runtime policy rejects unsupported/invalid input "22.x"
ok 16 - runtime policy rejects unsupported/invalid input "22.x"
  ---
  duration_ms: 0.085596
  type: 'test'
  ...
# Subtest: runtime policy rejects unsupported/invalid input "24"
ok 17 - runtime policy rejects unsupported/invalid input "24"
  ---
  duration_ms: 0.072777
  type: 'test'
  ...
# Subtest: runtime policy rejects unsupported/invalid input "024.18.0"
ok 18 - runtime policy rejects unsupported/invalid input "024.18.0"
  ---
  duration_ms: 0.068811
  type: 'test'
  ...
# Subtest: runtime policy rejects unsupported/invalid input "24.18.0 trailing"
ok 19 - runtime policy rejects unsupported/invalid input "24.18.0 trailing"
  ---
  duration_ms: 0.083904
  type: 'test'
  ...
# Subtest: runtime policy rejects unsupported/invalid input ""
ok 20 - runtime policy rejects unsupported/invalid input ""
  ---
  duration_ms: 0.069082
  type: 'test'
  ...
# Subtest: runtime policy rejects unsupported/invalid input null
ok 21 - runtime policy rejects unsupported/invalid input null
  ---
  duration_ms: 0.062653
  type: 'test'
  ...
# Subtest: runtime policy rejects unsupported/invalid input 24
ok 22 - runtime policy rejects unsupported/invalid input 24
  ---
  duration_ms: 0.069253
  type: 'test'
  ...
# Subtest: runtime policy rejects unsupported/invalid input {}
ok 23 - runtime policy rejects unsupported/invalid input {}
  ---
  duration_ms: 0.064496
  type: 'test'
  ...
# Subtest: runtime policy rejects unsupported/invalid input []
ok 24 - runtime policy rejects unsupported/invalid input []
  ---
  duration_ms: 0.066719
  type: 'test'
  ...
# Subtest: default policy reads the actually executing Node runtime, without an NVM check
ok 25 - default policy reads the actually executing Node runtime, without an NVM check
  ---
  duration_ms: 1.821512
  type: 'test'
  ...
# Subtest: actual root/backend/frontend declare exactly the same accepted engines and version
ok 26 - actual root/backend/frontend declare exactly the same accepted engines and version
  ---
  duration_ms: 0.748516
  type: 'test'
  ...
# Subtest: Node 24 summary distinguishes local policy acceptance from Hostinger Node 22 evidence
ok 27 - Node 24 summary distinguishes local policy acceptance from Hostinger Node 22 evidence
  ---
  duration_ms: 3.611928
  type: 'test'
  ...
# Subtest: an old Node-22-only manifest is identified: package.json
ok 28 - an old Node-22-only manifest is identified: package.json
  ---
  duration_ms: 1.520497
  type: 'test'
  ...
# Subtest: an old Node-22-only manifest is identified: backend/package.json
ok 29 - an old Node-22-only manifest is identified: backend/package.json
  ---
  duration_ms: 1.357526
  type: 'test'
  ...
# Subtest: an old Node-22-only manifest is identified: frontend/package.json
ok 30 - an old Node-22-only manifest is identified: frontend/package.json
  ---
  duration_ms: 1.003072
  type: 'test'
  ...
# Subtest: mixed patch versions are not accepted: backend/package.json
ok 31 - mixed patch versions are not accepted: backend/package.json
  ---
  duration_ms: 1.064143
  type: 'test'
  ...
# Subtest: mixed patch versions are not accepted: frontend/package.json
ok 32 - mixed patch versions are not accepted: frontend/package.json
  ---
  duration_ms: 1.077813
  type: 'test'
  ...
# Subtest: malformed or missing manifest produces an actionable message without echoing file contents
ok 33 - malformed or missing manifest produces an actionable message without echoing file contents
  ---
  duration_ms: 1.222306
  type: 'test'
  ...
# Subtest: the original nine commands, order, audits and full browser gate are retained
ok 34 - the original nine commands, order, audits and full browser gate are retained
  ---
  duration_ms: 0.930905
  type: 'test'
  ...
# Subtest: explicit remote option appends verification only, never a charge-creation command
ok 35 - explicit remote option appends verification only, never a charge-creation command
  ---
  duration_ms: 0.123402
  type: 'test'
  ...
# Subtest: simulated successful gate retains every check under 22.16.0
ok 36 - simulated successful gate retains every check under 22.16.0
  ---
  duration_ms: 5.102811
  type: 'test'
  ...
# Subtest: simulated successful gate retains every check under 24.18.0
ok 37 - simulated successful gate retains every check under 24.18.0
  ---
  duration_ms: 4.857648
  type: 'test'
  ...
# Subtest: simulated gate stops at command 1 and never marks later commands passed
ok 38 - simulated gate stops at command 1 and never marks later commands passed
  ---
  duration_ms: 2.486394
  type: 'test'
  ...
# Subtest: simulated gate stops at command 2 and never marks later commands passed
ok 39 - simulated gate stops at command 2 and never marks later commands passed
  ---
  duration_ms: 1.872276
  type: 'test'
  ...
# Subtest: simulated gate stops at command 3 and never marks later commands passed
ok 40 - simulated gate stops at command 3 and never marks later commands passed
  ---
  duration_ms: 2.223005
  type: 'test'
  ...
# Subtest: simulated gate stops at command 4 and never marks later commands passed
ok 41 - simulated gate stops at command 4 and never marks later commands passed
  ---
  duration_ms: 2.335321
  type: 'test'
  ...
# Subtest: simulated gate stops at command 5 and never marks later commands passed
ok 42 - simulated gate stops at command 5 and never marks later commands passed
  ---
  duration_ms: 2.729944
  type: 'test'
  ...
# Subtest: simulated gate stops at command 6 and never marks later commands passed
ok 43 - simulated gate stops at command 6 and never marks later commands passed
  ---
  duration_ms: 4.061181
  type: 'test'
  ...
# Subtest: simulated gate stops at command 7 and never marks later commands passed
ok 44 - simulated gate stops at command 7 and never marks later commands passed
  ---
  duration_ms: 3.09892
  type: 'test'
  ...
# Subtest: simulated gate stops at command 8 and never marks later commands passed
ok 45 - simulated gate stops at command 8 and never marks later commands passed
  ---
  duration_ms: 3.994217
  type: 'test'
  ...
# Subtest: simulated gate stops at command 9 and never marks later commands passed
ok 46 - simulated gate stops at command 9 and never marks later commands passed
  ---
  duration_ms: 6.197378
  type: 'test'
  ...
# Subtest: an early unsupported runtime replaces stale success with failed + not_run entries
ok 47 - an early unsupported runtime replaces stale success with failed + not_run entries
  ---
  duration_ms: 1.738829
  type: 'test'
  ...
# Subtest: incomplete patch writes a failure report before installation or any service call
ok 48 - incomplete patch writes a failure report before installation or any service call
  ---
  duration_ms: 2.958662
  type: 'test'
  ...
# Subtest: commands do not mutate environment settings, secrets or lockfiles
ok 49 - commands do not mutate environment settings, secrets or lockfiles
  ---
  duration_ms: 7.524129
  type: 'test'
  ...
# Subtest: check:runtime CLI uses the current runtime and succeeds from an unrelated cwd
ok 50 - check:runtime CLI uses the current runtime and succeeds from an unrelated cwd
  ---
  duration_ms: 151.244016
  type: 'test'
  ...
# Subtest: CI declares both release families, with no single-runtime or auto-deploy shortcut
ok 51 - CI declares both release families, with no single-runtime or auto-deploy shortcut
  ---
  duration_ms: 0.352772
  type: 'test'
  ...
1..51
# tests 51
# suites 0
# pass 51
# fail 0
# cancelled 0
# skipped 0
# todo 0
# duration_ms 494.274277
